Component: Arm Compiler for Embedded 6.19 Tool: armlink [5e73cb00]

==============================================================================

Section Cross References

    startup_stm32f407xx.o(STACK) refers (Special) to heapauxi.o(.text) for __use_two_region_memory
    startup_stm32f407xx.o(HEAP) refers (Special) to heapauxi.o(.text) for __use_two_region_memory
    startup_stm32f407xx.o(RESET) refers (Special) to heapauxi.o(.text) for __use_two_region_memory
    startup_stm32f407xx.o(RESET) refers to startup_stm32f407xx.o(STACK) for __initial_sp
    startup_stm32f407xx.o(RESET) refers to startup_stm32f407xx.o(.text) for Reset_Handler
    startup_stm32f407xx.o(RESET) refers to stm32f4xx_it.o(.text.NMI_Handler) for NMI_Handler
    startup_stm32f407xx.o(RESET) refers to stm32f4xx_it.o(.text.HardFault_Handler) for HardFault_Handler
    startup_stm32f407xx.o(RESET) refers to stm32f4xx_it.o(.text.MemManage_Handler) for MemManage_Handler
    startup_stm32f407xx.o(RESET) refers to stm32f4xx_it.o(.text.BusFault_Handler) for BusFault_Handler
    startup_stm32f407xx.o(RESET) refers to stm32f4xx_it.o(.text.UsageFault_Handler) for UsageFault_Handler
    startup_stm32f407xx.o(RESET) refers to port.o(.text.SVC_Handler) for SVC_Handler
    startup_stm32f407xx.o(RESET) refers to stm32f4xx_it.o(.text.DebugMon_Handler) for DebugMon_Handler
    startup_stm32f407xx.o(RESET) refers to port.o(.text.PendSV_Handler) for PendSV_Handler
    startup_stm32f407xx.o(RESET) refers to port.o(.text.SysTick_Handler) for SysTick_Handler
    startup_stm32f407xx.o(RESET) refers to stm32f4xx_it.o(.text.CAN1_RX0_IRQHandler) for CAN1_RX0_IRQHandler
    startup_stm32f407xx.o(RESET) refers to stm32f4xx_it.o(.text.TIM1_UP_TIM10_IRQHandler) for TIM1_UP_TIM10_IRQHandler
    startup_stm32f407xx.o(RESET) refers to stm32f4xx_it.o(.text.I2C2_EV_IRQHandler) for I2C2_EV_IRQHandler
    startup_stm32f407xx.o(RESET) refers to stm32f4xx_it.o(.text.USART1_IRQHandler) for USART1_IRQHandler
    startup_stm32f407xx.o(RESET) refers to stm32f4xx_it.o(.text.DMA2_Stream1_IRQHandler) for DMA2_Stream1_IRQHandler
    startup_stm32f407xx.o(RESET) refers to stm32f4xx_it.o(.text.DMA2_Stream2_IRQHandler) for DMA2_Stream2_IRQHandler
    startup_stm32f407xx.o(RESET) refers to stm32f4xx_it.o(.text.CAN2_RX0_IRQHandler) for CAN2_RX0_IRQHandler
    startup_stm32f407xx.o(RESET) refers to stm32f4xx_it.o(.text.DMA2_Stream6_IRQHandler) for DMA2_Stream6_IRQHandler
    startup_stm32f407xx.o(RESET) refers to stm32f4xx_it.o(.text.DMA2_Stream7_IRQHandler) for DMA2_Stream7_IRQHandler
    startup_stm32f407xx.o(RESET) refers to stm32f4xx_it.o(.text.USART6_IRQHandler) for USART6_IRQHandler
    startup_stm32f407xx.o(.text) refers (Special) to heapauxi.o(.text) for __use_two_region_memory
    startup_stm32f407xx.o(.text) refers to system_stm32f4xx.o(.text.SystemInit) for SystemInit
    startup_stm32f407xx.o(.text) refers to __main.o(!!!main) for __main
    startup_stm32f407xx.o(.text) refers to startup_stm32f407xx.o(HEAP) for Heap_Mem
    startup_stm32f407xx.o(.text) refers to startup_stm32f407xx.o(STACK) for Stack_Mem
    main.o(.text.main) refers to stm32f4xx_hal.o(.text.HAL_Init) for HAL_Init
    main.o(.text.main) refers to main.o(.text.SystemClock_Config) for SystemClock_Config
    main.o(.text.main) refers to gpio.o(.text.MX_GPIO_Init) for MX_GPIO_Init
    main.o(.text.main) refers to dma.o(.text.MX_DMA_Init) for MX_DMA_Init
    main.o(.text.main) refers to can.o(.text.MX_CAN1_Init) for MX_CAN1_Init
    main.o(.text.main) refers to usart.o(.text.MX_USART6_UART_Init) for MX_USART6_UART_Init
    main.o(.text.main) refers to i2c.o(.text.MX_I2C2_Init) for MX_I2C2_Init
    main.o(.text.main) refers to can.o(.text.MX_CAN2_Init) for MX_CAN2_Init
    main.o(.text.main) refers to usart.o(.text.MX_USART1_UART_Init) for MX_USART1_UART_Init
    main.o(.text.main) refers to bsp_can.o(.text.can_filter_init) for can_filter_init
    main.o(.text.main) refers to freertos.o(.text.MX_FREERTOS_Init) for MX_FREERTOS_Init
    main.o(.text.main) refers to cmsis_os.o(.text.osKernelStart) for osKernelStart
    main.o(.ARM.exidx.text.main) refers to main.o(.text.main) for [Anonymous Symbol]
    main.o(.text.SystemClock_Config) refers to stm32f4xx_hal_rcc.o(.text.HAL_RCC_OscConfig) for HAL_RCC_OscConfig
    main.o(.text.SystemClock_Config) refers to stm32f4xx_hal_rcc.o(.text.HAL_RCC_ClockConfig) for HAL_RCC_ClockConfig
    main.o(.ARM.exidx.text.SystemClock_Config) refers to main.o(.text.SystemClock_Config) for [Anonymous Symbol]
    main.o(.ARM.exidx.text.Error_Handler) refers to main.o(.text.Error_Handler) for [Anonymous Symbol]
    main.o(.text.HAL_TIM_PeriodElapsedCallback) refers to stm32f4xx_hal.o(.text.HAL_IncTick) for HAL_IncTick
    main.o(.ARM.exidx.text.HAL_TIM_PeriodElapsedCallback) refers to main.o(.text.HAL_TIM_PeriodElapsedCallback) for [Anonymous Symbol]
    gpio.o(.ARM.exidx.text.MX_GPIO_Init) refers to gpio.o(.text.MX_GPIO_Init) for [Anonymous Symbol]
[...]
    .L_MergedGlobals                         0x200001f8   Data           8  port.o(.bss..L_MergedGlobals)
    ucMaxSysCallPriority                     0x200001f8   Data           1  port.o(.bss..L_MergedGlobals)
    [Anonymous Symbol]                       0x200001f8   Section        0  port.o(.bss..L_MergedGlobals)
    ulMaxPRIGROUPValue                       0x200001fc   Data           4  port.o(.bss..L_MergedGlobals)
    .L_MergedGlobals.1                       0x20000200   Data          40  tasks.o(.bss..L_MergedGlobals.1)
    xDelayedTaskList1                        0x20000200   Data          20  tasks.o(.bss..L_MergedGlobals.1)
    [Anonymous Symbol]                       0x20000200   Section        0  tasks.o(.bss..L_MergedGlobals.1)
    xDelayedTaskList2                        0x20000214   Data          20  tasks.o(.bss..L_MergedGlobals.1)
    .L_MergedGlobals.1                       0x20000228   Data          72  motortask.o(.bss..L_MergedGlobals.1)
    [Anonymous Symbol]                       0x20000228   Section        0  motortask.o(.bss..L_MergedGlobals.1)
    HAL_RCC_CAN1_CLK_ENABLED                 0x20000270   Data           4  can.o(.bss.HAL_RCC_CAN1_CLK_ENABLED)
    [Anonymous Symbol]                       0x20000270   Section        0  can.o(.bss.HAL_RCC_CAN1_CLK_ENABLED)
    pxReadyTasksLists                        0x20000960   Data         140  tasks.o(.bss.pxReadyTasksLists)
    [Anonymous Symbol]                       0x20000960   Section        0  tasks.o(.bss.pxReadyTasksLists)
    ucHeap                                   0x200009f4   Data       15360  heap_4.o(.bss.ucHeap)
    [Anonymous Symbol]                       0x200009f4   Section        0  heap_4.o(.bss.ucHeap)
    xIdleStack                               0x200045f8   Data         512  freertos.o(.bss.xIdleStack)
    [Anonymous Symbol]                       0x200045f8   Section        0  freertos.o(.bss.xIdleStack)
    xIdleTaskTCBBuffer                       0x200047f8   Data          84  freertos.o(.bss.xIdleTaskTCBBuffer)
    [Anonymous Symbol]                       0x200047f8   Section        0  freertos.o(.bss.xIdleTaskTCBBuffer)
    Heap_Mem                                 0x20004850   Data         512  startup_stm32f407xx.o(HEAP)
    HEAP                                     0x20004850   Section      512  startup_stm32f407xx.o(HEAP)
    Stack_Mem                                0x20004a50   Data        1024  startup_stm32f407xx.o(STACK)
    STACK                                    0x20004a50   Section     1024  startup_stm32f407xx.o(STACK)
    __initial_sp                             0x20004e50   Data           0  startup_stm32f407xx.o(STACK)

    Global Symbols

    Symbol Name                              Value     Ov Type        Size  Object(Section)

    BuildAttributes$$THM_ISAv4$E$P$D$K$B$S$7EM$VFPi3$EXTD16$VFPS$VFMA$PE$A:L22UL41UL21$X:L11$S22US41US21$IEEE1$IW$~IW$USESV6$~STKCKD$USESV7$~SHL$OTIME$ROPI$IEEEJ$EBA8$UX$STANDARDLIB$REQ8$PRES8$EABIv2 0x00000000   Number         0  anon$$obj.o ABSOLUTE
    __ARM_exceptions_init                     - Undefined Weak Reference
    __alloca_initialize                       - Undefined Weak Reference
    __arm_preinit_                            - Undefined Weak Reference
    __arm_relocate_pie_                       - Undefined Weak Reference
    __cpp_initialize__aeabi_                  - Undefined Weak Reference
    __cxa_finalize                            - Undefined Weak Reference
    __rt_locale                               - Undefined Weak Reference
    __sigvec_lookup                           - Undefined Weak Reference
    _atexit_init                              - Undefined Weak Reference
    _call_atexit_fns                          - Undefined Weak Reference
    _clock_init                               - Undefined Weak Reference
    _fp_trap_init                             - Undefined Weak Reference
    _fp_trap_shutdown                         - Undefined Weak Reference
    _get_lc_collate                           - Undefined Weak Reference
    _get_lc_ctype                             - Undefined Weak Reference
    _get_lc_monetary                          - Undefined Weak Reference
    _get_lc_numeric                           - Undefined Weak Reference
    _get_lc_time                              - Undefined Weak Reference
    _getenv_init                              - Undefined Weak Reference
    _handle_redirection                       - Undefined Weak Reference
    _init_alloc                               - Undefined Weak Reference
    _init_user_alloc                          - Undefined Weak Reference
    _initio                                   - Undefined Weak Reference
    _rand_init                                - Undefined Weak Reference
    _signal_finish                            - Undefined Weak Reference
    _signal_init                              - Undefined Weak Reference
    _terminate_alloc                          - Undefined Weak Reference
    _terminate_user_alloc                     - Undefined Weak Reference
    _terminateio                              - Undefined Weak Reference
    __Vectors_Size                           0x00000188   Number         0  startup_stm32f407xx.o ABSOLUTE
    __Vectors                                0x08000000   Data           4  startup_stm32f407xx.o(RESET)
    __Vectors_End                            0x08000188   Data           0  startup_stm32f407xx.o(RESET)
    __main                                   0x08000189   Thumb Code     8  __main.o(!!!main)
    __scatterload                            0x08000191   Thumb Code     0  __scatter.o(!!!scatter)
    __scatterload_rt2                        0x08000191   Thumb Code    44  __scatter.o(!!!scatter)
    __scatterload_rt2_thumb_only             0x08000191   Thumb Code     0  __scatter.o(!!!scatter)
    __scatterload_null                       0x0800019f   Thumb Code     0  __scatter.o(!!!scatter)
    __scatterload_copy                       0x080001c5   Thumb Code    26  __scatter_copy.o(!!handler_copy)
    __scatterload_zeroinit                   0x080001e1   Thumb Code    28  __scatter_zi.o(!!handler_zi)
    __rt_lib_init                            0x080001fd   Thumb Code     0  libinit.o(.ARM.Collect$$libinit$$00000000)
    __rt_lib_init_fp_1                       0x080001ff   Thumb Code     0  libinit2.o(.ARM.Collect$$libinit$$00000001)
    __rt_lib_init_alloca_1                   0x08000203   Thumb Code     0  libinit2.o(.ARM.Collect$$libinit$$00000030)
    __rt_lib_init_argv_1                     0x08000203   Thumb Code     0  libinit2.o(.ARM.Collect$$libinit$$0000002E)
    __rt_lib_init_atexit_1                   0x08000203   Thumb Code     0  libinit2.o(.ARM.Collect$$libinit$$0000001D)
    __rt_lib_init_clock_1                    0x08000203   Thumb Code     0  libinit2.o(.ARM.Collect$$libinit$$00000023)
    __rt_lib_init_cpp_1                      0x08000203   Thumb Code     0  libinit2.o(.ARM.Collect$$libinit$$00000034)
    __rt_lib_init_exceptions_1               0x08000203   Thumb Code     0  libinit2.o(.ARM.Collect$$libinit$$00000032)
    __rt_lib_init_fp_trap_1                  0x08000203   Thumb Code     0  libinit2.o(.ARM.Collect$$libinit$$00000021)
    __rt_lib_init_getenv_1                   0x08000203   Thumb Code     0  libinit2.o(.ARM.Collect$$libinit$$00000025)
    __rt_lib_init_heap_1                     0x08000203   Thumb Code     0  libinit2.o(.ARM.Collect$$libinit$$0000000C)
    __rt_lib_init_lc_collate_1               0x08000203   Thumb Code     0  libinit2.o(.ARM.Collect$$libinit$$00000013)
    __rt_lib_init_lc_ctype_1                 0x08000203   Thumb Code     0  libinit2.o(.ARM.Collect$$libinit$$00000015)
    __rt_lib_init_lc_monetary_1              0x08000203   Thumb Code     0  libinit2.o(.ARM.Collect$$libinit$$00000017)
    __rt_lib_init_lc_numeric_1               0x08000203   Thumb Code     0  libinit2.o(.ARM.Collect$$libinit$$00000019)
    __rt_lib_init_lc_time_1                  0x08000203   Thumb Code     0  libinit2.o(.ARM.Collect$$libinit$$0000001B)
    __rt_lib_init_preinit_1                  0x08000203   Thumb Code     0  libinit2.o(.ARM.Collect$$libinit$$00000006)
    __rt_lib_init_rand_1                     0x08000203   Thumb Code     0  libinit2.o(.ARM.Collect$$libinit$$00000010)
    __rt_lib_init_relocate_pie_1             0x08000203   Thumb Code     0  libinit2.o(.ARM.Collect$$libinit$$00000004)
    __rt_lib_init_return                     0x08000203   Thumb Code     0  libinit2.o(.ARM.Collect$$libinit$$00000035)
    __rt_lib_init_signal_1                   0x08000203   Thumb Code     0  libinit2.o(.ARM.Collect$$libinit$$0000001F)
    __rt_lib_init_stdio_1                    0x08000203   Thumb Code     0  libinit2.o(.ARM.Collect$$libinit$$00000027)
    __rt_lib_init_user_alloc_1               0x08000203   Thumb Code     0  libinit2.o(.ARM.Collect$$libinit$$0000000E)
    __rt_lib_shutdown                        0x08000205   Thumb Code     0  libshutdown.o(.ARM.Collect$$libshutdown$$00000000)
    __rt_lib_shutdown_cpp_1                  0x08000207   Thumb Code     0  libshutdown2.o(.ARM.Collect$$libshutdown$$00000002)
    __rt_lib_shutdown_fp_trap_1              0x08000207   Thumb Code     0  libshutdown2.o(.ARM.Collect$$libshutdown$$00000007)
    __rt_lib_shutdown_heap_1                 0x08000207   Thumb Code     0  libshutdown2.o(.ARM.Collect$$libshutdown$$0000000F)
    __rt_lib_shutdown_return                 0x08000207   Thumb Code     0  libshutdown2.o(.ARM.Collect$$libshutdown$$00000010)
    __rt_lib_shutdown_signal_1               0x08000207   Thumb Code     0  libshutdown2.o(.ARM.Collect$$libshutdown$$0000000A)
    __rt_lib_shutdown_stdio_1                0x08000207   Thumb Code     0  libshutdown2.o(.ARM.Collect$$libshutdown$$00000004)
    __rt_lib_shutdown_user_alloc_1           0x08000207   Thumb Code     0  libshutdown2.o(.ARM.Collect$$libshutdown$$0000000C)
    __rt_entry                               0x08000209   Thumb Code     0  __rtentry.o(.ARM.Collect$$rtentry$$00000000)
    __rt_entry_presh_1                       0x08000209   Thumb Code     0  __rtentry2.o(.ARM.Collect$$rtentry$$00000002)
    __rt_entry_sh                            0x08000209   Thumb Code     0  __rtentry4.o(.ARM.Collect$$rtentry$$00000004)
    __rt_entry_li                            0x0800020f   Thumb Code     0  __rtentry2.o(.ARM.Collect$$rtentry$$0000000A)
    __rt_entry_postsh_1                      0x0800020f   Thumb Code     0  __rtentry2.o(.ARM.Collect$$rtentry$$00000009)
    __rt_entry_main                          0x08000213   Thumb Code     0  __rtentry2.o(.ARM.Collect$$rtentry$$0000000D)
    __rt_entry_postli_1                      0x08000213   Thumb Code     0  __rtentry2.o(.ARM.Collect$$rtentry$$0000000C)
    __rt_exit                                0x0800021b   Thumb Code     0  rtexit.o(.ARM.Collect$$rtexit$$00000000)
    __rt_exit_ls                             0x0800021d   Thumb Code     0  rtexit2.o(.ARM.Collect$$rtexit$$00000003)
    __rt_exit_prels_1                        0x0800021d   Thumb Code     0  rtexit2.o(.ARM.Collect$$rtexit$$00000002)
    __rt_exit_exit                           0x08000221   Thumb Code     0  rtexit2.o(.ARM.Collect$$rtexit$$00000004)
    Reset_Handler                            0x08000229   Thumb Code     8  startup_stm32f407xx.o(.text)
    ADC_IRQHandler                           0x08000243   Thumb Code     0  startup_stm32f407xx.o(.text)
    CAN1_RX1_IRQHandler                      0x08000243   Thumb Code     0  startup_stm32f407xx.o(.text)
    CAN1_SCE_IRQHandler                      0x08000243   Thumb Code     0  startup_stm32f407xx.o(.text)
    CAN1_TX_IRQHandler                       0x08000243   Thumb Code     0  startup_stm32f407xx.o(.text)
    CAN2_RX1_IRQHandler                      0x08000243   Thumb Code     0  startup_stm32f407xx.o(.text)
    CAN2_SCE_IRQHandler                      0x08000243   Thumb Code     0  startup_stm32f407xx.o(.text)
    CAN2_TX_IRQHandler                       0x08000243   Thumb Code     0  startup_stm32f407xx.o(.text)
    DCMI_IRQHandler                          0x08000243   Thumb Code     0  startup_stm32f407xx.o(.text)
    DMA1_Stream0_IRQHandler                  0x08000243   Thumb Code     0  startup_stm32f407xx.o(.text)
    DMA1_Stream1_IRQHandler                  0x08000243   Thumb Code     0  startup_stm32f407xx.o(.text)
    DMA1_Stream2_IRQHandler                  0x08000243   Thumb Code     0  startup_stm32f407xx.o(.text)
    DMA1_Stream3_IRQHandler                  0x08000243   Thumb Code     0  startup_stm32f407xx.o(.text)
    DMA1_Stream4_IRQHandler                  0x08000243   Thumb Code     0  startup_stm32f407xx.o(.text)
    DMA1_Stream5_IRQHandler                  0x08000243   Thumb Code     0  startup_stm32f407xx.o(.text)
    DMA1_Stream6_IRQHandler                  0x08000243   Thumb Code     0  startup_stm32f407xx.o(.text)
    DMA1_Stream7_IRQHandler                  0x08000243   Thumb Code     0  startup_stm32f407xx.o(.text)
    DMA2_Stream0_IRQHandler                  0x08000243   Thumb Code     0  startup_stm32f407xx.o(.text)
    DMA2_Stream3_IRQHandler                  0x08000243   Thumb Code     0  startup_stm32f407xx.o(.text)
    DMA2_Stream4_IRQHandler                  0x08000243   Thumb Code     0  startup_stm32f407xx.o(.text)
    DMA2_Stream5_IRQHandler                  0x08000243   Thumb Code     0  startup_stm32f407xx.o(.text)
    ETH_IRQHandler                           0x08000243   Thumb Code     0  startup_stm32f407xx.o(.text)
    ETH_WKUP_IRQHandler                      0x08000243   Thumb Code     0  startup_stm32f407xx.o(.text)
    EXTI0_IRQHandler                         0x08000243   Thumb Code     0  startup_stm32f407xx.o(.text)
    EXTI15_10_IRQHandler                     0x08000243   Thumb Code     0  startup_stm32f407xx.o(.text)
    EXTI1_IRQHandler                         0x08000243   Thumb Code     0  startup_stm32f407xx.o(.text)
    EXTI2_IRQHandler                         0x08000243   Thumb Code     0  startup_stm32f407xx.o(.text)
    EXTI3_IRQHandler                         0x08000243   Thumb Code     0  startup_stm32f407xx.o(.text)
    EXTI4_IRQHandler                         0x08000243   Thumb Code     0  startup_stm32f407xx.o(.text)
    EXTI9_5_IRQHandler                       0x08000243   Thumb Code     0  startup_stm32f407xx.o(.text)
    FLASH_IRQHandler                         0x08000243   Thumb Code     0  startup_stm32f407xx.o(.text)
    FMC_IRQHandler                           0x08000243   Thumb Code     0  startup_stm32f407xx.o(.text)
    FPU_IRQHandler                           0x08000243   Thumb Code     0  startup_stm32f407xx.o(.text)
    HASH_RNG_IRQHandler                      0x08000243   Thumb Code     0  startup_stm32f407xx.o(.text)
    I2C1_ER_IRQHandler                       0x08000243   Thumb Code     0  startup_stm32f407xx.o(.text)
    I2C1_EV_IRQHandler                       0x08000243   Thumb Code     0  startup_stm32f407xx.o(.text)
    I2C2_ER_IRQHandler                       0x08000243   Thumb Code     0  startup_stm32f407xx.o(.text)
    I2C3_ER_IRQHandler                       0x08000243   Thumb Code     0  startup_stm32f407xx.o(.text)
    I2C3_EV_IRQHandler                       0x08000243   Thumb Code     0  startup_stm32f407xx.o(.text)
    OTG_FS_IRQHandler                        0x08000243   Thumb Code     0  startup_stm32f407xx.o(.text)
    OTG_FS_WKUP_IRQHandler                   0x08000243   Thumb Code     0  startup_stm32f407xx.o(.text)
    OTG_HS_EP1_IN_IRQHandler                 0x08000243   Thumb Code     0  startup_stm32f407xx.o(.text)
    OTG_HS_EP1_OUT_IRQHandler                0x08000243   Thumb Code     0  startup_stm32f407xx.o(.text)
    OTG_HS_IRQHandler                        0x08000243   Thumb Code     0  startup_stm32f407xx.o(.text)
    OTG_HS_WKUP_IRQHandler                   0x08000243   Thumb Code     0  startup_stm32f407xx.o(.text)
    PVD_IRQHandler                           0x08000243   Thumb Code     0  startup_stm32f407xx.o(.text)
    RCC_IRQHandler                           0x08000243   Thumb Code     0  startup_stm32f407xx.o(.text)
    RTC_Alarm_IRQHandler                     0x08000243   Thumb Code     0  startup_stm32f407xx.o(.text)
    RTC_WKUP_IRQHandler                      0x08000243   Thumb Code     0  startup_stm32f407xx.o(.text)
    SDIO_IRQHandler                          0x08000243   Thumb Code     0  startup_stm32f407xx.o(.text)
    SPI1_IRQHandler                          0x08000243   Thumb Code     0  startup_stm32f407xx.o(.text)
    SPI2_IRQHandler                          0x08000243   Thumb Code     0  startup_stm32f407xx.o(.text)
    SPI3_IRQHandler                          0x08000243   Thumb Code     0  startup_stm32f407xx.o(.text)
    TAMP_STAMP_IRQHandler                    0x08000243   Thumb Code     0  startup_stm32f407xx.o(.text)
    TIM1_BRK_TIM9_IRQHandler                 0x08000243   Thumb Code     0  startup_stm32f407xx.o(.text)
    TIM1_CC_IRQHandler                       0x08000243   Thumb Code     0  startup_stm32f407xx.o(.text)
    TIM1_TRG_COM_TIM11_IRQHandler            0x08000243   Thumb Code     0  startup_stm32f407xx.o(.text)
    TIM2_IRQHandler                          0x08000243   Thumb Code     0  startup_stm32f407xx.o(.text)
    TIM3_IRQHandler                          0x08000243   Thumb Code     0  startup_stm32f407xx.o(.text)
    TIM4_IRQHandler                          0x08000243   Thumb Code     0  startup_stm32f407xx.o(.text)
    TIM5_IRQHandler                          0x08000243   Thumb Code     0  startup_stm32f407xx.o(.text)
    TIM6_DAC_IRQHandler                      0x08000243   Thumb Code     0  startup_stm32f407xx.o(.text)
    TIM7_IRQHandler                          0x08000243   Thumb Code     0  startup_stm32f407xx.o(.text)
    TIM8_BRK_TIM12_IRQHandler                0x08000243   Thumb Code     0  startup_stm32f407xx.o(.text)
    TIM8_CC_IRQHandler                       0x08000243   Thumb Code     0  startup_stm32f407xx.o(.text)
    TIM8_TRG_COM_TIM14_IRQHandler            0x08000243   Thumb Code     0  startup_stm32f407xx.o(.text)
    TIM8_UP_TIM13_IRQHandler                 0x08000243   Thumb Code     0  startup_stm32f407xx.o(.text)
    UART4_IRQHandler                         0x08000243   Thumb Code     0  startup_stm32f407xx.o(.text)
    UART5_IRQHandler                         0x08000243   Thumb Code     0  startup_stm32f407xx.o(.text)
    USART2_IRQHandler                        0x08000243   Thumb Code     0  startup_stm32f407xx.o(.text)
    USART3_IRQHandler                        0x08000243   Thumb Code     0  startup_stm32f407xx.o(.text)
    WWDG_IRQHandler                          0x08000243   Thumb Code     0  startup_stm32f407xx.o(.text)
    __user_initial_stackheap                 0x08000245   Thumb Code     0  startup_stm32f407xx.o(.text)
    __aeabi_uldivmod                         0x08000269   Thumb Code     0  lludivv7m.o(.text)
    _ll_udiv                                 0x08000269   Thumb Code   240  lludivv7m.o(.text)
    __aeabi_memclr4                          0x08000359   Thumb Code     0  rt_memclr_w.o(.text)
    __aeabi_memclr8                          0x08000359   Thumb Code     0  rt_memclr_w.o(.text)
    __rt_memclr_w                            0x08000359   Thumb Code     0  rt_memclr_w.o(.text)
    _memset_w                                0x0800035d   Thumb Code    74  rt_memclr_w.o(.text)
    __use_two_region_memory                  0x080003a7   Thumb Code     2  heapauxi.o(.text)
    __rt_heap_escrow$2region                 0x080003a9   Thumb Code     2  heapauxi.o(.text)
    __rt_heap_expand$2region                 0x080003ab   Thumb Code     2  heapauxi.o(.text)
    __read_errno                             0x080003ad   Thumb Code    10  _rserrno.o(.text)
    __set_errno                              0x080003b7   Thumb Code    12  _rserrno.o(.text)
    __aeabi_errno_addr                       0x080003c5   Thumb Code     8  rt_errno_addr_intlibspace.o(.text)
    __errno$intlibspace                      0x080003c5   Thumb Code     0  rt_errno_addr_intlibspace.o(.text)
    __rt_errno_addr$intlibspace              0x080003c5   Thumb Code     0  rt_errno_addr_intlibspace.o(.text)
    __user_libspace                          0x080003cd   Thumb Code     8  libspace.o(.text)
    __user_perproc_libspace                  0x080003cd   Thumb Code     0  libspace.o(.text)
    __user_perthread_libspace                0x080003cd   Thumb Code     0  libspace.o(.text)
    __user_setup_stackheap                   0x080003d5   Thumb Code    74  sys_stackheap_outer.o(.text)
    exit                                     0x0800041f   Thumb Code    18  exit.o(.text)
    _sys_exit                                0x08000431   Thumb Code     8  sys_exit.o(.text)
    __I$use$semihosting                      0x0800043d   Thumb Code     0  use_no_semi.o(.text)
    __use_no_semihosting_swi                 0x0800043d   Thumb Code     2  use_no_semi.o(.text)
    __semihosting_library_function           0x0800043f   Thumb Code     0  indicate_semi.o(.text)
    BusFault_Handler                         0x08000441   Thumb Code     2  stm32f4xx_it.o(.text.BusFault_Handler)
    CAN1_RX0_IRQHandler                      0x08000445   Thumb Code    12  stm32f4xx_it.o(.text.CAN1_RX0_IRQHandler)
    CAN2_RX0_IRQHandler                      0x08000451   Thumb Code    12  stm32f4xx_it.o(.text.CAN2_RX0_IRQHandler)
    DJIMoto_State_Init                       0x0800045d   Thumb Code    32  djimotodriver.o(.text.DJIMoto_State_Init)
    DJI_SaveMotoMsg                          0x0800047d   Thumb Code    60  djimotodriver.o(.text.DJI_SaveMotoMsg)
    DMA2_Stream1_IRQHandler                  0x080004b9   Thumb Code    12  stm32f4xx_it.o(.text.DMA2_Stream1_IRQHandler)
    DMA2_Stream2_IRQHandler                  0x080004c5   Thumb Code    12  stm32f4xx_it.o(.text.DMA2_Stream2_IRQHandler)
    DMA2_Stream6_IRQHandler                  0x080004d1   Thumb Code    12  stm32f4xx_it.o(.text.DMA2_Stream6_IRQHandler)
    DMA2_Stream7_IRQHandler                  0x080004dd   Thumb Code    12  stm32f4xx_it.o(.text.DMA2_Stream7_IRQHandler)
    DebugMon_Handler                         0x080004e9   Thumb Code     2  stm32f4xx_it.o(.text.DebugMon_Handler)
    Error_Handler                            0x080004ed   Thumb Code     6  main.o(.text.Error_Handler)
    HAL_CAN_ActivateNotification             0x080004f5   Thumb Code    46  stm32f4xx_hal_can.o(.text.HAL_CAN_ActivateNotification)
    HAL_CAN_AddTxMessage                     0x08000525   Thumb Code   168  stm32f4xx_hal_can.o(.text.HAL_CAN_AddTxMessage)
    HAL_CAN_ConfigFilter                     0x080005cd   Thumb Code   222  stm32f4xx_hal_can.o(.text.HAL_CAN_ConfigFilter)
    HAL_CAN_ErrorCallback                    0x080006ad   Thumb Code     2  stm32f4xx_hal_can.o(.text.HAL_CAN_ErrorCallback)
    HAL_CAN_GetRxMessage                     0x080006b1   Thumb Code   308  stm32f4xx_hal_can.o(.text.HAL_CAN_GetRxMessage)
    HAL_CAN_IRQHandler                       0x080007e5   Thumb Code   606  stm32f4xx_hal_can.o(.text.HAL_CAN_IRQHandler)
    HAL_CAN_Init                             0x08000a45   Thumb Code   244  stm32f4xx_hal_can.o(.text.HAL_CAN_Init)
    HAL_CAN_MspInit                          0x08000b39   Thumb Code   286  can.o(.text.HAL_CAN_MspInit)
    HAL_CAN_RxFifo0FullCallback              0x08000c59   Thumb Code     2  stm32f4xx_hal_can.o(.text.HAL_CAN_RxFifo0FullCallback)
    HAL_CAN_RxFifo0MsgPendingCallback        0x08000c5d   Thumb Code    62  motortask.o(.text.HAL_CAN_RxFifo0MsgPendingCallback)
    HAL_CAN_RxFifo1FullCallback              0x08000c9d   Thumb Code     2  stm32f4xx_hal_can.o(.text.HAL_CAN_RxFifo1FullCallback)
    HAL_CAN_RxFifo1MsgPendingCallback        0x08000ca1   Thumb Code     2  stm32f4xx_hal_can.o(.text.HAL_CAN_RxFifo1MsgPendingCallback)
    HAL_CAN_SleepCallback                    0x08000ca5   Thumb Code     2  stm32f4xx_hal_can.o(.text.HAL_CAN_SleepCallback)
    HAL_CAN_Start                            0x08000ca9   Thumb Code    90  stm32f4xx_hal_can.o(.text.HAL_CAN_Start)
    HAL_CAN_TxMailbox0AbortCallback          0x08000d05   Thumb Code     2  stm32f4xx_hal_can.o(.text.HAL_CAN_TxMailbox0AbortCallback)
    HAL_CAN_TxMailbox0CompleteCallback       0x08000d09   Thumb Code     2  stm32f4xx_hal_can.o(.text.HAL_CAN_TxMailbox0CompleteCallback)
    HAL_CAN_TxMailbox1AbortCallback          0x08000d0d   Thumb Code     2  stm32f4xx_hal_can.o(.text.HAL_CAN_TxMailbox1AbortCallback)
    HAL_CAN_TxMailbox1CompleteCallback       0x08000d11   Thumb Code     2  stm32f4xx_hal_can.o(.text.HAL_CAN_TxMailbox1CompleteCallback)
    HAL_CAN_TxMailbox2AbortCallback          0x08000d15   Thumb Code     2  stm32f4xx_hal_can.o(.text.HAL_CAN_TxMailbox2AbortCallback)
    HAL_CAN_TxMailbox2CompleteCallback       0x08000d19   Thumb Code     2  stm32f4xx_hal_can.o(.text.HAL_CAN_TxMailbox2CompleteCallback)
    HAL_CAN_WakeUpFromRxMsgCallback          0x08000d1d   Thumb Code     2  stm32f4xx_hal_can.o(.text.HAL_CAN_WakeUpFromRxMsgCallback)
    HAL_DMA_Abort                            0x08000d21   Thumb Code   142  stm32f4xx_hal_dma.o(.text.HAL_DMA_Abort)
    HAL_DMA_Abort_IT                         0x08000db1   Thumb Code    36  stm32f4xx_hal_dma.o(.text.HAL_DMA_Abort_IT)
    HAL_DMA_GetState                         0x08000dd5   Thumb Code     6  stm32f4xx_hal_dma.o(.text.HAL_DMA_GetState)
    HAL_DMA_IRQHandler                       0x08000ddd   Thumb Code   448  stm32f4xx_hal_dma.o(.text.HAL_DMA_IRQHandler)
    HAL_DMA_Init                             0x08000f9d   Thumb Code   354  stm32f4xx_hal_dma.o(.text.HAL_DMA_Init)
    HAL_DMA_Start_IT                         0x08001101   Thumb Code   158  stm32f4xx_hal_dma.o(.text.HAL_DMA_Start_IT)
    HAL_GPIO_Init                            0x080011a1   Thumb Code   422  stm32f4xx_hal_gpio.o(.text.HAL_GPIO_Init)
    HAL_GetTick                              0x08001349   Thumb Code    12  stm32f4xx_hal.o(.text.HAL_GetTick)
    HAL_I2C_AbortCpltCallback                0x08001355   Thumb Code     2  stm32f4xx_hal_i2c.o(.text.HAL_I2C_AbortCpltCallback)
    HAL_I2C_AddrCallback                     0x08001359   Thumb Code     2  stm32f4xx_hal_i2c.o(.text.HAL_I2C_AddrCallback)
    HAL_I2C_EV_IRQHandler                    0x0800135d   Thumb Code  1548  stm32f4xx_hal_i2c.o(.text.HAL_I2C_EV_IRQHandler)
    HAL_I2C_ErrorCallback                    0x08001969   Thumb Code     2  stm32f4xx_hal_i2c.o(.text.HAL_I2C_ErrorCallback)
    HAL_I2C_Init                             0x0800196d   Thumb Code   374  stm32f4xx_hal_i2c.o(.text.HAL_I2C_Init)
    HAL_I2C_ListenCpltCallback               0x08001ae5   Thumb Code     2  stm32f4xx_hal_i2c.o(.text.HAL_I2C_ListenCpltCallback)
    HAL_I2C_MasterRxCpltCallback             0x08001ae9   Thumb Code     2  stm32f4xx_hal_i2c.o(.text.HAL_I2C_MasterRxCpltCallback)
    HAL_I2C_MasterTxCpltCallback             0x08001aed   Thumb Code     2  stm32f4xx_hal_i2c.o(.text.HAL_I2C_MasterTxCpltCallback)
    HAL_I2C_Master_Receive                   0x08001af1   Thumb Code   788  stm32f4xx_hal_i2c.o(.text.HAL_I2C_Master_Receive)
    HAL_I2C_Master_Transmit                  0x08001e05   Thumb Code   468  stm32f4xx_hal_i2c.o(.text.HAL_I2C_Master_Transmit)
    HAL_I2C_MemRxCpltCallback                0x08001fd9   Thumb Code     2  stm32f4xx_hal_i2c.o(.text.HAL_I2C_MemRxCpltCallback)
    HAL_I2C_MemTxCpltCallback                0x08001fdd   Thumb Code     2  stm32f4xx_hal_i2c.o(.text.HAL_I2C_MemTxCpltCallback)
    HAL_I2C_MspInit                          0x08001fe1   Thumb Code   120  i2c.o(.text.HAL_I2C_MspInit)
    HAL_I2C_SlaveRxCpltCallback              0x08002059   Thumb Code     2  stm32f4xx_hal_i2c.o(.text.HAL_I2C_SlaveRxCpltCallback)
    HAL_I2C_SlaveTxCpltCallback              0x0800205d   Thumb Code     2  stm32f4xx_hal_i2c.o(.text.HAL_I2C_SlaveTxCpltCallback)
    HAL_IncTick                              0x08002061   Thumb Code    26  stm32f4xx_hal.o(.text.HAL_IncTick)
    HAL_Init                                 0x0800207d   Thumb Code    54  stm32f4xx_hal.o(.text.HAL_Init)
    HAL_InitTick                             0x080020b5   Thumb Code   180  stm32f4xx_hal_timebase_tim.o(.text.HAL_InitTick)
    HAL_MspInit                              0x08002169   Thumb Code    66  stm32f4xx_hal_msp.o(.text.HAL_MspInit)
    HAL_NVIC_EnableIRQ                       0x080021ad   Thumb Code    38  stm32f4xx_hal_cortex.o(.text.HAL_NVIC_EnableIRQ)
    HAL_NVIC_SetPriority                     0x080021d5   Thumb Code    86  stm32f4xx_hal_cortex.o(.text.HAL_NVIC_SetPriority)
    HAL_NVIC_SetPriorityGrouping             0x0800222d   Thumb Code    32  stm32f4xx_hal_cortex.o(.text.HAL_NVIC_SetPriorityGrouping)
    HAL_RCC_ClockConfig                      0x0800224d   Thumb Code   352  stm32f4xx_hal_rcc.o(.text.HAL_RCC_ClockConfig)
    HAL_RCC_GetClockConfig                   0x080023ad   Thumb Code    62  stm32f4xx_hal_rcc.o(.text.HAL_RCC_GetClockConfig)
    HAL_RCC_GetPCLK1Freq                     0x080023ed   Thumb Code    38  stm32f4xx_hal_rcc.o(.text.HAL_RCC_GetPCLK1Freq)
    HAL_RCC_GetPCLK2Freq                     0x08002415   Thumb Code    38  stm32f4xx_hal_rcc.o(.text.HAL_RCC_GetPCLK2Freq)
    HAL_RCC_GetSysClockFreq                  0x0800243d   Thumb Code   106  stm32f4xx_hal_rcc.o(.text.HAL_RCC_GetSysClockFreq)
    HAL_RCC_OscConfig                        0x080024a9   Thumb Code   884  stm32f4xx_hal_rcc.o(.text.HAL_RCC_OscConfig)
    HAL_TIMEx_BreakCallback                  0x0800281d   Thumb Code     2  stm32f4xx_hal_tim_ex.o(.text.HAL_TIMEx_BreakCallback)
    HAL_TIMEx_CommutCallback                 0x08002821   Thumb Code     2  stm32f4xx_hal_tim_ex.o(.text.HAL_TIMEx_CommutCallback)
    HAL_TIM_Base_Init                        0x08002825   Thumb Code    90  stm32f4xx_hal_tim.o(.text.HAL_TIM_Base_Init)
    HAL_TIM_Base_MspInit                     0x08002881   Thumb Code     2  stm32f4xx_hal_tim.o(.text.HAL_TIM_Base_MspInit)
    HAL_TIM_Base_Start_IT                    0x08002885   Thumb Code   170  stm32f4xx_hal_tim.o(.text.HAL_TIM_Base_Start_IT)
    HAL_TIM_IC_CaptureCallback               0x08002931   Thumb Code     2  stm32f4xx_hal_tim.o(.text.HAL_TIM_IC_CaptureCallback)
    HAL_TIM_IRQHandler                       0x08002935   Thumb Code   334  stm32f4xx_hal_tim.o(.text.HAL_TIM_IRQHandler)
    HAL_TIM_OC_DelayElapsedCallback          0x08002a85   Thumb Code     2  stm32f4xx_hal_tim.o(.text.HAL_TIM_OC_DelayElapsedCallback)
    HAL_TIM_PWM_PulseFinishedCallback        0x08002a89   Thumb Code     2  stm32f4xx_hal_tim.o(.text.HAL_TIM_PWM_PulseFinishedCallback)
    HAL_TIM_PeriodElapsedCallback            0x08002a8d   Thumb Code    18  main.o(.text.HAL_TIM_PeriodElapsedCallback)
    HAL_TIM_TriggerCallback                  0x08002aa1   Thumb Code     2  stm32f4xx_hal_tim.o(.text.HAL_TIM_TriggerCallback)
    HAL_UARTEx_RxEventCallback               0x08002aa5   Thumb Code     2  stm32f4xx_hal_uart.o(.text.HAL_UARTEx_RxEventCallback)
    HAL_UART_ErrorCallback                   0x08002aa9   Thumb Code     2  stm32f4xx_hal_uart.o(.text.HAL_UART_ErrorCallback)
    HAL_UART_IRQHandler                      0x08002aad   Thumb Code  1412  stm32f4xx_hal_uart.o(.text.HAL_UART_IRQHandler)
    HAL_UART_Init                            0x08003031   Thumb Code    96  stm32f4xx_hal_uart.o(.text.HAL_UART_Init)
    HAL_UART_MspInit                         0x08003091   Thumb Code   542  usart.o(.text.HAL_UART_MspInit)
    HAL_UART_RxCpltCallback                  0x080032b1   Thumb Code     2  stm32f4xx_hal_uart.o(.text.HAL_UART_RxCpltCallback)
    HAL_UART_Transmit_DMA                    0x080032b5   Thumb Code   204  stm32f4xx_hal_uart.o(.text.HAL_UART_Transmit_DMA)
    HAL_UART_TxCpltCallback                  0x08003381   Thumb Code     2  stm32f4xx_hal_uart.o(.text.HAL_UART_TxCpltCallback)
    HAL_UART_TxHalfCpltCallback              0x08003385   Thumb Code     2  stm32f4xx_hal_uart.o(.text.HAL_UART_TxHalfCpltCallback)
    HardFault_Handler                        0x08003389   Thumb Code     2  stm32f4xx_it.o(.text.HardFault_Handler)
    I2C2_EV_IRQHandler                       0x0800338d   Thumb Code    12  stm32f4xx_it.o(.text.I2C2_EV_IRQHandler)
    INA226_GetPower                          0x08003f51   Thumb Code   116  ina226.o(.text.INA226_GetPower)
    INA226_init                              0x08003fc5   Thumb Code    98  ina226.o(.text.INA226_init)
    MX_CAN1_Init                             0x08004029   Thumb Code    68  can.o(.text.MX_CAN1_Init)
    MX_CAN2_Init                             0x0800406d   Thumb Code    64  can.o(.text.MX_CAN2_Init)
    MX_DMA_Init                              0x080040ad   Thumb Code   104  dma.o(.text.MX_DMA_Init)
    MX_FREERTOS_Init                         0x08004115   Thumb Code   140  freertos.o(.text.MX_FREERTOS_Init)
    MX_GPIO_Init                             0x080041a1   Thumb Code   136  gpio.o(.text.MX_GPIO_Init)
    MX_I2C2_Init                             0x08004229   Thumb Code    66  i2c.o(.text.MX_I2C2_Init)
    MX_USART1_UART_Init                      0x0800426d   Thumb Code    60  usart.o(.text.MX_USART1_UART_Init)
    MX_USART6_UART_Init                      0x080042a9   Thumb Code    60  usart.o(.text.MX_USART6_UART_Init)
    MemManage_Handler                        0x080042e5   Thumb Code     2  stm32f4xx_it.o(.text.MemManage_Handler)
    NMI_Handler                              0x080042e9   Thumb Code     2  stm32f4xx_it.o(.text.NMI_Handler)
    PID_calc                                 0x080042ed   Thumb Code   368  pid.o(.text.PID_calc)
    PID_init                                 0x0800445d   Thumb Code    46  pid.o(.text.PID_init)
    PendSV_Handler                           0x08004491   Thumb Code   100  port.o(.text.PendSV_Handler)
    SVC_Handler                              0x08004501   Thumb Code    36  port.o(.text.SVC_Handler)
    SetMoto_Current                          0x08004525   Thumb Code    92  djimotodriver.o(.text.SetMoto_Current)
    SysTick_Handler                          0x08004581   Thumb Code    46  port.o(.text.SysTick_Handler)
    SystemClock_Config                       0x080045b1   Thumb Code   168  main.o(.text.SystemClock_Config)
    SystemInit                               0x08004659   Thumb Code    18  system_stm32f4xx.o(.text.SystemInit)
    TIM1_UP_TIM10_IRQHandler                 0x0800466d   Thumb Code    12  stm32f4xx_it.o(.text.TIM1_UP_TIM10_IRQHandler)
    TIM_Base_SetConfig                       0x08004679   Thumb Code   322  stm32f4xx_hal_tim.o(.text.TIM_Base_SetConfig)
    USART1_IRQHandler                        0x08004bed   Thumb Code    12  stm32f4xx_it.o(.text.USART1_IRQHandler)
    USART6_IRQHandler                        0x08004bf9   Thumb Code    12  stm32f4xx_it.o(.text.USART6_IRQHandler)
    Update_MotoState                         0x08004c09   Thumb Code   408  djimotodriver.o(.text.Update_MotoState)
    UsageFault_Handler                       0x08004da1   Thumb Code     2  stm32f4xx_it.o(.text.UsageFault_Handler)
    VofaTask                                 0x08004da5   Thumb Code    90  vofatask.o(.text.VofaTask)
    Vofa_Send_Data3                          0x08004e01   Thumb Code    30  vofa_send.o(.text.Vofa_Send_Data3)
    can_filter_init                          0x08004e21   Thumb Code    60  bsp_can.o(.text.can_filter_init)
    main                                     0x08004e5d   Thumb Code    50  main.o(.text.main)
    motorTask                                0x08004e91   Thumb Code  1160  motortask.o(.text.motorTask)
    osKernelStart                            0x08005319   Thumb Code    10  cmsis_os.o(.text.osKernelStart)
    osThreadCreate                           0x08005325   Thumb Code    92  cmsis_os.o(.text.osThreadCreate)
    power_control_init                       0x08005381   Thumb Code    82  power_control.o(.text.power_control_init)
    power_limit                              0x080053d9   Thumb Code   788  power_control.o(.text.power_limit)
    pvPortMalloc                             0x080059f1   Thumb Code   522  heap_4.o(.text.pvPortMalloc)
    pxPortInitialiseStack                    0x08005bfd   Thumb Code    40  port.o(.text.pxPortInitialiseStack)
    uxListRemove                             0x08005c25   Thumb Code    36  list.o(.text.uxListRemove)
    vApplicationGetIdleTaskMemory            0x08005c49   Thumb Code    26  freertos.o(.text.vApplicationGetIdleTaskMemory)
    vListInitialise                          0x08005c65   Thumb Code    22  list.o(.text.vListInitialise)
    vListInitialiseItem                      0x08005c7d   Thumb Code     6  list.o(.text.vListInitialiseItem)
    vListInsert                              0x08005c85   Thumb Code    98  list.o(.text.vListInsert)
    vListInsertEnd                           0x08005ce9   Thumb Code    28  list.o(.text.vListInsertEnd)
    vPortEnterCritical                       0x08005d19   Thumb Code    70  port.o(.text.vPortEnterCritical)
    vPortExitCritical                        0x08005d61   Thumb Code    46  port.o(.text.vPortExitCritical)
    vPortFree                                0x08005d91   Thumb Code   212  heap_4.o(.text.vPortFree)
    vPortSetupTimerInterrupt                 0x08005e65   Thumb Code    52  port.o(.text.vPortSetupTimerInterrupt)
    vTaskDelay                               0x08005e99   Thumb Code   158  tasks.o(.text.vTaskDelay)
    vTaskStartScheduler                      0x08005f39   Thumb Code   196  tasks.o(.text.vTaskStartScheduler)
    vTaskSuspendAll                          0x08006005   Thumb Code    16  tasks.o(.text.vTaskSuspendAll)
    vTaskSwitchContext                       0x08006015   Thumb Code   110  tasks.o(.text.vTaskSwitchContext)
    xPortStartScheduler                      0x08006085   Thumb Code   388  port.o(.text.xPortStartScheduler)
    xTaskCreate                              0x08006209   Thumb Code    96  tasks.o(.text.xTaskCreate)
    xTaskCreateStatic                        0x08006269   Thumb Code   118  tasks.o(.text.xTaskCreateStatic)
    xTaskIncrementTick                       0x080062e1   Thumb Code   262  tasks.o(.text.xTaskIncrementTick)
    xTaskResumeAll                           0x080063e9   Thumb Code   234  tasks.o(.text.xTaskResumeAll)
    __hardfp_sqrt                            0x080064d3   Thumb Code   122  sqrt.o(i.__hardfp_sqrt)
    __aeabi_d2f                              0x0800654d   Thumb Code     0  d2f.o(x$fpl$d2f)
    _d2f                                     0x0800654d   Thumb Code    98  d2f.o(x$fpl$d2f)
    __aeabi_dadd                             0x080065b1   Thumb Code     0  daddsub_clz.o(x$fpl$dadd)
    _dadd                                    0x080065b1   Thumb Code   332  daddsub_clz.o(x$fpl$dadd)
    __fpl_dcmp_Inf                           0x08006701   Thumb Code    24  dcmpi.o(x$fpl$dcmpinf)
    __aeabi_ddiv                             0x08006719   Thumb Code     0  ddiv.o(x$fpl$ddiv)
    _ddiv                                    0x08006719   Thumb Code   556  ddiv.o(x$fpl$ddiv)
    __aeabi_cdcmpeq                          0x080069cd   Thumb Code     0  deqf.o(x$fpl$deqf)
    _dcmpeq                                  0x080069cd   Thumb Code   120  deqf.o(x$fpl$deqf)
    __aeabi_d2iz                             0x08006a45   Thumb Code     0  dfix.o(x$fpl$dfix)
    _dfix                                    0x08006a45   Thumb Code    94  dfix.o(x$fpl$dfix)
    __aeabi_i2d                              0x08006aa3   Thumb Code     0  dflt_clz.o(x$fpl$dflt)
    _dflt                                    0x08006aa3   Thumb Code    46  dflt_clz.o(x$fpl$dflt)
    __aeabi_cdcmpge                          0x08006ad1   Thumb Code     0  dgeqf.o(x$fpl$dgeqf)
    _dcmpge                                  0x08006ad1   Thumb Code   120  dgeqf.o(x$fpl$dgeqf)
    __aeabi_cdcmple                          0x08006b49   Thumb Code     0  dleqf.o(x$fpl$dleqf)
    _dcmple                                  0x08006b49   Thumb Code   120  dleqf.o(x$fpl$dleqf)
    __fpl_dcmple_InfNaN                      0x08006bab   Thumb Code     0  dleqf.o(x$fpl$dleqf)
    __aeabi_dmul                             0x08006bc1   Thumb Code     0  dmul.o(x$fpl$dmul)
    _dmul                                    0x08006bc1   Thumb Code   332  dmul.o(x$fpl$dmul)
    __fpl_dnaninf                            0x08006d15   Thumb Code   156  dnaninf.o(x$fpl$dnaninf)
    __fpl_dretinf                            0x08006db1   Thumb Code    12  dretinf.o(x$fpl$dretinf)
    _dsqrt                                   0x08006dbd   Thumb Code   404  dsqrt_umaal.o(x$fpl$dsqrt)
    __aeabi_dsub                             0x08006f55   Thumb Code     0  daddsub_clz.o(x$fpl$dsub)
    _dsub                                    0x08006f55   Thumb Code   472  daddsub_clz.o(x$fpl$dsub)
    __aeabi_f2d                              0x08007131   Thumb Code     0  f2d.o(x$fpl$f2d)
    _f2d                                     0x08007131   Thumb Code    86  f2d.o(x$fpl$f2d)
    __aeabi_dcmpeq                           0x08007187   Thumb Code     0  dcmp.o(x$fpl$fcmp)
    _deq                                     0x08007187   Thumb Code    14  dcmp.o(x$fpl$fcmp)
    _dneq                                    0x08007195   Thumb Code    14  dcmp.o(x$fpl$fcmp)
    __aeabi_dcmpgt                           0x080071a3   Thumb Code     0  dcmp.o(x$fpl$fcmp)
    _dgr                                     0x080071a3   Thumb Code    14  dcmp.o(x$fpl$fcmp)
    __aeabi_dcmpge                           0x080071b1   Thumb Code     0  dcmp.o(x$fpl$fcmp)
    _dgeq                                    0x080071b1   Thumb Code    14  dcmp.o(x$fpl$fcmp)
    __aeabi_dcmple                           0x080071bf   Thumb Code     0  dcmp.o(x$fpl$fcmp)
    _dleq                                    0x080071bf   Thumb Code    14  dcmp.o(x$fpl$fcmp)
    __aeabi_dcmplt                           0x080071cd   Thumb Code     0  dcmp.o(x$fpl$fcmp)
    _dls                                     0x080071cd   Thumb Code    14  dcmp.o(x$fpl$fcmp)
    __fpl_fnaninf                            0x080071db   Thumb Code   140  fnaninf.o(x$fpl$fnaninf)
    _fp_init                                 0x08007267   Thumb Code    26  fpinit.o(x$fpl$fpinit)
    __fplib_config_fpu_vfp                   0x0800727f   Thumb Code     0  fpinit.o(x$fpl$fpinit)
    __fplib_config_pureend_doubles           0x0800727f   Thumb Code     0  fpinit.o(x$fpl$fpinit)
    __fpl_fretinf                            0x08007281   Thumb Code    10  fretinf.o(x$fpl$fretinf)
    AHBPrescTable                            0x0800728a   Data          16  system_stm32f4xx.o(.rodata.AHBPrescTable)
    __I$use$fp                               0x0800728a   Number         0  usenofp.o(x$fpl$usenofp)
    APBPrescTable                            0x0800729a   Data           8  system_stm32f4xx.o(.rodata.APBPrescTable)
    Region$$Table$$Base                      0x080072b8   Number         0  anon$$obj.o(Region$$Table)
    Region$$Table$$Limit                     0x080072d8   Number         0  anon$$obj.o(Region$$Table)
    uwTickFreq                               0x20000000   Data           1  stm32f4xx_hal.o(.data..L_MergedGlobals)
    uwTickPrio                               0x20000004   Data           4  stm32f4xx_hal.o(.data..L_MergedGlobals)
    power_set                                0x20000008   Data           4  motortask.o(.data..L_MergedGlobals)
    v_set                                    0x2000000c   Data           4  motortask.o(.data..L_MergedGlobals)
    ina226_addr                              0x20000010   Data           8  motortask.o(.data..L_MergedGlobals)
    SystemCoreClock                          0x20000018   Data           4  system_stm32f4xx.o(.data.SystemCoreClock)
    Vofa_data_3                              0x2000001c   Data          16  vofa_send.o(.data.Vofa_data_3)
    k                                        0x20000030   Data         192  motortask.o(.data.k)
    __libspace_start                         0x200000f8   Data          96  libspace.o(.bss)
    __temporary_stack_top$libspace           0x20000158   Data           0  libspace.o(.bss)
    motorHandle                              0x20000158   Data           4  freertos.o(.bss..L_MergedGlobals)
    VofaHandle                               0x2000015c   Data           4  freertos.o(.bss..L_MergedGlobals)
    pxCurrentTCB                             0x20000160   Data           4  tasks.o(.bss..L_MergedGlobals)
    start                                    0x20000228   Data           1  motortask.o(.bss..L_MergedGlobals.1)
    time_cnt                                 0x2000022c   Data           4  motortask.o(.bss..L_MergedGlobals.1)
    give_current                             0x20000230   Data          16  motortask.o(.bss..L_MergedGlobals.1)
    power_ina226                             0x20000240   Data          16  motortask.o(.bss..L_MergedGlobals.1)
    motor_speed                              0x20000250   Data          16  motortask.o(.bss..L_MergedGlobals.1)
    pre_power                                0x20000260   Data          16  motortask.o(.bss..L_MergedGlobals.1)
    dect                                     0x20000274   Data          20  ina226.o(.bss.dect)
    hcan1                                    0x20000288   Data          40  can.o(.bss.hcan1)
    hcan2                                    0x200002b0   Data          40  can.o(.bss.hcan2)
    hdma_usart1_rx                           0x200002d8   Data          96  usart.o(.bss.hdma_usart1_rx)
    hdma_usart1_tx                           0x20000338   Data          96  usart.o(.bss.hdma_usart1_tx)
    hdma_usart6_rx                           0x20000398   Data          96  usart.o(.bss.hdma_usart6_rx)
    hdma_usart6_tx                           0x200003f8   Data          96  usart.o(.bss.hdma_usart6_tx)
    hi2c2                                    0x20000458   Data          84  i2c.o(.bss.hi2c2)
    htim1                                    0x200004ac   Data          72  stm32f4xx_hal_timebase_tim.o(.bss.htim1)
    huart1                                   0x200004f4   Data          72  usart.o(.bss.huart1)
    huart6                                   0x2000053c   Data          72  usart.o(.bss.huart6)
    ina226_data                              0x20000584   Data          12  ina226.o(.bss.ina226_data)
    motor                                    0x20000590   Data         192  motortask.o(.bss.motor)
    motor_current_pid                        0x20000650   Data          72  motortask.o(.bss.motor_current_pid)
    motor_power_pid                          0x20000698   Data          72  motortask.o(.bss.motor_power_pid)
    motor_speed_pid                          0x200006e0   Data         288  motortask.o(.bss.motor_speed_pid)
    power_2006                               0x20000800   Data         352  motortask.o(.bss.power_2006)
    rx_data_lk_and_mt                        0x200009ec   Data           8  djimotodriver.o(.bss.rx_data_lk_and_mt)
    uwTick                                   0x200045f4   Data           4  stm32f4xx_hal.o(.bss.uwTick)



==============================================================================

Memory Map of the image

  Image Entry point : 0x08000189

  Load Region LR_IROM1 (Base: 0x08000000, Size: 0x000073d0, Max: 0x00100000, ABSOLUTE)

    Execution Region ER_IROM1 (Exec base: 0x08000000, Load base: 0x08000000, Size: 0x000072d8, Max: 0x00100000, ABSOLUTE)

    Exec Addr    Load Addr    Size         Type   Attr      Idx    E Section Name        Object

    0x08000000   0x08000000   0x00000188   Data   RO            3    RESET               startup_stm32f407xx.o
    0x08000188   0x08000188   0x00000008   Code   RO         1812  * !!!main             c_w.l(__main.o)
    0x08000190   0x08000190   0x00000034   Code   RO         2051    !!!scatter          c_w.l(__scatter.o)
    0x080001c4   0x080001c4   0x0000001a   Code   RO         2053    !!handler_copy      c_w.l(__scatter_copy.o)
    0x080001de   0x080001de   0x00000002   PAD
    0x080001e0   0x080001e0   0x0000001c   Code   RO         2055    !!handler_zi        c_w.l(__scatter_zi.o)
    0x080001fc   0x080001fc   0x00000002   Code   RO         1916    .ARM.Collect$$libinit$$00000000  c_w.l(libinit.o)
    0x080001fe   0x080001fe   0x00000004   Code   RO         1925    .ARM.Collect$$libinit$$00000001  c_w.l(libinit2.o)
    0x08000202   0x08000202   0x00000000   Code   RO         1928    .ARM.Collect$$libinit$$00000004  c_w.l(libinit2.o)
    0x08000202   0x08000202   0x00000000   Code   RO         1930    .ARM.Collect$$libinit$$00000006  c_w.l(libinit2.o)
    0x08000202   0x08000202   0x00000000   Code   RO         1933    .ARM.Collect$$libinit$$0000000C  c_w.l(libinit2.o)
    0x08000202   0x08000202   0x00000000   Code   RO         1935    .ARM.Collect$$libinit$$0000000E  c_w.l(libinit2.o)
    0x08000202   0x08000202   0x00000000   Code   RO         1937    .ARM.Collect$$libinit$$00000010  c_w.l(libinit2.o)
    0x08000202   0x08000202   0x00000000   Code   RO         1940    .ARM.Collect$$libinit$$00000013  c_w.l(libinit2.o)
    0x08000202   0x08000202   0x00000000   Code   RO         1942    .ARM.Collect$$libinit$$00000015  c_w.l(libinit2.o)
    0x08000202   0x08000202   0x00000000   Code   RO         1944    .ARM.Collect$$libinit$$00000017  c_w.l(libinit2.o)
    0x08000202   0x08000202   0x00000000   Code   RO         1946    .ARM.Collect$$libinit$$00000019  c_w.l(libinit2.o)
    0x08000202   0x08000202   0x00000000   Code   RO         1948    .ARM.Collect$$libinit$$0000001B  c_w.l(libinit2.o)
    0x08000202   0x08000202   0x00000000   Code   RO         1950    .ARM.Collect$$libinit$$0000001D  c_w.l(libinit2.o)
    0x08000202   0x08000202   0x00000000   Code   RO         1952    .ARM.Collect$$libinit$$0000001F  c_w.l(libinit2.o)
    0x08000202   0x08000202   0x00000000   Code   RO         1954    .ARM.Collect$$libinit$$00000021  c_w.l(libinit2.o)
    0x08000202   0x08000202   0x00000000   Code   RO         1956    .ARM.Collect$$libinit$$00000023  c_w.l(libinit2.o)
    0x08000202   0x08000202   0x00000000   Code   RO         1958    .ARM.Collect$$libinit$$00000025  c_w.l(libinit2.o)
    0x08000202   0x08000202   0x00000000   Code   RO         1960    .ARM.Collect$$libinit$$00000027  c_w.l(libinit2.o)
    0x08000202   0x08000202   0x00000000   Code   RO         1964    .ARM.Collect$$libinit$$0000002E  c_w.l(libinit2.o)
    0x08000202   0x08000202   0x00000000   Code   RO         1966    .ARM.Collect$$libinit$$00000030  c_w.l(libinit2.o)
    0x08000202   0x08000202   0x00000000   Code   RO         1968    .ARM.Collect$$libinit$$00000032  c_w.l(libinit2.o)
    0x08000202   0x08000202   0x00000000   Code   RO         1970    .ARM.Collect$$libinit$$00000034  c_w.l(libinit2.o)
    0x08000202   0x08000202   0x00000002   Code   RO         1971    .ARM.Collect$$libinit$$00000035  c_w.l(libinit2.o)
    0x08000204   0x08000204   0x00000002   Code   RO         2006    .ARM.Collect$$libshutdown$$00000000  c_w.l(libshutdown.o)
    0x08000206   0x08000206   0x00000000   Code   RO         2034    .ARM.Collect$$libshutdown$$00000002  c_w.l(libshutdown2.o)
    0x08000206   0x08000206   0x00000000   Code   RO         2036    .ARM.Collect$$libshutdown$$00000004  c_w.l(libshutdown2.o)
    0x08000206   0x08000206   0x00000000   Code   RO         2039    .ARM.Collect$$libshutdown$$00000007  c_w.l(libshutdown2.o)
    0x08000206   0x08000206   0x00000000   Code   RO         2042    .ARM.Collect$$libshutdown$$0000000A  c_w.l(libshutdown2.o)
    0x08000206   0x08000206   0x00000000   Code   RO         2044    .ARM.Collect$$libshutdown$$0000000C  c_w.l(libshutdown2.o)
    0x08000206   0x08000206   0x00000000   Code   RO         2047    .ARM.Collect$$libshutdown$$0000000F  c_w.l(libshutdown2.o)
    0x08000206   0x08000206   0x00000002   Code   RO         2048    .ARM.Collect$$libshutdown$$00000010  c_w.l(libshutdown2.o)
    0x08000208   0x08000208   0x00000000   Code   RO         1848    .ARM.Collect$$rtentry$$00000000  c_w.l(__rtentry.o)
    0x08000208   0x08000208   0x00000000   Code   RO         1877    .ARM.Collect$$rtentry$$00000002  c_w.l(__rtentry2.o)
    0x08000208   0x08000208   0x00000006   Code   RO         1889    .ARM.Collect$$rtentry$$00000004  c_w.l(__rtentry4.o)
    0x0800020e   0x0800020e   0x00000000   Code   RO         1879    .ARM.Collect$$rtentry$$00000009  c_w.l(__rtentry2.o)
    0x0800020e   0x0800020e   0x00000004   Code   RO         1880    .ARM.Collect$$rtentry$$0000000A  c_w.l(__rtentry2.o)
    0x08000212   0x08000212   0x00000000   Code   RO         1882    .ARM.Collect$$rtentry$$0000000C  c_w.l(__rtentry2.o)
    0x08000212   0x08000212   0x00000008   Code   RO         1883    .ARM.Collect$$rtentry$$0000000D  c_w.l(__rtentry2.o)
    0x0800021a   0x0800021a   0x00000002   Code   RO         1917    .ARM.Collect$$rtexit$$00000000  c_w.l(rtexit.o)
    0x0800021c   0x0800021c   0x00000000   Code   RO         1977    .ARM.Collect$$rtexit$$00000002  c_w.l(rtexit2.o)
    0x0800021c   0x0800021c   0x00000004   Code   RO         1978    .ARM.Collect$$rtexit$$00000003  c_w.l(rtexit2.o)
    0x08000220   0x08000220   0x00000006   Code   RO         1979    .ARM.Collect$$rtexit$$00000004  c_w.l(rtexit2.o)
    0x08000226   0x08000226   0x00000002   PAD
    0x08000228   0x08000228   0x00000040   Code   RO            4    .text               startup_stm32f407xx.o
    0x08000268   0x08000268   0x000000f0   Code   RO         1802    .text               c_w.l(lludivv7m.o)
    0x08000358   0x08000358   0x0000004e   Code   RO         1808    .text               c_w.l(rt_memclr_w.o)
    0x080003a6   0x080003a6   0x00000006   Code   RO         1810    .text               c_w.l(heapauxi.o)
    0x080003ac   0x080003ac   0x00000016   Code   RO         1853    .text               c_w.l(_rserrno.o)
    0x080003c2   0x080003c2   0x00000002   PAD
    0x080003c4   0x080003c4   0x00000008   Code   RO         1896    .text               c_w.l(rt_errno_addr_intlibspace.o)
    0x080003cc   0x080003cc   0x00000008   Code   RO         1900    .text               c_w.l(libspace.o)
    0x080003d4   0x080003d4   0x0000004a   Code   RO         1903    .text               c_w.l(sys_stackheap_outer.o)
    0x0800041e   0x0800041e   0x00000012   Code   RO         1905    .text               c_w.l(exit.o)
    0x08000430   0x08000430   0x0000000c   Code   RO         1972    .text               c_w.l(sys_exit.o)
    0x0800043c   0x0800043c   0x00000002   Code   RO         1995    .text               c_w.l(use_no_semi.o)
    0x0800043e   0x0800043e   0x00000000   Code   RO         1997    .text               c_w.l(indicate_semi.o)
    0x0800043e   0x0800043e   0x00000002   PAD
    0x08000440   0x08000440   0x00000002   Code   RO          127    .text.BusFault_Handler  stm32f4xx_it.o
    0x08000442   0x08000442   0x00000002   PAD
    0x08000444   0x08000444   0x0000000c   Code   RO          133    .text.CAN1_RX0_IRQHandler  stm32f4xx_it.o
    0x08000450   0x08000450   0x0000000c   Code   RO          145    .text.CAN2_RX0_IRQHandler  stm32f4xx_it.o
    0x0800045c   0x0800045c   0x00000020   Code   RO         1737    .text.DJIMoto_State_Init  djimotodriver.o
    0x0800047c   0x0800047c   0x0000003c   Code   RO         1741    .text.DJI_SaveMotoMsg  djimotodriver.o
    0x080004b8   0x080004b8   0x0000000c   Code   RO          141    .text.DMA2_Stream1_IRQHandler  stm32f4xx_it.o
    0x080004c4   0x080004c4   0x0000000c   Code   RO          143    .text.DMA2_Stream2_IRQHandler  stm32f4xx_it.o
    0x080004d0   0x080004d0   0x0000000c   Code   RO          147    .text.DMA2_Stream6_IRQHandler  stm32f4xx_it.o
    0x080004dc   0x080004dc   0x0000000c   Code   RO          149    .text.DMA2_Stream7_IRQHandler  stm32f4xx_it.o
    0x080004e8   0x080004e8   0x00000002   Code   RO          131    .text.DebugMon_Handler  stm32f4xx_it.o
    0x080004ea   0x080004ea   0x00000002   PAD
    0x080004ec   0x080004ec   0x00000006   Code   RO           15    .text.Error_Handler  main.o
    0x080004f2   0x080004f2   0x00000002   PAD
    0x080004f4   0x080004f4   0x0000002e   Code   RO          537    .text.HAL_CAN_ActivateNotification  stm32f4xx_hal_can.o
    0x08000522   0x08000522   0x00000002   PAD
    0x08000524   0x08000524   0x000000a8   Code   RO          523    .text.HAL_CAN_AddTxMessage  stm32f4xx_hal_can.o
    0x080005cc   0x080005cc   0x000000de   Code   RO          513    .text.HAL_CAN_ConfigFilter  stm32f4xx_hal_can.o
    0x080006aa   0x080006aa   0x00000002   PAD
    0x080006ac   0x080006ac   0x00000002   Code   RO          567    .text.HAL_CAN_ErrorCallback  stm32f4xx_hal_can.o
    0x080006ae   0x080006ae   0x00000002   PAD
    0x080006b0   0x080006b0   0x00000134   Code   RO          533    .text.HAL_CAN_GetRxMessage  stm32f4xx_hal_can.o
    0x080007e4   0x080007e4   0x0000025e   Code   RO          541    .text.HAL_CAN_IRQHandler  stm32f4xx_hal_can.o
    0x08000a42   0x08000a42   0x00000002   PAD
    0x08000a44   0x08000a44   0x000000f4   Code   RO          503    .text.HAL_CAN_Init  stm32f4xx_hal_can.o
    0x08000b38   0x08000b38   0x0000011e   Code   RO           60    .text.HAL_CAN_MspInit  can.o
    0x08000c56   0x08000c56   0x00000002   PAD
    0x08000c58   0x08000c58   0x00000002   Code   RO          555    .text.HAL_CAN_RxFifo0FullCallback  stm32f4xx_hal_can.o
    0x08000c5a   0x08000c5a   0x00000002   PAD
    0x08000c5c   0x08000c5c   0x0000003e   Code   RO         1776    .text.HAL_CAN_RxFifo0MsgPendingCallback  motortask.o
    0x08000c9a   0x08000c9a   0x00000002   PAD
    0x08000c9c   0x08000c9c   0x00000002   Code   RO          559    .text.HAL_CAN_RxFifo1FullCallback  stm32f4xx_hal_can.o
    0x08000c9e   0x08000c9e   0x00000002   PAD
    0x08000ca0   0x08000ca0   0x00000002   Code   RO          561    .text.HAL_CAN_RxFifo1MsgPendingCallback  stm32f4xx_hal_can.o
    0x08000ca2   0x08000ca2   0x00000002   PAD
    0x08000ca4   0x08000ca4   0x00000002   Code   RO          563    .text.HAL_CAN_SleepCallback  stm32f4xx_hal_can.o
    0x08000ca6   0x08000ca6   0x00000002   PAD
    0x08000ca8   0x08000ca8   0x0000005a   Code   RO          515    .text.HAL_CAN_Start  stm32f4xx_hal_can.o
    0x08000d02   0x08000d02   0x00000002   PAD
    0x08000d04   0x08000d04   0x00000002   Code   RO          545    .text.HAL_CAN_TxMailbox0AbortCallback  stm32f4xx_hal_can.o
    0x08000d06   0x08000d06   0x00000002   PAD
    0x08000d08   0x08000d08   0x00000002   Code   RO          543    .text.HAL_CAN_TxMailbox0CompleteCallback  stm32f4xx_hal_can.o
    0x08000d0a   0x08000d0a   0x00000002   PAD
    0x08000d0c   0x08000d0c   0x00000002   Code   RO          549    .text.HAL_CAN_TxMailbox1AbortCallback  stm32f4xx_hal_can.o
    0x08000d0e   0x08000d0e   0x00000002   PAD
    0x08000d10   0x08000d10   0x00000002   Code   RO          547    .text.HAL_CAN_TxMailbox1CompleteCallback  stm32f4xx_hal_can.o
    0x08000d12   0x08000d12   0x00000002   PAD
    0x08000d14   0x08000d14   0x00000002   Code   RO          553    .text.HAL_CAN_TxMailbox2AbortCallback  stm32f4xx_hal_can.o
    0x08000d16   0x08000d16   0x00000002   PAD
    0x08000d18   0x08000d18   0x00000002   Code   RO          551    .text.HAL_CAN_TxMailbox2CompleteCallback  stm32f4xx_hal_can.o
    0x08000d1a   0x08000d1a   0x00000002   PAD
    0x08000d1c   0x08000d1c   0x00000002   Code   RO          565    .text.HAL_CAN_WakeUpFromRxMsgCallback  stm32f4xx_hal_can.o
    0x08000d1e   0x08000d1e   0x00000002   PAD
    0x08000d20   0x08000d20   0x0000008e   Code   RO          739    .text.HAL_DMA_Abort  stm32f4xx_hal_dma.o
    0x08000dae   0x08000dae   0x00000002   PAD
    0x08000db0   0x08000db0   0x00000024   Code   RO          741    .text.HAL_DMA_Abort_IT  stm32f4xx_hal_dma.o
    0x08000dd4   0x08000dd4   0x00000006   Code   RO          751    .text.HAL_DMA_GetState  stm32f4xx_hal_dma.o
    0x08000dda   0x08000dda   0x00000002   PAD
    0x08000ddc   0x08000ddc   0x000001c0   Code   RO          745    .text.HAL_DMA_IRQHandler  stm32f4xx_hal_dma.o
    0x08000f9c   0x08000f9c   0x00000162   Code   RO          731    .text.HAL_DMA_Init  stm32f4xx_hal_dma.o
    0x080010fe   0x080010fe   0x00000002   PAD
    0x08001100   0x08001100   0x0000009e   Code   RO          737    .text.HAL_DMA_Start_IT  stm32f4xx_hal_dma.o
    0x0800119e   0x0800119e   0x00000002   PAD
    0x080011a0   0x080011a0   0x000001a6   Code   RO          693    .text.HAL_GPIO_Init  stm32f4xx_hal_gpio.o
    0x08001346   0x08001346   0x00000002   PAD
    0x08001348   0x08001348   0x0000000c   Code   RO          890    .text.HAL_GetTick   stm32f4xx_hal.o
    0x08001354   0x08001354   0x00000002   Code   RO         1088    .text.HAL_I2C_AbortCpltCallback  stm32f4xx_hal_i2c.o
    0x08001356   0x08001356   0x00000002   PAD
    0x08001358   0x08001358   0x00000002   Code   RO         1078    .text.HAL_I2C_AddrCallback  stm32f4xx_hal_i2c.o
    0x0800135a   0x0800135a   0x00000002   PAD
    0x0800135c   0x0800135c   0x0000060c   Code   RO         1056    .text.HAL_I2C_EV_IRQHandler  stm32f4xx_hal_i2c.o
    0x08001968   0x08001968   0x00000002   Code   RO         1086    .text.HAL_I2C_ErrorCallback  stm32f4xx_hal_i2c.o
    0x0800196a   0x0800196a   0x00000002   PAD
    0x0800196c   0x0800196c   0x00000176   Code   RO          968    .text.HAL_I2C_Init  stm32f4xx_hal_i2c.o
    0x08001ae2   0x08001ae2   0x00000002   PAD
    0x08001ae4   0x08001ae4   0x00000002   Code   RO         1080    .text.HAL_I2C_ListenCpltCallback  stm32f4xx_hal_i2c.o
    0x08001ae6   0x08001ae6   0x00000002   PAD
    0x08001ae8   0x08001ae8   0x00000002   Code   RO         1072    .text.HAL_I2C_MasterRxCpltCallback  stm32f4xx_hal_i2c.o
    0x08001aea   0x08001aea   0x00000002   PAD
    0x08001aec   0x08001aec   0x00000002   Code   RO         1070    .text.HAL_I2C_MasterTxCpltCallback  stm32f4xx_hal_i2c.o
    0x08001aee   0x08001aee   0x00000002   PAD
    0x08001af0   0x08001af0   0x00000314   Code   RO          984    .text.HAL_I2C_Master_Receive  stm32f4xx_hal_i2c.o
    0x08001e04   0x08001e04   0x000001d4   Code   RO          976    .text.HAL_I2C_Master_Transmit  stm32f4xx_hal_i2c.o
    0x08001fd8   0x08001fd8   0x00000002   Code   RO         1084    .text.HAL_I2C_MemRxCpltCallback  stm32f4xx_hal_i2c.o
    0x08001fda   0x08001fda   0x00000002   PAD
    0x08001fdc   0x08001fdc   0x00000002   Code   RO         1082    .text.HAL_I2C_MemTxCpltCallback  stm32f4xx_hal_i2c.o
    0x08001fde   0x08001fde   0x00000002   PAD
    0x08001fe0   0x08001fe0   0x00000078   Code   RO           86    .text.HAL_I2C_MspInit  i2c.o
    0x08002058   0x08002058   0x00000002   Code   RO         1076    .text.HAL_I2C_SlaveRxCpltCallback  stm32f4xx_hal_i2c.o
    0x0800205a   0x0800205a   0x00000002   PAD
    0x0800205c   0x0800205c   0x00000002   Code   RO         1074    .text.HAL_I2C_SlaveTxCpltCallback  stm32f4xx_hal_i2c.o
    0x0800205e   0x0800205e   0x00000002   PAD
    0x08002060   0x08002060   0x0000001a   Code   RO          888    .text.HAL_IncTick   stm32f4xx_hal.o
    0x0800207a   0x0800207a   0x00000002   PAD
    0x0800207c   0x0800207c   0x00000036   Code   RO          878    .text.HAL_Init      stm32f4xx_hal.o
    0x080020b2   0x080020b2   0x00000002   PAD
    0x080020b4   0x080020b4   0x000000b4   Code   RO          169    .text.HAL_InitTick  stm32f4xx_hal_timebase_tim.o
    0x08002168   0x08002168   0x00000042   Code   RO          160    .text.HAL_MspInit   stm32f4xx_hal_msp.o
    0x080021aa   0x080021aa   0x00000002   PAD
    0x080021ac   0x080021ac   0x00000026   Code   RO          830    .text.HAL_NVIC_EnableIRQ  stm32f4xx_hal_cortex.o
    0x080021d2   0x080021d2   0x00000002   PAD
    0x080021d4   0x080021d4   0x00000056   Code   RO          828    .text.HAL_NVIC_SetPriority  stm32f4xx_hal_cortex.o
    0x0800222a   0x0800222a   0x00000002   PAD
    0x0800222c   0x0800222c   0x00000020   Code   RO          826    .text.HAL_NVIC_SetPriorityGrouping  stm32f4xx_hal_cortex.o
    0x0800224c   0x0800224c   0x00000160   Code   RO          587    .text.HAL_RCC_ClockConfig  stm32f4xx_hal_rcc.o
    0x080023ac   0x080023ac   0x0000003e   Code   RO          605    .text.HAL_RCC_GetClockConfig  stm32f4xx_hal_rcc.o
    0x080023ea   0x080023ea   0x00000002   PAD
    0x080023ec   0x080023ec   0x00000026   Code   RO          599    .text.HAL_RCC_GetPCLK1Freq  stm32f4xx_hal_rcc.o
    0x08002412   0x08002412   0x00000002   PAD
    0x08002414   0x08002414   0x00000026   Code   RO          601    .text.HAL_RCC_GetPCLK2Freq  stm32f4xx_hal_rcc.o
    0x0800243a   0x0800243a   0x00000002   PAD
    0x0800243c   0x0800243c   0x0000006a   Code   RO          589    .text.HAL_RCC_GetSysClockFreq  stm32f4xx_hal_rcc.o
    0x080024a6   0x080024a6   0x00000002   PAD
    0x080024a8   0x080024a8   0x00000374   Code   RO          585    .text.HAL_RCC_OscConfig  stm32f4xx_hal_rcc.o
    0x0800281c   0x0800281c   0x00000002   Code   RO          489    .text.HAL_TIMEx_BreakCallback  stm32f4xx_hal_tim_ex.o
    0x0800281e   0x0800281e   0x00000002   PAD
    0x08002820   0x08002820   0x00000002   Code   RO          485    .text.HAL_TIMEx_CommutCallback  stm32f4xx_hal_tim_ex.o
    0x08002822   0x08002822   0x00000002   PAD
    0x08002824   0x08002824   0x0000005a   Code   RO          184    .text.HAL_TIM_Base_Init  stm32f4xx_hal_tim.o
    0x0800287e   0x0800287e   0x00000002   PAD
    0x08002880   0x08002880   0x00000002   Code   RO          186    .text.HAL_TIM_Base_MspInit  stm32f4xx_hal_tim.o
    0x08002882   0x08002882   0x00000002   PAD
    0x08002884   0x08002884   0x000000aa   Code   RO          198    .text.HAL_TIM_Base_Start_IT  stm32f4xx_hal_tim.o
    0x0800292e   0x0800292e   0x00000002   PAD
    0x08002930   0x08002930   0x00000002   Code   RO          320    .text.HAL_TIM_IC_CaptureCallback  stm32f4xx_hal_tim.o
    0x08002932   0x08002932   0x00000002   PAD
    0x08002934   0x08002934   0x0000014e   Code   RO          318    .text.HAL_TIM_IRQHandler  stm32f4xx_hal_tim.o
    0x08002a82   0x08002a82   0x00000002   PAD
    0x08002a84   0x08002a84   0x00000002   Code   RO          322    .text.HAL_TIM_OC_DelayElapsedCallback  stm32f4xx_hal_tim.o
    0x08002a86   0x08002a86   0x00000002   PAD
    0x08002a88   0x08002a88   0x00000002   Code   RO          324    .text.HAL_TIM_PWM_PulseFinishedCallback  stm32f4xx_hal_tim.o
    0x08002a8a   0x08002a8a   0x00000002   PAD
    0x08002a8c   0x08002a8c   0x00000012   Code   RO           17    .text.HAL_TIM_PeriodElapsedCallback  main.o
    0x08002a9e   0x08002a9e   0x00000002   PAD
    0x08002aa0   0x08002aa0   0x00000002   Code   RO          328    .text.HAL_TIM_TriggerCallback  stm32f4xx_hal_tim.o
    0x08002aa2   0x08002aa2   0x00000002   PAD
    0x08002aa4   0x08002aa4   0x00000002   Code   RO         1193    .text.HAL_UARTEx_RxEventCallback  stm32f4xx_hal_uart.o
    0x08002aa6   0x08002aa6   0x00000002   PAD
    0x08002aa8   0x08002aa8   0x00000002   Code   RO         1191    .text.HAL_UART_ErrorCallback  stm32f4xx_hal_uart.o
    0x08002aaa   0x08002aaa   0x00000002   PAD
    0x08002aac   0x08002aac   0x00000584   Code   RO         1185    .text.HAL_UART_IRQHandler  stm32f4xx_hal_uart.o
    0x08003030   0x08003030   0x00000060   Code   RO         1107    .text.HAL_UART_Init  stm32f4xx_hal_uart.o
    0x08003090   0x08003090   0x0000021e   Code   RO          103    .text.HAL_UART_MspInit  usart.o
    0x080032ae   0x080032ae   0x00000002   PAD
    0x080032b0   0x080032b0   0x00000002   Code   RO         1199    .text.HAL_UART_RxCpltCallback  stm32f4xx_hal_uart.o
    0x080032b2   0x080032b2   0x00000002   PAD
    0x080032b4   0x080032b4   0x000000cc   Code   RO         1133    .text.HAL_UART_Transmit_DMA  stm32f4xx_hal_uart.o
    0x08003380   0x08003380   0x00000002   Code   RO         1195    .text.HAL_UART_TxCpltCallback  stm32f4xx_hal_uart.o
    0x08003382   0x08003382   0x00000002   PAD
    0x08003384   0x08003384   0x00000002   Code   RO         1197    .text.HAL_UART_TxHalfCpltCallback  stm32f4xx_hal_uart.o
    0x08003386   0x08003386   0x00000002   PAD
    0x08003388   0x08003388   0x00000002   Code   RO          123    .text.HardFault_Handler  stm32f4xx_it.o
    0x0800338a   0x0800338a   0x00000002   PAD
    0x0800338c   0x0800338c   0x0000000c   Code   RO          137    .text.I2C2_EV_IRQHandler  stm32f4xx_it.o
    0x08003398   0x08003398   0x00000122   Code   RO         1042    .text.I2C_DMAAbort  stm32f4xx_hal_i2c.o
    0x080034ba   0x080034ba   0x00000002   PAD
    0x080034bc   0x080034bc   0x0000018c   Code   RO         1054    .text.I2C_ITError   stm32f4xx_hal_i2c.o
    0x08003648   0x08003648   0x000000f8   Code   RO         1066    .text.I2C_MasterReceive_BTF  stm32f4xx_hal_i2c.o
    0x08003740   0x08003740   0x00000152   Code   RO         1064    .text.I2C_MasterReceive_RXNE  stm32f4xx_hal_i2c.o
    0x08003892   0x08003892   0x00000002   PAD
    0x08003894   0x08003894   0x00000082   Code   RO         1060    .text.I2C_MasterTransmit_BTF  stm32f4xx_hal_i2c.o
    0x08003916   0x08003916   0x00000002   PAD
    0x08003918   0x08003918   0x000000b2   Code   RO         1058    .text.I2C_MasterTransmit_TXE  stm32f4xx_hal_i2c.o
    0x080039ca   0x080039ca   0x00000002   PAD
    0x080039cc   0x080039cc   0x000000be   Code   RO         1062    .text.I2C_MemoryTransmit_TXE_BTF  stm32f4xx_hal_i2c.o
    0x08003a8a   0x08003a8a   0x00000002   PAD
    0x08003a8c   0x08003a8c   0x000000be   Code   RO          982    .text.I2C_WaitOnBTFFlagUntilTimeout  stm32f4xx_hal_i2c.o
    0x08003b4a   0x08003b4a   0x00000002   PAD
    0x08003b4c   0x08003b4c   0x000001d2   Code   RO          978    .text.I2C_WaitOnFlagUntilTimeout  stm32f4xx_hal_i2c.o
    0x08003d1e   0x08003d1e   0x00000002   PAD
    0x08003d20   0x08003d20   0x000000e0   Code   RO         1096    .text.I2C_WaitOnMasterAddressFlagUntilTimeout  stm32f4xx_hal_i2c.o
    0x08003e00   0x08003e00   0x00000090   Code   RO          986    .text.I2C_WaitOnRXNEFlagUntilTimeout  stm32f4xx_hal_i2c.o
    0x08003e90   0x08003e90   0x000000be   Code   RO          980    .text.I2C_WaitOnTXEFlagUntilTimeout  stm32f4xx_hal_i2c.o
    0x08003f4e   0x08003f4e   0x00000002   PAD
    0x08003f50   0x08003f50   0x00000074   Code   RO         1690    .text.INA226_GetPower  ina226.o
    0x08003fc4   0x08003fc4   0x00000062   Code   RO         1676    .text.INA226_init   ina226.o
    0x08004026   0x08004026   0x00000002   PAD
    0x08004028   0x08004028   0x00000044   Code   RO           56    .text.MX_CAN1_Init  can.o
    0x0800406c   0x0800406c   0x00000040   Code   RO           58    .text.MX_CAN2_Init  can.o
    0x080040ac   0x080040ac   0x00000068   Code   RO           75    .text.MX_DMA_Init   dma.o
    0x08004114   0x08004114   0x0000008c   Code   RO           38    .text.MX_FREERTOS_Init  freertos.o
    0x080041a0   0x080041a0   0x00000088   Code   RO           28    .text.MX_GPIO_Init  gpio.o
    0x08004228   0x08004228   0x00000042   Code   RO           84    .text.MX_I2C2_Init  i2c.o
    0x0800426a   0x0800426a   0x00000002   PAD
    0x0800426c   0x0800426c   0x0000003c   Code   RO           99    .text.MX_USART1_UART_Init  usart.o
    0x080042a8   0x080042a8   0x0000003c   Code   RO          101    .text.MX_USART6_UART_Init  usart.o
    0x080042e4   0x080042e4   0x00000002   Code   RO          125    .text.MemManage_Handler  stm32f4xx_it.o
    0x080042e6   0x080042e6   0x00000002   PAD
    0x080042e8   0x080042e8   0x00000002   Code   RO          121    .text.NMI_Handler   stm32f4xx_it.o
    0x080042ea   0x080042ea   0x00000002   PAD
    0x080042ec   0x080042ec   0x00000170   Code   RO         1725    .text.PID_calc      pid.o
    0x0800445c   0x0800445c   0x0000002e   Code   RO         1723    .text.PID_init      pid.o
    0x0800448a   0x0800448a   0x00000006   PAD
    0x08004490   0x08004490   0x00000064   Code   RO         1652    .text.PendSV_Handler  port.o
    0x080044f4   0x080044f4   0x0000000c   PAD
    0x08004500   0x08004500   0x00000024   Code   RO         1636    .text.SVC_Handler   port.o
    0x08004524   0x08004524   0x0000005c   Code   RO         1739    .text.SetMoto_Current  djimotodriver.o
    0x08004580   0x08004580   0x0000002e   Code   RO         1654    .text.SysTick_Handler  port.o
    0x080045ae   0x080045ae   0x00000002   PAD
    0x080045b0   0x080045b0   0x000000a8   Code   RO           13    .text.SystemClock_Config  main.o
    0x08004658   0x08004658   0x00000012   Code   RO         1229    .text.SystemInit    system_stm32f4xx.o
    0x0800466a   0x0800466a   0x00000002   PAD
    0x0800466c   0x0800466c   0x0000000c   Code   RO          135    .text.TIM1_UP_TIM10_IRQHandler  stm32f4xx_it.o
    0x08004678   0x08004678   0x00000142   Code   RO          188    .text.TIM_Base_SetConfig  stm32f4xx_hal_tim.o
    0x080047ba   0x080047ba   0x00000002   PAD
    0x080047bc   0x080047bc   0x0000000a   Code   RO         1189    .text.UART_DMAAbortOnError  stm32f4xx_hal_uart.o
    0x080047c6   0x080047c6   0x00000002   PAD
    0x080047c8   0x080047c8   0x0000017c   Code   RO         1139    .text.UART_DMAError  stm32f4xx_hal_uart.o
    0x08004944   0x08004944   0x000000b0   Code   RO         1135    .text.UART_DMATransmitCplt  stm32f4xx_hal_uart.o
    0x080049f4   0x080049f4   0x00000006   Code   RO         1137    .text.UART_DMATxHalfCplt  stm32f4xx_hal_uart.o
    0x080049fa   0x080049fa   0x00000002   PAD
    0x080049fc   0x080049fc   0x000000fe   Code   RO         1187    .text.UART_Receive_IT  stm32f4xx_hal_uart.o
    0x08004afa   0x08004afa   0x00000002   PAD
    0x08004afc   0x08004afc   0x000000ee   Code   RO         1111    .text.UART_SetConfig  stm32f4xx_hal_uart.o
    0x08004bea   0x08004bea   0x00000002   PAD
    0x08004bec   0x08004bec   0x0000000c   Code   RO          139    .text.USART1_IRQHandler  stm32f4xx_it.o
    0x08004bf8   0x08004bf8   0x0000000c   Code   RO          151    .text.USART6_IRQHandler  stm32f4xx_it.o
    0x08004c04   0x08004c04   0x00000004   PAD
    0x08004c08   0x08004c08   0x00000198   Code   RO         1743    .text.Update_MotoState  djimotodriver.o
    0x08004da0   0x08004da0   0x00000002   Code   RO          129    .text.UsageFault_Handler  stm32f4xx_it.o
    0x08004da2   0x08004da2   0x00000002   PAD
    0x08004da4   0x08004da4   0x0000005a   Code   RO         1768    .text.VofaTask      vofatask.o
    0x08004dfe   0x08004dfe   0x00000002   PAD
    0x08004e00   0x08004e00   0x0000001e   Code   RO         1706    .text.Vofa_Send_Data3  vofa_send.o
    0x08004e1e   0x08004e1e   0x00000002   PAD
    0x08004e20   0x08004e20   0x0000003c   Code   RO         1668    .text.can_filter_init  bsp_can.o
    0x08004e5c   0x08004e5c   0x00000032   Code   RO           11    .text.main          main.o
    0x08004e8e   0x08004e8e   0x00000002   PAD
    0x08004e90   0x08004e90   0x00000488   Code   RO         1778    .text.motorTask     motortask.o
    0x08005318   0x08005318   0x0000000a   Code   RO         1496    .text.osKernelStart  cmsis_os.o
    0x08005322   0x08005322   0x00000002   PAD
    0x08005324   0x08005324   0x0000005c   Code   RO         1502    .text.osThreadCreate  cmsis_os.o
    0x08005380   0x08005380   0x00000052   Code   RO         1756    .text.power_control_init  power_control.o
    0x080053d2   0x080053d2   0x00000006   PAD
    0x080053d8   0x080053d8   0x00000314   Code   RO         1758    .text.power_limit   power_control.o
    0x080056ec   0x080056ec   0x000000fc   Code   RO         1394    .text.prvAddNewTaskToReadyList  tasks.o
    0x080057e8   0x080057e8   0x00000086   Code   RO         1424    .text.prvIdleTask   tasks.o
    0x0800586e   0x0800586e   0x00000002   PAD
    0x08005870   0x08005870   0x00000118   Code   RO         1392    .text.prvInitialiseNewTask  tasks.o
    0x08005988   0x08005988   0x00000028   Code   RO         1644    .text.prvPortStartFirstTask  port.o
    0x080059b0   0x080059b0   0x0000003e   Code   RO         1634    .text.prvTaskExitError  port.o
    0x080059ee   0x080059ee   0x00000002   PAD
    0x080059f0   0x080059f0   0x0000020a   Code   RO         1610    .text.pvPortMalloc  heap_4.o
    0x08005bfa   0x08005bfa   0x00000002   PAD
    0x08005bfc   0x08005bfc   0x00000028   Code   RO         1632    .text.pxPortInitialiseStack  port.o
    0x08005c24   0x08005c24   0x00000024   Code   RO         1281    .text.uxListRemove  list.o
    0x08005c48   0x08005c48   0x0000001a   Code   RO           36    .text.vApplicationGetIdleTaskMemory  freertos.o
    0x08005c62   0x08005c62   0x00000002   PAD
    0x08005c64   0x08005c64   0x00000016   Code   RO         1273    .text.vListInitialise  list.o
    0x08005c7a   0x08005c7a   0x00000002   PAD
    0x08005c7c   0x08005c7c   0x00000006   Code   RO         1275    .text.vListInitialiseItem  list.o
    0x08005c82   0x08005c82   0x00000002   PAD
    0x08005c84   0x08005c84   0x00000062   Code   RO         1279    .text.vListInsert   list.o
    0x08005ce6   0x08005ce6   0x00000002   PAD
    0x08005ce8   0x08005ce8   0x0000001c   Code   RO         1277    .text.vListInsertEnd  list.o
    0x08005d04   0x08005d04   0x00000014   Code   RO         1642    .text.vPortEnableVFP  port.o
    0x08005d18   0x08005d18   0x00000046   Code   RO         1648    .text.vPortEnterCritical  port.o
    0x08005d5e   0x08005d5e   0x00000002   PAD
    0x08005d60   0x08005d60   0x0000002e   Code   RO         1650    .text.vPortExitCritical  port.o
    0x08005d8e   0x08005d8e   0x00000002   PAD
    0x08005d90   0x08005d90   0x000000d4   Code   RO         1612    .text.vPortFree     heap_4.o
    0x08005e64   0x08005e64   0x00000034   Code   RO         1640    .text.vPortSetupTimerInterrupt  port.o
    0x08005e98   0x08005e98   0x0000009e   Code   RO         1400    .text.vTaskDelay    tasks.o
    0x08005f36   0x08005f36   0x00000002   PAD
    0x08005f38   0x08005f38   0x000000cc   Code   RO         1422    .text.vTaskStartScheduler  tasks.o
    0x08006004   0x08006004   0x00000010   Code   RO         1402    .text.vTaskSuspendAll  tasks.o
    0x08006014   0x08006014   0x0000006e   Code   RO         1416    .text.vTaskSwitchContext  tasks.o
    0x08006082   0x08006082   0x00000002   PAD
    0x08006084   0x08006084   0x00000184   Code   RO         1638    .text.xPortStartScheduler  port.o
    0x08006208   0x08006208   0x00000060   Code   RO         1396    .text.xTaskCreate   tasks.o
    0x08006268   0x08006268   0x00000076   Code   RO         1390    .text.xTaskCreateStatic  tasks.o
    0x080062de   0x080062de   0x00000002   PAD
    0x080062e0   0x080062e0   0x00000106   Code   RO         1428    .text.xTaskIncrementTick  tasks.o
    0x080063e6   0x080063e6   0x00000002   PAD
    0x080063e8   0x080063e8   0x000000ea   Code   RO         1406    .text.xTaskResumeAll  tasks.o
    0x080064d2   0x080064d2   0x0000007a   Code   RO         1842    i.__hardfp_sqrt     m_wm.l(sqrt.o)
    0x0800654c   0x0800654c   0x00000062   Code   RO         1814    x$fpl$d2f           fz_wm.l(d2f.o)
    0x080065ae   0x080065ae   0x00000002   PAD
    0x080065b0   0x080065b0   0x00000150   Code   RO         1816    x$fpl$dadd          fz_wm.l(daddsub_clz.o)
    0x08006700   0x08006700   0x00000018   Code   RO         1898    x$fpl$dcmpinf       fz_wm.l(dcmpi.o)
    0x08006718   0x08006718   0x000002b4   Code   RO         1825    x$fpl$ddiv          fz_wm.l(ddiv.o)
    0x080069cc   0x080069cc   0x00000078   Code   RO         1859    x$fpl$deqf          fz_wm.l(deqf.o)
    0x08006a44   0x08006a44   0x0000005e   Code   RO         1828    x$fpl$dfix          fz_wm.l(dfix.o)
    0x08006aa2   0x08006aa2   0x0000002e   Code   RO         1833    x$fpl$dflt          fz_wm.l(dflt_clz.o)
    0x08006ad0   0x08006ad0   0x00000078   Code   RO         1861    x$fpl$dgeqf         fz_wm.l(dgeqf.o)
    0x08006b48   0x08006b48   0x00000078   Code   RO         1863    x$fpl$dleqf         fz_wm.l(dleqf.o)
    0x08006bc0   0x08006bc0   0x00000154   Code   RO         1838    x$fpl$dmul          fz_wm.l(dmul.o)
    0x08006d14   0x08006d14   0x0000009c   Code   RO         1865    x$fpl$dnaninf       fz_wm.l(dnaninf.o)
    0x08006db0   0x08006db0   0x0000000c   Code   RO         1867    x$fpl$dretinf       fz_wm.l(dretinf.o)
    0x08006dbc   0x08006dbc   0x00000198   Code   RO         1869    x$fpl$dsqrt         fz_wm.l(dsqrt_umaal.o)
    0x08006f54   0x08006f54   0x000001dc   Code   RO         1818    x$fpl$dsub          fz_wm.l(daddsub_clz.o)
    0x08007130   0x08007130   0x00000056   Code   RO         1840    x$fpl$f2d           fz_wm.l(f2d.o)
    0x08007186   0x08007186   0x00000054   Code   RO         1822    x$fpl$fcmp          fz_wm.l(dcmp.o)
    0x080071da   0x080071da   0x0000008c   Code   RO         1871    x$fpl$fnaninf       fz_wm.l(fnaninf.o)
    0x08007266   0x08007266   0x0000001a   Code   RO         1989    x$fpl$fpinit        fz_wm.l(fpinit.o)
    0x08007280   0x08007280   0x0000000a   Code   RO         1873    x$fpl$fretinf       fz_wm.l(fretinf.o)
    0x0800728a   0x0800728a   0x00000000   Code   RO         1875    x$fpl$usenofp       fz_wm.l(usenofp.o)
    0x0800728a   0x0800728a   0x00000010   Data   RO         1234    .rodata.AHBPrescTable  system_stm32f4xx.o
    0x0800729a   0x0800729a   0x00000008   Data   RO         1235    .rodata.APBPrescTable  system_stm32f4xx.o
    0x080072a2   0x080072a2   0x00000008   Data   RO          755    .rodata.cst8        stm32f4xx_hal_dma.o
    0x080072aa   0x080072aa   0x0000000b   Data   RO           46    .rodata.str1.1      freertos.o
    0x080072b5   0x080072b5   0x00000003   PAD
    0x080072b8   0x080072b8   0x00000020   Data   RO         2050    Region$$Table       anon$$obj.o


    Execution Region RW_IRAM1 (Exec base: 0x20000000, Load base: 0x080072d8, Size: 0x00004e50, Max: 0x0001c000, ABSOLUTE)

    Exec Addr    Load Addr    Size         Type   Attr      Idx    E Section Name        Object

    0x20000000   0x080072d8   0x00000008   Data   RW          933    .data..L_MergedGlobals  stm32f4xx_hal.o
    0x20000008   0x080072e0   0x00000010   Data   RW         1791    .data..L_MergedGlobals  motortask.o
    0x20000018   0x080072f0   0x00000004   Data   RW         1233    .data.SystemCoreClock  system_stm32f4xx.o
    0x2000001c   0x080072f4   0x00000010   Data   RW         1713    .data.Vofa_data_3   vofa_send.o
    0x2000002c   0x08007304   0x00000004   PAD
    0x20000030   0x08007308   0x000000c0   Data   RW         1780    .data.k             motortask.o
    0x200000f0   0x080073c8   0x00000004   Data   RW         1658    .data.uxCriticalNesting  port.o
    0x200000f4   0x080073cc   0x00000004   PAD
    0x200000f8        -       0x00000060   Zero   RW         1901    .bss                c_w.l(libspace.o)
    0x20000158        -       0x00000008   Zero   RW           47    .bss..L_MergedGlobals  freertos.o
    0x20000160        -       0x00000078   Zero   RW         1485    .bss..L_MergedGlobals  tasks.o
    0x200001d8        -       0x00000020   Zero   RW         1623    .bss..L_MergedGlobals  heap_4.o
    0x200001f8        -       0x00000008   Zero   RW         1659    .bss..L_MergedGlobals  port.o
    0x20000200        -       0x00000028   Zero   RW         1486    .bss..L_MergedGlobals.1  tasks.o
    0x20000228        -       0x00000048   Zero   RW         1792    .bss..L_MergedGlobals.1  motortask.o
    0x20000270        -       0x00000004   Zero   RW           66    .bss.HAL_RCC_CAN1_CLK_ENABLED  can.o
    0x20000274        -       0x00000014   Zero   RW         1695    .bss.dect           ina226.o
    0x20000288        -       0x00000028   Zero   RW           64    .bss.hcan1          can.o
    0x200002b0        -       0x00000028   Zero   RW           65    .bss.hcan2          can.o
    0x200002d8        -       0x00000060   Zero   RW          109    .bss.hdma_usart1_rx  usart.o
    0x20000338        -       0x00000060   Zero   RW          110    .bss.hdma_usart1_tx  usart.o
    0x20000398        -       0x00000060   Zero   RW          111    .bss.hdma_usart6_rx  usart.o
    0x200003f8        -       0x00000060   Zero   RW          112    .bss.hdma_usart6_tx  usart.o
    0x20000458        -       0x00000054   Zero   RW           90    .bss.hi2c2          i2c.o
    0x200004ac        -       0x00000048   Zero   RW          175    .bss.htim1          stm32f4xx_hal_timebase_tim.o
    0x200004f4        -       0x00000048   Zero   RW          107    .bss.huart1         usart.o
    0x2000053c        -       0x00000048   Zero   RW          108    .bss.huart6         usart.o
    0x20000584        -       0x0000000c   Zero   RW         1694    .bss.ina226_data    ina226.o
    0x20000590        -       0x000000c0   Zero   RW         1783    .bss.motor          motortask.o
    0x20000650        -       0x00000048   Zero   RW         1789    .bss.motor_current_pid  motortask.o
    0x20000698        -       0x00000048   Zero   RW         1787    .bss.motor_power_pid  motortask.o
    0x200006e0        -       0x00000120   Zero   RW         1788    .bss.motor_speed_pid  motortask.o
    0x20000800        -       0x00000160   Zero   RW         1790    .bss.power_2006     motortask.o
    0x20000960        -       0x0000008c   Zero   RW         1484    .bss.pxReadyTasksLists  tasks.o
    0x200009ec        -       0x00000008   Zero   RW         1747    .bss.rx_data_lk_and_mt  djimotodriver.o
    0x200009f4        -       0x00003c00   Zero   RW         1622    .bss.ucHeap         heap_4.o
    0x200045f4        -       0x00000004   Zero   RW          932    .bss.uwTick         stm32f4xx_hal.o
    0x200045f8        -       0x00000200   Zero   RW           45    .bss.xIdleStack     freertos.o
    0x200047f8        -       0x00000054   Zero   RW           44    .bss.xIdleTaskTCBBuffer  freertos.o
    0x2000484c   0x080073cc   0x00000004   PAD
    0x20004850        -       0x00000200   Zero   RW            2    HEAP                startup_stm32f407xx.o
    0x20004a50        -       0x00000400   Zero   RW            1    STACK               startup_stm32f407xx.o


    Execution Region RW_IRAM2 (Exec base: 0x2001c000, Load base: 0x080073d0, Size: 0x00000000, Max: 0x00004000, ABSOLUTE)

    **** No section assigned to this execution region ****


==============================================================================

Image component sizes


      Code (inc. data)   RO Data    RW Data    ZI Data      Debug   Object Name

        60          0          0          0          0       1380   bsp_can.o
       418          0          0          0         84       6585   can.o
       102          0          0          0          0      25763   cmsis_os.o
       592         60          0          0          8       6054   djimotodriver.o
       104          0          0          0          0       3482   dma.o
       166         56         11          0        604       3384   freertos.o
       136          0          0          0          0       1547   gpio.o
       734          0          0          0      15392       5616   heap_4.o
       186          0          0          0         84       7188   i2c.o
       214          4          0          0         32       4366   ina226.o
       190          0          0          0          0       2342   list.o
       242          0          0          0          0       6386   main.o
      1222         32          0        208       1048       5870   motortask.o
       414          4          0          0          0       2052   pid.o
       900         16          0          4          8       4185   port.o
       870         20          0          0          0       2287   power_control.o
        64         26        392          0       1536        856   startup_stm32f407xx.o
        92          0          0          8          4       7308   stm32f4xx_hal.o
      1708          6          0          0          0      13840   stm32f4xx_hal_can.o
       156          0          0          0          0      10829   stm32f4xx_hal_cortex.o
      1144          6          8          0          0      10611   stm32f4xx_hal_dma.o
       422          0          0          0          0       5270   stm32f4xx_hal_gpio.o
      6182         16          0          0          0      42378   stm32f4xx_hal_i2c.o
        66          0          0          0          0       3542   stm32f4xx_hal_msp.o
      1480          0          0          0          0       7400   stm32f4xx_hal_rcc.o
       926          0          0          0          0      55182   stm32f4xx_hal_tim.o
         4          0          0          0          0      21202   stm32f4xx_hal_tim_ex.o
       180          0          0          0         72       7209   stm32f4xx_hal_timebase_tim.o
      2786          0          0          0          0      32156   stm32f4xx_hal_uart.o
       132          0          0          0          0       9217   stm32f4xx_it.o
        18          0         24          4          0       2600   system_stm32f4xx.o
      1864          8          0          0        300      28378   tasks.o
       662          0          0          0        528       7542   usart.o
        30          0          0         16          0       4539   vofa_send.o
        90          0          0          0          0        370   vofatask.o

    ----------------------------------------------------------------------
     24786        266        470        244      19708     358916   Object Totals
         0          0         32          0          0          0   (incl. Generated)
       230         12          3          4          8          0   (incl. Padding)

    ----------------------------------------------------------------------

      Code (inc. data)   RO Data    RW Data    ZI Data      Debug   Library Member Name

         8          0          0          0          0         68   __main.o
         0          0          0          0          0          0   __rtentry.o
        12          0          0          0          0          0   __rtentry2.o
         6          0          0          0          0          0   __rtentry4.o
        52          8          0          0          0          0   __scatter.o
        26          0          0          0          0          0   __scatter_copy.o
        28          0          0          0          0          0   __scatter_zi.o
        22          0          0          0          0        100   _rserrno.o
        18          0          0          0          0         80   exit.o
         6          0          0          0          0        152   heapauxi.o
         0          0          0          0          0          0   indicate_semi.o
         2          0          0          0          0          0   libinit.o
         6          0          0          0          0          0   libinit2.o
         2          0          0          0          0          0   libshutdown.o
         2          0          0          0          0          0   libshutdown2.o
         8          4          0          0         96         68   libspace.o
       240          0          0          0          0        100   lludivv7m.o
         8          4          0          0          0         68   rt_errno_addr_intlibspace.o
        78          0          0          0          0         80   rt_memclr_w.o
         2          0          0          0          0          0   rtexit.o
        10          0          0          0          0          0   rtexit2.o
        12          4          0          0          0         68   sys_exit.o
        74          0          0          0          0         80   sys_stackheap_outer.o
         2          0          0          0          0         68   use_no_semi.o
        98          4          0          0          0        140   d2f.o
       812         16          0          0          0        392   daddsub_clz.o
        84          0          0          0          0        244   dcmp.o
        24          0          0          0          0        116   dcmpi.o
       692        140          0          0          0        264   ddiv.o
       120          4          0          0          0        140   deqf.o
        94          4          0          0          0        140   dfix.o
        46          0          0          0          0        116   dflt_clz.o
       120          4          0          0          0        140   dgeqf.o
       120          4          0          0          0        140   dleqf.o
       340         12          0          0          0        152   dmul.o
       156          4          0          0          0        140   dnaninf.o
        12          0          0          0          0        116   dretinf.o
       408         56          0          0          0        168   dsqrt_umaal.o
        86          4          0          0          0        132   f2d.o
       140          4          0          0          0        132   fnaninf.o
        26          0          0          0          0        116   fpinit.o
        10          0          0          0          0        116   fretinf.o
         0          0          0          0          0          0   usenofp.o
       122          0          0          0          0        148   sqrt.o

    ----------------------------------------------------------------------
      4144        276          0          0         96       3984   Library Totals
        10          0          0          0          0          0   (incl. Padding)

    ----------------------------------------------------------------------

      Code (inc. data)   RO Data    RW Data    ZI Data      Debug   Library Name

       624         20          0          0         96        932   c_w.l
      3388        256          0          0          0       2904   fz_wm.l
       122          0          0          0          0        148   m_wm.l

    ----------------------------------------------------------------------
      4144        276          0          0         96       3984   Library Totals

    ----------------------------------------------------------------------

==============================================================================


      Code (inc. data)   RO Data    RW Data    ZI Data      Debug   

     28930        542        470        244      19804     360076   Grand Totals
     28930        542        470        244      19804     360076   ELF Image Totals
     28930        542        470        244          0          0   ROM Totals

==============================================================================

    Total RO  Size (Code + RO Data)                29400 (  28.71kB)
    Total RW  Size (RW Data + ZI Data)             20048 (  19.58kB)
    Total ROM Size (Code + RO Data + RW Data)      29644 (  28.95kB)

==============================================================================

