Component: Arm Compiler for Embedded 6.19 Tool: armlink [5e73cb00]

==============================================================================

Section Cross References

    startup_stm32f407xx.o(STACK) refers (Special) to heapauxi.o(.text) for __use_two_region_memory
    startup_stm32f407xx.o(HEAP) refers (Special) to heapauxi.o(.text) for __use_two_region_memory
    startup_stm32f407xx.o(RESET) refers (Special) to heapauxi.o(.text) for __use_two_region_memory
    startup_stm32f407xx.o(RESET) refers to startup_stm32f407xx.o(STACK) for __initial_sp
    startup_stm32f407xx.o(RESET) refers to startup_stm32f407xx.o(.text) for Reset_Handler
    startup_stm32f407xx.o(RESET) refers to stm32f4xx_it.o(.text.NMI_Handler) for NMI_Handler
    startup_stm32f407xx.o(RESET) refers to stm32f4xx_it.o(.text.HardFault_Handler) for HardFault_Handler
    startup_stm32f407xx.o(RESET) refers to stm32f4xx_it.o(.text.MemManage_Handler) for MemManage_Handler
    startup_stm32f407xx.o(RESET) refers to stm32f4xx_it.o(.text.BusFault_Handler) for BusFault_Handler
    startup_stm32f407xx.o(RESET) refers to stm32f4xx_it.o(.text.UsageFault_Handler) for UsageFault_Handler
    startup_stm32f407xx.o(RESET) refers to port.o(.text.SVC_Handler) for SVC_Handler
    startup_stm32f407xx.o(RESET) refers to stm32f4xx_it.o(.text.DebugMon_Handler) for DebugMon_Handler
    startup_stm32f407xx.o(RESET) refers to port.o(.text.PendSV_Handler) for PendSV_Handler
    startup_stm32f407xx.o(RESET) refers to port.o(.text.SysTick_Handler) for SysTick_Handler
    startup_stm32f407xx.o(RESET) refers to stm32f4xx_it.o(.text.CAN1_RX0_IRQHandler) for CAN1_RX0_IRQHandler
    startup_stm32f407xx.o(RESET) refers to stm32f4xx_it.o(.text.TIM1_UP_TIM10_IRQHandler) for TIM1_UP_TIM10_IRQHandler
    startup_stm32f407xx.o(RESET) refers to stm32f4xx_it.o(.text.I2C2_EV_IRQHandler) for I2C2_EV_IRQHandler
    startup_stm32f407xx.o(RESET) refers to stm32f4xx_it.o(.text.DMA2_Stream1_IRQHandler) for DMA2_Stream1_IRQHandler
    startup_stm32f407xx.o(RESET) refers to stm32f4xx_it.o(.text.DMA2_Stream6_IRQHandler) for DMA2_Stream6_IRQHandler
    startup_stm32f407xx.o(RESET) refers to stm32f4xx_it.o(.text.USART6_IRQHandler) for USART6_IRQHandler
    startup_stm32f407xx.o(.text) refers (Special) to heapauxi.o(.text) for __use_two_region_memory
    startup_stm32f407xx.o(.text) refers to system_stm32f4xx.o(.text.SystemInit) for SystemInit
    startup_stm32f407xx.o(.text) refers to __main.o(!!!main) for __main
    startup_stm32f407xx.o(.text) refers to startup_stm32f407xx.o(HEAP) for Heap_Mem
    startup_stm32f407xx.o(.text) refers to startup_stm32f407xx.o(STACK) for Stack_Mem
    main.o(.text.main) refers to stm32f4xx_hal.o(.text.HAL_Init) for HAL_Init
    main.o(.text.main) refers to main.o(.text.SystemClock_Config) for SystemClock_Config
    main.o(.text.main) refers to gpio.o(.text.MX_GPIO_Init) for MX_GPIO_Init
    main.o(.text.main) refers to dma.o(.text.MX_DMA_Init) for MX_DMA_Init
    main.o(.text.main) refers to can.o(.text.MX_CAN1_Init) for MX_CAN1_Init
    main.o(.text.main) refers to usart.o(.text.MX_USART6_UART_Init) for MX_USART6_UART_Init
    main.o(.text.main) refers to i2c.o(.text.MX_I2C2_Init) for MX_I2C2_Init
    main.o(.text.main) refers to bsp_can.o(.text.can_filter_init) for can_filter_init
    main.o(.text.main) refers to freertos.o(.text.MX_FREERTOS_Init) for MX_FREERTOS_Init
    main.o(.text.main) refers to cmsis_os.o(.text.osKernelStart) for osKernelStart
    main.o(.ARM.exidx.text.main) refers to main.o(.text.main) for [Anonymous Symbol]
    main.o(.text.SystemClock_Config) refers to stm32f4xx_hal_rcc.o(.text.HAL_RCC_OscConfig) for HAL_RCC_OscConfig
    main.o(.text.SystemClock_Config) refers to stm32f4xx_hal_rcc.o(.text.HAL_RCC_ClockConfig) for HAL_RCC_ClockConfig
    main.o(.ARM.exidx.text.SystemClock_Config) refers to main.o(.text.SystemClock_Config) for [Anonymous Symbol]
    main.o(.ARM.exidx.text.Error_Handler) refers to main.o(.text.Error_Handler) for [Anonymous Symbol]
    main.o(.text.HAL_TIM_PeriodElapsedCallback) refers to stm32f4xx_hal.o(.text.HAL_IncTick) for HAL_IncTick
    main.o(.ARM.exidx.text.HAL_TIM_PeriodElapsedCallback) refers to main.o(.text.HAL_TIM_PeriodElapsedCallback) for [Anonymous Symbol]
    gpio.o(.ARM.exidx.text.MX_GPIO_Init) refers to gpio.o(.text.MX_GPIO_Init) for [Anonymous Symbol]
    freertos.o(.text.vApplicationGetIdleTaskMemory) refers to freertos.o(.bss.xIdleTaskTCBBuffer) for xIdleTaskTCBBuffer
    freertos.o(.text.vApplicationGetIdleTaskMemory) refers to freertos.o(.bss.xIdleStack) for xIdleStack
    freertos.o(.ARM.exidx.text.vApplicationGetIdleTaskMemory) refers to freertos.o(.text.vApplicationGetIdleTaskMemory) for [Anonymous Symbol]
    freertos.o(.text.MX_FREERTOS_Init) refers to cmsis_os.o(.text.osThreadCreate) for osThreadCreate
    freertos.o(.text.MX_FREERTOS_Init) refers to freertos.o(.bss..L_MergedGlobals) for .L_MergedGlobals
[...]
    uxSchedulerSuspended                     0x20000170   Data           4  tasks.o(.bss..L_MergedGlobals)
    xIdleTaskHandle                          0x20000174   Data           4  tasks.o(.bss..L_MergedGlobals)
    xNextTaskUnblockTime                     0x20000178   Data           4  tasks.o(.bss..L_MergedGlobals)
    xTickCount                               0x2000017c   Data           4  tasks.o(.bss..L_MergedGlobals)
    xYieldPending                            0x20000180   Data           4  tasks.o(.bss..L_MergedGlobals)
    xPendedTicks                             0x20000184   Data           4  tasks.o(.bss..L_MergedGlobals)
    pxDelayedTaskList                        0x20000188   Data           4  tasks.o(.bss..L_MergedGlobals)
    pxOverflowDelayedTaskList                0x2000018c   Data           4  tasks.o(.bss..L_MergedGlobals)
    xNumOfOverflows                          0x20000190   Data           4  tasks.o(.bss..L_MergedGlobals)
    xTasksWaitingTermination                 0x20000194   Data          20  tasks.o(.bss..L_MergedGlobals)
    xSuspendedTaskList                       0x200001a8   Data          20  tasks.o(.bss..L_MergedGlobals)
    xPendingReadyList                        0x200001bc   Data          20  tasks.o(.bss..L_MergedGlobals)
    .L_MergedGlobals                         0x200001d0   Data          32  heap_4.o(.bss..L_MergedGlobals)
    xBlockAllocatedBit                       0x200001d0   Data           1  heap_4.o(.bss..L_MergedGlobals)
    [Anonymous Symbol]                       0x200001d0   Section        0  heap_4.o(.bss..L_MergedGlobals)
    pxEnd                                    0x200001d4   Data           4  heap_4.o(.bss..L_MergedGlobals)
    xFreeBytesRemaining                      0x200001d8   Data           4  heap_4.o(.bss..L_MergedGlobals)
    xMinimumEverFreeBytesRemaining           0x200001dc   Data           4  heap_4.o(.bss..L_MergedGlobals)
    xNumberOfSuccessfulAllocations           0x200001e0   Data           4  heap_4.o(.bss..L_MergedGlobals)
    xNumberOfSuccessfulFrees                 0x200001e4   Data           4  heap_4.o(.bss..L_MergedGlobals)
    xStart                                   0x200001e8   Data           8  heap_4.o(.bss..L_MergedGlobals)
    .L_MergedGlobals                         0x200001f0   Data           8  port.o(.bss..L_MergedGlobals)
    ucMaxSysCallPriority                     0x200001f0   Data           1  port.o(.bss..L_MergedGlobals)
    [Anonymous Symbol]                       0x200001f0   Section        0  port.o(.bss..L_MergedGlobals)
    ulMaxPRIGROUPValue                       0x200001f4   Data           4  port.o(.bss..L_MergedGlobals)
    .L_MergedGlobals                         0x200001f8   Data           9  djimotodriver.o(.bss..L_MergedGlobals)
    DJI_SaveMotoMsg.i                        0x200001f8   Data           1  djimotodriver.o(.bss..L_MergedGlobals)
    [Anonymous Symbol]                       0x200001f8   Section        0  djimotodriver.o(.bss..L_MergedGlobals)
    .L_MergedGlobals.1                       0x20000204   Data          40  tasks.o(.bss..L_MergedGlobals.1)
    xDelayedTaskList1                        0x20000204   Data          20  tasks.o(.bss..L_MergedGlobals.1)
    [Anonymous Symbol]                       0x20000204   Section        0  tasks.o(.bss..L_MergedGlobals.1)
    xDelayedTaskList2                        0x20000218   Data          20  tasks.o(.bss..L_MergedGlobals.1)
    .L_MergedGlobals.1                       0x2000022c   Data          72  motortask.o(.bss..L_MergedGlobals.1)
    [Anonymous Symbol]                       0x2000022c   Section        0  motortask.o(.bss..L_MergedGlobals.1)
    pxReadyTasksLists                        0x200006fc   Data         140  tasks.o(.bss.pxReadyTasksLists)
    [Anonymous Symbol]                       0x200006fc   Section        0  tasks.o(.bss.pxReadyTasksLists)
    ucHeap                                   0x20000788   Data       15360  heap_4.o(.bss.ucHeap)
    [Anonymous Symbol]                       0x20000788   Section        0  heap_4.o(.bss.ucHeap)
    xIdleStack                               0x2000438c   Data         512  freertos.o(.bss.xIdleStack)
    [Anonymous Symbol]                       0x2000438c   Section        0  freertos.o(.bss.xIdleStack)
    xIdleTaskTCBBuffer                       0x2000458c   Data          84  freertos.o(.bss.xIdleTaskTCBBuffer)
    [Anonymous Symbol]                       0x2000458c   Section        0  freertos.o(.bss.xIdleTaskTCBBuffer)
    Heap_Mem                                 0x200045e0   Data         512  startup_stm32f407xx.o(HEAP)
    HEAP                                     0x200045e0   Section      512  startup_stm32f407xx.o(HEAP)
    Stack_Mem                                0x200047e0   Data        1024  startup_stm32f407xx.o(STACK)
    STACK                                    0x200047e0   Section     1024  startup_stm32f407xx.o(STACK)
    __initial_sp                             0x20004be0   Data           0  startup_stm32f407xx.o(STACK)

    Global Symbols

    Symbol Name                              Value     Ov Type        Size  Object(Section)

    BuildAttributes$$THM_ISAv4$E$P$D$K$B$S$7EM$VFPi3$EXTD16$VFPS$VFMA$PE$A:L22UL41UL21$X:L11$S22US41US21$IEEE1$IW$~IW$USESV6$~STKCKD$USESV7$~SHL$OTIME$ROPI$IEEEJ$EBA8$UX$STANDARDLIB$REQ8$PRES8$EABIv2 0x00000000   Number         0  anon$$obj.o ABSOLUTE
    __ARM_exceptions_init                     - Undefined Weak Reference
    __alloca_initialize                       - Undefined Weak Reference
    __arm_preinit_                            - Undefined Weak Reference
    __arm_relocate_pie_                       - Undefined Weak Reference
    __cpp_initialize__aeabi_                  - Undefined Weak Reference
    __cxa_finalize                            - Undefined Weak Reference
    __rt_locale                               - Undefined Weak Reference
    __sigvec_lookup                           - Undefined Weak Reference
    _atexit_init                              - Undefined Weak Reference
    _call_atexit_fns                          - Undefined Weak Reference
    _clock_init                               - Undefined Weak Reference
    _fp_trap_init                             - Undefined Weak Reference
    _fp_trap_shutdown                         - Undefined Weak Reference
    _get_lc_collate                           - Undefined Weak Reference
    _get_lc_ctype                             - Undefined Weak Reference
    _get_lc_monetary                          - Undefined Weak Reference
    _get_lc_numeric                           - Undefined Weak Reference
    _get_lc_time                              - Undefined Weak Reference
    _getenv_init                              - Undefined Weak Reference
    _handle_redirection                       - Undefined Weak Reference
    _init_alloc                               - Undefined Weak Reference
    _init_user_alloc                          - Undefined Weak Reference
    _initio                                   - Undefined Weak Reference
    _rand_init                                - Undefined Weak Reference
    _signal_finish                            - Undefined Weak Reference
    _signal_init                              - Undefined Weak Reference
    _terminate_alloc                          - Undefined Weak Reference
    _terminate_user_alloc                     - Undefined Weak Reference
    _terminateio                              - Undefined Weak Reference
    __Vectors_Size                           0x00000188   Number         0  startup_stm32f407xx.o ABSOLUTE
    __Vectors                                0x08000000   Data           4  startup_stm32f407xx.o(RESET)
    __Vectors_End                            0x08000188   Data           0  startup_stm32f407xx.o(RESET)
    __main                                   0x08000189   Thumb Code     8  __main.o(!!!main)
    __scatterload                            0x08000191   Thumb Code     0  __scatter.o(!!!scatter)
    __scatterload_rt2                        0x08000191   Thumb Code    44  __scatter.o(!!!scatter)
    __scatterload_rt2_thumb_only             0x08000191   Thumb Code     0  __scatter.o(!!!scatter)
    __scatterload_null                       0x0800019f   Thumb Code     0  __scatter.o(!!!scatter)
    __scatterload_copy                       0x080001c5   Thumb Code    26  __scatter_copy.o(!!handler_copy)
    __scatterload_zeroinit                   0x080001e1   Thumb Code    28  __scatter_zi.o(!!handler_zi)
    __rt_lib_init                            0x080001fd   Thumb Code     0  libinit.o(.ARM.Collect$$libinit$$00000000)
    __rt_lib_init_fp_1                       0x080001ff   Thumb Code     0  libinit2.o(.ARM.Collect$$libinit$$00000001)
    __rt_lib_init_alloca_1                   0x08000203   Thumb Code     0  libinit2.o(.ARM.Collect$$libinit$$00000030)
    __rt_lib_init_argv_1                     0x08000203   Thumb Code     0  libinit2.o(.ARM.Collect$$libinit$$0000002E)
    __rt_lib_init_atexit_1                   0x08000203   Thumb Code     0  libinit2.o(.ARM.Collect$$libinit$$0000001D)
    __rt_lib_init_clock_1                    0x08000203   Thumb Code     0  libinit2.o(.ARM.Collect$$libinit$$00000023)
    __rt_lib_init_cpp_1                      0x08000203   Thumb Code     0  libinit2.o(.ARM.Collect$$libinit$$00000034)
    __rt_lib_init_exceptions_1               0x08000203   Thumb Code     0  libinit2.o(.ARM.Collect$$libinit$$00000032)
    __rt_lib_init_fp_trap_1                  0x08000203   Thumb Code     0  libinit2.o(.ARM.Collect$$libinit$$00000021)
    __rt_lib_init_getenv_1                   0x08000203   Thumb Code     0  libinit2.o(.ARM.Collect$$libinit$$00000025)
    __rt_lib_init_heap_1                     0x08000203   Thumb Code     0  libinit2.o(.ARM.Collect$$libinit$$0000000C)
    __rt_lib_init_lc_collate_1               0x08000203   Thumb Code     0  libinit2.o(.ARM.Collect$$libinit$$00000013)
    __rt_lib_init_lc_ctype_1                 0x08000203   Thumb Code     0  libinit2.o(.ARM.Collect$$libinit$$00000015)
    __rt_lib_init_lc_monetary_1              0x08000203   Thumb Code     0  libinit2.o(.ARM.Collect$$libinit$$00000017)
    __rt_lib_init_lc_numeric_1               0x08000203   Thumb Code     0  libinit2.o(.ARM.Collect$$libinit$$00000019)
    __rt_lib_init_lc_time_1                  0x08000203   Thumb Code     0  libinit2.o(.ARM.Collect$$libinit$$0000001B)
    __rt_lib_init_preinit_1                  0x08000203   Thumb Code     0  libinit2.o(.ARM.Collect$$libinit$$00000006)
    __rt_lib_init_rand_1                     0x08000203   Thumb Code     0  libinit2.o(.ARM.Collect$$libinit$$00000010)
    __rt_lib_init_relocate_pie_1             0x08000203   Thumb Code     0  libinit2.o(.ARM.Collect$$libinit$$00000004)
    __rt_lib_init_return                     0x08000203   Thumb Code     0  libinit2.o(.ARM.Collect$$libinit$$00000035)
    __rt_lib_init_signal_1                   0x08000203   Thumb Code     0  libinit2.o(.ARM.Collect$$libinit$$0000001F)
    __rt_lib_init_stdio_1                    0x08000203   Thumb Code     0  libinit2.o(.ARM.Collect$$libinit$$00000027)
    __rt_lib_init_user_alloc_1               0x08000203   Thumb Code     0  libinit2.o(.ARM.Collect$$libinit$$0000000E)
    __rt_lib_shutdown                        0x08000205   Thumb Code     0  libshutdown.o(.ARM.Collect$$libshutdown$$00000000)
    __rt_lib_shutdown_cpp_1                  0x08000207   Thumb Code     0  libshutdown2.o(.ARM.Collect$$libshutdown$$00000002)
    __rt_lib_shutdown_fp_trap_1              0x08000207   Thumb Code     0  libshutdown2.o(.ARM.Collect$$libshutdown$$00000007)
    __rt_lib_shutdown_heap_1                 0x08000207   Thumb Code     0  libshutdown2.o(.ARM.Collect$$libshutdown$$0000000F)
    __rt_lib_shutdown_return                 0x08000207   Thumb Code     0  libshutdown2.o(.ARM.Collect$$libshutdown$$00000010)
    __rt_lib_shutdown_signal_1               0x08000207   Thumb Code     0  libshutdown2.o(.ARM.Collect$$libshutdown$$0000000A)
    __rt_lib_shutdown_stdio_1                0x08000207   Thumb Code     0  libshutdown2.o(.ARM.Collect$$libshutdown$$00000004)
    __rt_lib_shutdown_user_alloc_1           0x08000207   Thumb Code     0  libshutdown2.o(.ARM.Collect$$libshutdown$$0000000C)
    __rt_entry                               0x08000209   Thumb Code     0  __rtentry.o(.ARM.Collect$$rtentry$$00000000)
    __rt_entry_presh_1                       0x08000209   Thumb Code     0  __rtentry2.o(.ARM.Collect$$rtentry$$00000002)
    __rt_entry_sh                            0x08000209   Thumb Code     0  __rtentry4.o(.ARM.Collect$$rtentry$$00000004)
    __rt_entry_li                            0x0800020f   Thumb Code     0  __rtentry2.o(.ARM.Collect$$rtentry$$0000000A)
    __rt_entry_postsh_1                      0x0800020f   Thumb Code     0  __rtentry2.o(.ARM.Collect$$rtentry$$00000009)
    __rt_entry_main                          0x08000213   Thumb Code     0  __rtentry2.o(.ARM.Collect$$rtentry$$0000000D)
    __rt_entry_postli_1                      0x08000213   Thumb Code     0  __rtentry2.o(.ARM.Collect$$rtentry$$0000000C)
    __rt_exit                                0x0800021b   Thumb Code     0  rtexit.o(.ARM.Collect$$rtexit$$00000000)
    __rt_exit_ls                             0x0800021d   Thumb Code     0  rtexit2.o(.ARM.Collect$$rtexit$$00000003)
    __rt_exit_prels_1                        0x0800021d   Thumb Code     0  rtexit2.o(.ARM.Collect$$rtexit$$00000002)
    __rt_exit_exit                           0x08000221   Thumb Code     0  rtexit2.o(.ARM.Collect$$rtexit$$00000004)
    Reset_Handler                            0x08000229   Thumb Code     8  startup_stm32f407xx.o(.text)
    ADC_IRQHandler                           0x08000243   Thumb Code     0  startup_stm32f407xx.o(.text)
    CAN1_RX1_IRQHandler                      0x08000243   Thumb Code     0  startup_stm32f407xx.o(.text)
    CAN1_SCE_IRQHandler                      0x08000243   Thumb Code     0  startup_stm32f407xx.o(.text)
    CAN1_TX_IRQHandler                       0x08000243   Thumb Code     0  startup_stm32f407xx.o(.text)
    CAN2_RX0_IRQHandler                      0x08000243   Thumb Code     0  startup_stm32f407xx.o(.text)
    CAN2_RX1_IRQHandler                      0x08000243   Thumb Code     0  startup_stm32f407xx.o(.text)
    CAN2_SCE_IRQHandler                      0x08000243   Thumb Code     0  startup_stm32f407xx.o(.text)
    CAN2_TX_IRQHandler                       0x08000243   Thumb Code     0  startup_stm32f407xx.o(.text)
    DCMI_IRQHandler                          0x08000243   Thumb Code     0  startup_stm32f407xx.o(.text)
    DMA1_Stream0_IRQHandler                  0x08000243   Thumb Code     0  startup_stm32f407xx.o(.text)
    DMA1_Stream1_IRQHandler                  0x08000243   Thumb Code     0  startup_stm32f407xx.o(.text)
    DMA1_Stream2_IRQHandler                  0x08000243   Thumb Code     0  startup_stm32f407xx.o(.text)
    DMA1_Stream3_IRQHandler                  0x08000243   Thumb Code     0  startup_stm32f407xx.o(.text)
    DMA1_Stream4_IRQHandler                  0x08000243   Thumb Code     0  startup_stm32f407xx.o(.text)
    DMA1_Stream5_IRQHandler                  0x08000243   Thumb Code     0  startup_stm32f407xx.o(.text)
    DMA1_Stream6_IRQHandler                  0x08000243   Thumb Code     0  startup_stm32f407xx.o(.text)
    DMA1_Stream7_IRQHandler                  0x08000243   Thumb Code     0  startup_stm32f407xx.o(.text)
    DMA2_Stream0_IRQHandler                  0x08000243   Thumb Code     0  startup_stm32f407xx.o(.text)
    DMA2_Stream2_IRQHandler                  0x08000243   Thumb Code     0  startup_stm32f407xx.o(.text)
    DMA2_Stream3_IRQHandler                  0x08000243   Thumb Code     0  startup_stm32f407xx.o(.text)
    DMA2_Stream4_IRQHandler                  0x08000243   Thumb Code     0  startup_stm32f407xx.o(.text)
    DMA2_Stream5_IRQHandler                  0x08000243   Thumb Code     0  startup_stm32f407xx.o(.text)
    DMA2_Stream7_IRQHandler                  0x08000243   Thumb Code     0  startup_stm32f407xx.o(.text)
    ETH_IRQHandler                           0x08000243   Thumb Code     0  startup_stm32f407xx.o(.text)
    ETH_WKUP_IRQHandler                      0x08000243   Thumb Code     0  startup_stm32f407xx.o(.text)
    EXTI0_IRQHandler                         0x08000243   Thumb Code     0  startup_stm32f407xx.o(.text)
    EXTI15_10_IRQHandler                     0x08000243   Thumb Code     0  startup_stm32f407xx.o(.text)
    EXTI1_IRQHandler                         0x08000243   Thumb Code     0  startup_stm32f407xx.o(.text)
    EXTI2_IRQHandler                         0x08000243   Thumb Code     0  startup_stm32f407xx.o(.text)
    EXTI3_IRQHandler                         0x08000243   Thumb Code     0  startup_stm32f407xx.o(.text)
    EXTI4_IRQHandler                         0x08000243   Thumb Code     0  startup_stm32f407xx.o(.text)
    EXTI9_5_IRQHandler                       0x08000243   Thumb Code     0  startup_stm32f407xx.o(.text)
    FLASH_IRQHandler                         0x08000243   Thumb Code     0  startup_stm32f407xx.o(.text)
    FMC_IRQHandler                           0x08000243   Thumb Code     0  startup_stm32f407xx.o(.text)
    FPU_IRQHandler                           0x08000243   Thumb Code     0  startup_stm32f407xx.o(.text)
    HASH_RNG_IRQHandler                      0x08000243   Thumb Code     0  startup_stm32f407xx.o(.text)
    I2C1_ER_IRQHandler                       0x08000243   Thumb Code     0  startup_stm32f407xx.o(.text)
    I2C1_EV_IRQHandler                       0x08000243   Thumb Code     0  startup_stm32f407xx.o(.text)
    I2C2_ER_IRQHandler                       0x08000243   Thumb Code     0  startup_stm32f407xx.o(.text)
    I2C3_ER_IRQHandler                       0x08000243   Thumb Code     0  startup_stm32f407xx.o(.text)
    I2C3_EV_IRQHandler                       0x08000243   Thumb Code     0  startup_stm32f407xx.o(.text)
    OTG_FS_IRQHandler                        0x08000243   Thumb Code     0  startup_stm32f407xx.o(.text)
    OTG_FS_WKUP_IRQHandler                   0x08000243   Thumb Code     0  startup_stm32f407xx.o(.text)
    OTG_HS_EP1_IN_IRQHandler                 0x08000243   Thumb Code     0  startup_stm32f407xx.o(.text)
    OTG_HS_EP1_OUT_IRQHandler                0x08000243   Thumb Code     0  startup_stm32f407xx.o(.text)
    OTG_HS_IRQHandler                        0x08000243   Thumb Code     0  startup_stm32f407xx.o(.text)
    OTG_HS_WKUP_IRQHandler                   0x08000243   Thumb Code     0  startup_stm32f407xx.o(.text)
    PVD_IRQHandler                           0x08000243   Thumb Code     0  startup_stm32f407xx.o(.text)
    RCC_IRQHandler                           0x08000243   Thumb Code     0  startup_stm32f407xx.o(.text)
    RTC_Alarm_IRQHandler                     0x08000243   Thumb Code     0  startup_stm32f407xx.o(.text)
    RTC_WKUP_IRQHandler                      0x08000243   Thumb Code     0  startup_stm32f407xx.o(.text)
    SDIO_IRQHandler                          0x08000243   Thumb Code     0  startup_stm32f407xx.o(.text)
    SPI1_IRQHandler                          0x08000243   Thumb Code     0  startup_stm32f407xx.o(.text)
    SPI2_IRQHandler                          0x08000243   Thumb Code     0  startup_stm32f407xx.o(.text)
    SPI3_IRQHandler                          0x08000243   Thumb Code     0  startup_stm32f407xx.o(.text)
    TAMP_STAMP_IRQHandler                    0x08000243   Thumb Code     0  startup_stm32f407xx.o(.text)
    TIM1_BRK_TIM9_IRQHandler                 0x08000243   Thumb Code     0  startup_stm32f407xx.o(.text)
    TIM1_CC_IRQHandler                       0x08000243   Thumb Code     0  startup_stm32f407xx.o(.text)
    TIM1_TRG_COM_TIM11_IRQHandler            0x08000243   Thumb Code     0  startup_stm32f407xx.o(.text)
    TIM2_IRQHandler                          0x08000243   Thumb Code     0  startup_stm32f407xx.o(.text)
    TIM3_IRQHandler                          0x08000243   Thumb Code     0  startup_stm32f407xx.o(.text)
    TIM4_IRQHandler                          0x08000243   Thumb Code     0  startup_stm32f407xx.o(.text)
    TIM5_IRQHandler                          0x08000243   Thumb Code     0  startup_stm32f407xx.o(.text)
    TIM6_DAC_IRQHandler                      0x08000243   Thumb Code     0  startup_stm32f407xx.o(.text)
    TIM7_IRQHandler                          0x08000243   Thumb Code     0  startup_stm32f407xx.o(.text)
    TIM8_BRK_TIM12_IRQHandler                0x08000243   Thumb Code     0  startup_stm32f407xx.o(.text)
    TIM8_CC_IRQHandler                       0x08000243   Thumb Code     0  startup_stm32f407xx.o(.text)
    TIM8_TRG_COM_TIM14_IRQHandler            0x08000243   Thumb Code     0  startup_stm32f407xx.o(.text)
    TIM8_UP_TIM13_IRQHandler                 0x08000243   Thumb Code     0  startup_stm32f407xx.o(.text)
    UART4_IRQHandler                         0x08000243   Thumb Code     0  startup_stm32f407xx.o(.text)
    UART5_IRQHandler                         0x08000243   Thumb Code     0  startup_stm32f407xx.o(.text)
    USART1_IRQHandler                        0x08000243   Thumb Code     0  startup_stm32f407xx.o(.text)
    USART2_IRQHandler                        0x08000243   Thumb Code     0  startup_stm32f407xx.o(.text)
    USART3_IRQHandler                        0x08000243   Thumb Code     0  startup_stm32f407xx.o(.text)
    WWDG_IRQHandler                          0x08000243   Thumb Code     0  startup_stm32f407xx.o(.text)
    __user_initial_stackheap                 0x08000245   Thumb Code     0  startup_stm32f407xx.o(.text)
    __aeabi_uldivmod                         0x08000269   Thumb Code     0  lludivv7m.o(.text)
    _ll_udiv                                 0x08000269   Thumb Code   240  lludivv7m.o(.text)
    __aeabi_memclr4                          0x08000359   Thumb Code     0  rt_memclr_w.o(.text)
    __aeabi_memclr8                          0x08000359   Thumb Code     0  rt_memclr_w.o(.text)
    __rt_memclr_w                            0x08000359   Thumb Code     0  rt_memclr_w.o(.text)
    _memset_w                                0x0800035d   Thumb Code    74  rt_memclr_w.o(.text)
    __use_two_region_memory                  0x080003a7   Thumb Code     2  heapauxi.o(.text)
    __rt_heap_escrow$2region                 0x080003a9   Thumb Code     2  heapauxi.o(.text)
    __rt_heap_expand$2region                 0x080003ab   Thumb Code     2  heapauxi.o(.text)
    __read_errno                             0x080003ad   Thumb Code    10  _rserrno.o(.text)
    __set_errno                              0x080003b7   Thumb Code    12  _rserrno.o(.text)
    __aeabi_errno_addr                       0x080003c5   Thumb Code     8  rt_errno_addr_intlibspace.o(.text)
    __errno$intlibspace                      0x080003c5   Thumb Code     0  rt_errno_addr_intlibspace.o(.text)
    __rt_errno_addr$intlibspace              0x080003c5   Thumb Code     0  rt_errno_addr_intlibspace.o(.text)
    __user_libspace                          0x080003cd   Thumb Code     8  libspace.o(.text)
    __user_perproc_libspace                  0x080003cd   Thumb Code     0  libspace.o(.text)
    __user_perthread_libspace                0x080003cd   Thumb Code     0  libspace.o(.text)
    __user_setup_stackheap                   0x080003d5   Thumb Code    74  sys_stackheap_outer.o(.text)
    exit                                     0x0800041f   Thumb Code    18  exit.o(.text)
    _sys_exit                                0x08000431   Thumb Code     8  sys_exit.o(.text)
    __I$use$semihosting                      0x0800043d   Thumb Code     0  use_no_semi.o(.text)
    __use_no_semihosting_swi                 0x0800043d   Thumb Code     2  use_no_semi.o(.text)
    __semihosting_library_function           0x0800043f   Thumb Code     0  indicate_semi.o(.text)
    BusFault_Handler                         0x08000441   Thumb Code     2  stm32f4xx_it.o(.text.BusFault_Handler)
    CAN1_RX0_IRQHandler                      0x08000445   Thumb Code    12  stm32f4xx_it.o(.text.CAN1_RX0_IRQHandler)
    DJIMoto_State_Init                       0x08000451   Thumb Code    82  djimotodriver.o(.text.DJIMoto_State_Init)
    DJI_SaveMotoMsg                          0x080004a5   Thumb Code    88  djimotodriver.o(.text.DJI_SaveMotoMsg)
    DMA2_Stream1_IRQHandler                  0x080004fd   Thumb Code    12  stm32f4xx_it.o(.text.DMA2_Stream1_IRQHandler)
    DMA2_Stream6_IRQHandler                  0x08000509   Thumb Code    12  stm32f4xx_it.o(.text.DMA2_Stream6_IRQHandler)
    DebugMon_Handler                         0x08000515   Thumb Code     2  stm32f4xx_it.o(.text.DebugMon_Handler)
    Error_Handler                            0x08000519   Thumb Code     6  main.o(.text.Error_Handler)
    HAL_CAN_ActivateNotification             0x08000521   Thumb Code    46  stm32f4xx_hal_can.o(.text.HAL_CAN_ActivateNotification)
    HAL_CAN_AddTxMessage                     0x08000551   Thumb Code   168  stm32f4xx_hal_can.o(.text.HAL_CAN_AddTxMessage)
    HAL_CAN_ConfigFilter                     0x080005f9   Thumb Code   222  stm32f4xx_hal_can.o(.text.HAL_CAN_ConfigFilter)
    HAL_CAN_ErrorCallback                    0x080006d9   Thumb Code     2  stm32f4xx_hal_can.o(.text.HAL_CAN_ErrorCallback)
    HAL_CAN_GetRxMessage                     0x080006dd   Thumb Code   308  stm32f4xx_hal_can.o(.text.HAL_CAN_GetRxMessage)
    HAL_CAN_IRQHandler                       0x08000811   Thumb Code   606  stm32f4xx_hal_can.o(.text.HAL_CAN_IRQHandler)
    HAL_CAN_Init                             0x08000a71   Thumb Code   244  stm32f4xx_hal_can.o(.text.HAL_CAN_Init)
    HAL_CAN_MspInit                          0x08000b65   Thumb Code   120  can.o(.text.HAL_CAN_MspInit)
    HAL_CAN_RxFifo0FullCallback              0x08000bdd   Thumb Code     2  stm32f4xx_hal_can.o(.text.HAL_CAN_RxFifo0FullCallback)
    HAL_CAN_RxFifo0MsgPendingCallback        0x08000be1   Thumb Code    68  motortask.o(.text.HAL_CAN_RxFifo0MsgPendingCallback)
    HAL_CAN_RxFifo1FullCallback              0x08000c25   Thumb Code     2  stm32f4xx_hal_can.o(.text.HAL_CAN_RxFifo1FullCallback)
    HAL_CAN_RxFifo1MsgPendingCallback        0x08000c29   Thumb Code     2  stm32f4xx_hal_can.o(.text.HAL_CAN_RxFifo1MsgPendingCallback)
    HAL_CAN_SleepCallback                    0x08000c2d   Thumb Code     2  stm32f4xx_hal_can.o(.text.HAL_CAN_SleepCallback)
    HAL_CAN_Start                            0x08000c31   Thumb Code    90  stm32f4xx_hal_can.o(.text.HAL_CAN_Start)
    HAL_CAN_TxMailbox0AbortCallback          0x08000c8d   Thumb Code     2  stm32f4xx_hal_can.o(.text.HAL_CAN_TxMailbox0AbortCallback)
    HAL_CAN_TxMailbox0CompleteCallback       0x08000c91   Thumb Code     2  stm32f4xx_hal_can.o(.text.HAL_CAN_TxMailbox0CompleteCallback)
    HAL_CAN_TxMailbox1AbortCallback          0x08000c95   Thumb Code     2  stm32f4xx_hal_can.o(.text.HAL_CAN_TxMailbox1AbortCallback)
    HAL_CAN_TxMailbox1CompleteCallback       0x08000c99   Thumb Code     2  stm32f4xx_hal_can.o(.text.HAL_CAN_TxMailbox1CompleteCallback)
    HAL_CAN_TxMailbox2AbortCallback          0x08000c9d   Thumb Code     2  stm32f4xx_hal_can.o(.text.HAL_CAN_TxMailbox2AbortCallback)
    HAL_CAN_TxMailbox2CompleteCallback       0x08000ca1   Thumb Code     2  stm32f4xx_hal_can.o(.text.HAL_CAN_TxMailbox2CompleteCallback)
    HAL_CAN_WakeUpFromRxMsgCallback          0x08000ca5   Thumb Code     2  stm32f4xx_hal_can.o(.text.HAL_CAN_WakeUpFromRxMsgCallback)
    HAL_DMA_Abort                            0x08000ca9   Thumb Code   142  stm32f4xx_hal_dma.o(.text.HAL_DMA_Abort)
    HAL_DMA_Abort_IT                         0x08000d39   Thumb Code    36  stm32f4xx_hal_dma.o(.text.HAL_DMA_Abort_IT)
    HAL_DMA_GetState                         0x08000d5d   Thumb Code     6  stm32f4xx_hal_dma.o(.text.HAL_DMA_GetState)
    HAL_DMA_IRQHandler                       0x08000d65   Thumb Code   448  stm32f4xx_hal_dma.o(.text.HAL_DMA_IRQHandler)
    HAL_DMA_Init                             0x08000f25   Thumb Code   354  stm32f4xx_hal_dma.o(.text.HAL_DMA_Init)
    HAL_DMA_Start_IT                         0x08001089   Thumb Code   158  stm32f4xx_hal_dma.o(.text.HAL_DMA_Start_IT)
    HAL_GPIO_Init                            0x08001129   Thumb Code   422  stm32f4xx_hal_gpio.o(.text.HAL_GPIO_Init)
    HAL_GetTick                              0x080012d1   Thumb Code    12  stm32f4xx_hal.o(.text.HAL_GetTick)
    HAL_I2C_AbortCpltCallback                0x080012dd   Thumb Code     2  stm32f4xx_hal_i2c.o(.text.HAL_I2C_AbortCpltCallback)
    HAL_I2C_AddrCallback                     0x080012e1   Thumb Code     2  stm32f4xx_hal_i2c.o(.text.HAL_I2C_AddrCallback)
    HAL_I2C_EV_IRQHandler                    0x080012e5   Thumb Code  1548  stm32f4xx_hal_i2c.o(.text.HAL_I2C_EV_IRQHandler)
    HAL_I2C_ErrorCallback                    0x080018f1   Thumb Code     2  stm32f4xx_hal_i2c.o(.text.HAL_I2C_ErrorCallback)
    HAL_I2C_Init                             0x080018f5   Thumb Code   374  stm32f4xx_hal_i2c.o(.text.HAL_I2C_Init)
    HAL_I2C_ListenCpltCallback               0x08001a6d   Thumb Code     2  stm32f4xx_hal_i2c.o(.text.HAL_I2C_ListenCpltCallback)
    HAL_I2C_MasterRxCpltCallback             0x08001a71   Thumb Code     2  stm32f4xx_hal_i2c.o(.text.HAL_I2C_MasterRxCpltCallback)
    HAL_I2C_MasterTxCpltCallback             0x08001a75   Thumb Code     2  stm32f4xx_hal_i2c.o(.text.HAL_I2C_MasterTxCpltCallback)
    HAL_I2C_Master_Receive                   0x08001a79   Thumb Code   788  stm32f4xx_hal_i2c.o(.text.HAL_I2C_Master_Receive)
    HAL_I2C_Master_Transmit                  0x08001d8d   Thumb Code   468  stm32f4xx_hal_i2c.o(.text.HAL_I2C_Master_Transmit)
    HAL_I2C_MemRxCpltCallback                0x08001f61   Thumb Code     2  stm32f4xx_hal_i2c.o(.text.HAL_I2C_MemRxCpltCallback)
    HAL_I2C_MemTxCpltCallback                0x08001f65   Thumb Code     2  stm32f4xx_hal_i2c.o(.text.HAL_I2C_MemTxCpltCallback)
    HAL_I2C_MspInit                          0x08001f69   Thumb Code   120  i2c.o(.text.HAL_I2C_MspInit)
    HAL_I2C_SlaveRxCpltCallback              0x08001fe1   Thumb Code     2  stm32f4xx_hal_i2c.o(.text.HAL_I2C_SlaveRxCpltCallback)
    HAL_I2C_SlaveTxCpltCallback              0x08001fe5   Thumb Code     2  stm32f4xx_hal_i2c.o(.text.HAL_I2C_SlaveTxCpltCallback)
    HAL_IncTick                              0x08001fe9   Thumb Code    26  stm32f4xx_hal.o(.text.HAL_IncTick)
    HAL_Init                                 0x08002005   Thumb Code    54  stm32f4xx_hal.o(.text.HAL_Init)
    HAL_InitTick                             0x0800203d   Thumb Code   180  stm32f4xx_hal_timebase_tim.o(.text.HAL_InitTick)
    HAL_MspInit                              0x080020f1   Thumb Code    66  stm32f4xx_hal_msp.o(.text.HAL_MspInit)
    HAL_NVIC_EnableIRQ                       0x08002135   Thumb Code    38  stm32f4xx_hal_cortex.o(.text.HAL_NVIC_EnableIRQ)
    HAL_NVIC_SetPriority                     0x0800215d   Thumb Code    86  stm32f4xx_hal_cortex.o(.text.HAL_NVIC_SetPriority)
    HAL_NVIC_SetPriorityGrouping             0x080021b5   Thumb Code    32  stm32f4xx_hal_cortex.o(.text.HAL_NVIC_SetPriorityGrouping)
    HAL_RCC_ClockConfig                      0x080021d5   Thumb Code   352  stm32f4xx_hal_rcc.o(.text.HAL_RCC_ClockConfig)
    HAL_RCC_GetClockConfig                   0x08002335   Thumb Code    62  stm32f4xx_hal_rcc.o(.text.HAL_RCC_GetClockConfig)
    HAL_RCC_GetPCLK1Freq                     0x08002375   Thumb Code    38  stm32f4xx_hal_rcc.o(.text.HAL_RCC_GetPCLK1Freq)
    HAL_RCC_GetPCLK2Freq                     0x0800239d   Thumb Code    38  stm32f4xx_hal_rcc.o(.text.HAL_RCC_GetPCLK2Freq)
    HAL_RCC_GetSysClockFreq                  0x080023c5   Thumb Code   106  stm32f4xx_hal_rcc.o(.text.HAL_RCC_GetSysClockFreq)
    HAL_RCC_OscConfig                        0x08002431   Thumb Code   884  stm32f4xx_hal_rcc.o(.text.HAL_RCC_OscConfig)
    HAL_TIMEx_BreakCallback                  0x080027a5   Thumb Code     2  stm32f4xx_hal_tim_ex.o(.text.HAL_TIMEx_BreakCallback)
    HAL_TIMEx_CommutCallback                 0x080027a9   Thumb Code     2  stm32f4xx_hal_tim_ex.o(.text.HAL_TIMEx_CommutCallback)
    HAL_TIM_Base_Init                        0x080027ad   Thumb Code    90  stm32f4xx_hal_tim.o(.text.HAL_TIM_Base_Init)
    HAL_TIM_Base_MspInit                     0x08002809   Thumb Code     2  stm32f4xx_hal_tim.o(.text.HAL_TIM_Base_MspInit)
    HAL_TIM_Base_Start_IT                    0x0800280d   Thumb Code   170  stm32f4xx_hal_tim.o(.text.HAL_TIM_Base_Start_IT)
    HAL_TIM_IC_CaptureCallback               0x080028b9   Thumb Code     2  stm32f4xx_hal_tim.o(.text.HAL_TIM_IC_CaptureCallback)
    HAL_TIM_IRQHandler                       0x080028bd   Thumb Code   334  stm32f4xx_hal_tim.o(.text.HAL_TIM_IRQHandler)
    HAL_TIM_OC_DelayElapsedCallback          0x08002a0d   Thumb Code     2  stm32f4xx_hal_tim.o(.text.HAL_TIM_OC_DelayElapsedCallback)
    HAL_TIM_PWM_PulseFinishedCallback        0x08002a11   Thumb Code     2  stm32f4xx_hal_tim.o(.text.HAL_TIM_PWM_PulseFinishedCallback)
    HAL_TIM_PeriodElapsedCallback            0x08002a15   Thumb Code    18  main.o(.text.HAL_TIM_PeriodElapsedCallback)
    HAL_TIM_TriggerCallback                  0x08002a29   Thumb Code     2  stm32f4xx_hal_tim.o(.text.HAL_TIM_TriggerCallback)
    HAL_UARTEx_RxEventCallback               0x08002a2d   Thumb Code     2  stm32f4xx_hal_uart.o(.text.HAL_UARTEx_RxEventCallback)
    HAL_UART_ErrorCallback                   0x08002a31   Thumb Code     2  stm32f4xx_hal_uart.o(.text.HAL_UART_ErrorCallback)
    HAL_UART_IRQHandler                      0x08002a35   Thumb Code  1412  stm32f4xx_hal_uart.o(.text.HAL_UART_IRQHandler)
    HAL_UART_Init                            0x08002fb9   Thumb Code    96  stm32f4xx_hal_uart.o(.text.HAL_UART_Init)
    HAL_UART_MspInit                         0x08003019   Thumb Code   254  usart.o(.text.HAL_UART_MspInit)
    HAL_UART_RxCpltCallback                  0x08003119   Thumb Code     2  stm32f4xx_hal_uart.o(.text.HAL_UART_RxCpltCallback)
    HAL_UART_Transmit_DMA                    0x0800311d   Thumb Code   204  stm32f4xx_hal_uart.o(.text.HAL_UART_Transmit_DMA)
    HAL_UART_TxCpltCallback                  0x080031e9   Thumb Code     2  stm32f4xx_hal_uart.o(.text.HAL_UART_TxCpltCallback)
    HAL_UART_TxHalfCpltCallback              0x080031ed   Thumb Code     2  stm32f4xx_hal_uart.o(.text.HAL_UART_TxHalfCpltCallback)
    HardFault_Handler                        0x080031f1   Thumb Code     2  stm32f4xx_it.o(.text.HardFault_Handler)
    I2C2_EV_IRQHandler                       0x080031f5   Thumb Code    12  stm32f4xx_it.o(.text.I2C2_EV_IRQHandler)
    INA226_GetPower                          0x08003db9   Thumb Code   116  ina226.o(.text.INA226_GetPower)
    INA226_init                              0x08003e2d   Thumb Code    96  ina226.o(.text.INA226_init)
    MX_CAN1_Init                             0x08003e8d   Thumb Code    68  can.o(.text.MX_CAN1_Init)
    MX_DMA_Init                              0x08003ed1   Thumb Code    72  dma.o(.text.MX_DMA_Init)
    MX_FREERTOS_Init                         0x08003f19   Thumb Code   140  freertos.o(.text.MX_FREERTOS_Init)
    MX_GPIO_Init                             0x08003fa5   Thumb Code   116  gpio.o(.text.MX_GPIO_Init)
    MX_I2C2_Init                             0x08004019   Thumb Code    66  i2c.o(.text.MX_I2C2_Init)
    MX_USART6_UART_Init                      0x0800405d   Thumb Code    60  usart.o(.text.MX_USART6_UART_Init)
    MemManage_Handler                        0x08004099   Thumb Code     2  stm32f4xx_it.o(.text.MemManage_Handler)
    NMI_Handler                              0x0800409d   Thumb Code     2  stm32f4xx_it.o(.text.NMI_Handler)
    PID_calc                                 0x080040a1   Thumb Code   368  pid.o(.text.PID_calc)
    PID_init                                 0x08004211   Thumb Code    46  pid.o(.text.PID_init)
    PendSV_Handler                           0x08004241   Thumb Code   100  port.o(.text.PendSV_Handler)
    SVC_Handler                              0x080042b1   Thumb Code    36  port.o(.text.SVC_Handler)
    SetMoto_Current                          0x080042d5   Thumb Code    92  djimotodriver.o(.text.SetMoto_Current)
    SysTick_Handler                          0x08004331   Thumb Code    46  port.o(.text.SysTick_Handler)
    SystemClock_Config                       0x08004361   Thumb Code   168  main.o(.text.SystemClock_Config)
    SystemInit                               0x08004409   Thumb Code    18  system_stm32f4xx.o(.text.SystemInit)
    TIM1_UP_TIM10_IRQHandler                 0x0800441d   Thumb Code    12  stm32f4xx_it.o(.text.TIM1_UP_TIM10_IRQHandler)
    TIM_Base_SetConfig                       0x08004429   Thumb Code   322  stm32f4xx_hal_tim.o(.text.TIM_Base_SetConfig)
    USART6_IRQHandler                        0x0800499d   Thumb Code    12  stm32f4xx_it.o(.text.USART6_IRQHandler)
    Update_MotoState                         0x080049a9   Thumb Code   400  djimotodriver.o(.text.Update_MotoState)
    Update_Motopower                         0x08004b39   Thumb Code   752  djimotodriver.o(.text.Update_Motopower)
    UsageFault_Handler                       0x08004e29   Thumb Code     2  stm32f4xx_it.o(.text.UsageFault_Handler)
    VofaTask                                 0x08004e2d   Thumb Code    90  vofatask.o(.text.VofaTask)
    Vofa_Send_Data3                          0x08004e89   Thumb Code    30  vofa_send.o(.text.Vofa_Send_Data3)
    can_filter_init                          0x08004ea9   Thumb Code    60  bsp_can.o(.text.can_filter_init)
    main                                     0x08004ee5   Thumb Code    42  main.o(.text.main)
    motorTask                                0x08004f11   Thumb Code   876  motortask.o(.text.motorTask)
    osKernelStart                            0x0800527d   Thumb Code    10  cmsis_os.o(.text.osKernelStart)
    osThreadCreate                           0x08005289   Thumb Code    92  cmsis_os.o(.text.osThreadCreate)
    pvPortMalloc                             0x080055e9   Thumb Code   522  heap_4.o(.text.pvPortMalloc)
    pxPortInitialiseStack                    0x080057f5   Thumb Code    40  port.o(.text.pxPortInitialiseStack)
    uxListRemove                             0x0800581d   Thumb Code    36  list.o(.text.uxListRemove)
    vApplicationGetIdleTaskMemory            0x08005841   Thumb Code    26  freertos.o(.text.vApplicationGetIdleTaskMemory)
    vListInitialise                          0x0800585d   Thumb Code    22  list.o(.text.vListInitialise)
    vListInitialiseItem                      0x08005875   Thumb Code     6  list.o(.text.vListInitialiseItem)
    vListInsert                              0x0800587d   Thumb Code    98  list.o(.text.vListInsert)
    vListInsertEnd                           0x080058e1   Thumb Code    28  list.o(.text.vListInsertEnd)
    vPortEnterCritical                       0x08005911   Thumb Code    70  port.o(.text.vPortEnterCritical)
    vPortExitCritical                        0x08005959   Thumb Code    46  port.o(.text.vPortExitCritical)
    vPortFree                                0x08005989   Thumb Code   212  heap_4.o(.text.vPortFree)
    vPortSetupTimerInterrupt                 0x08005a5d   Thumb Code    52  port.o(.text.vPortSetupTimerInterrupt)
    vTaskDelay                               0x08005a91   Thumb Code   158  tasks.o(.text.vTaskDelay)
    vTaskStartScheduler                      0x08005b31   Thumb Code   196  tasks.o(.text.vTaskStartScheduler)
    vTaskSuspendAll                          0x08005bfd   Thumb Code    16  tasks.o(.text.vTaskSuspendAll)
    vTaskSwitchContext                       0x08005c0d   Thumb Code   110  tasks.o(.text.vTaskSwitchContext)
    xPortStartScheduler                      0x08005c7d   Thumb Code   388  port.o(.text.xPortStartScheduler)
    xTaskCreate                              0x08005e01   Thumb Code    96  tasks.o(.text.xTaskCreate)
    xTaskCreateStatic                        0x08005e61   Thumb Code   118  tasks.o(.text.xTaskCreateStatic)
    xTaskIncrementTick                       0x08005ed9   Thumb Code   262  tasks.o(.text.xTaskIncrementTick)
    xTaskResumeAll                           0x08005fe1   Thumb Code   234  tasks.o(.text.xTaskResumeAll)
    __hardfp_sqrt                            0x080060cb   Thumb Code   122  sqrt.o(i.__hardfp_sqrt)
    __aeabi_d2f                              0x08006145   Thumb Code     0  d2f.o(x$fpl$d2f)
    _d2f                                     0x08006145   Thumb Code    98  d2f.o(x$fpl$d2f)
    __aeabi_dadd                             0x080061a9   Thumb Code     0  daddsub_clz.o(x$fpl$dadd)
    _dadd                                    0x080061a9   Thumb Code   332  daddsub_clz.o(x$fpl$dadd)
    __fpl_dcmp_Inf                           0x080062f9   Thumb Code    24  dcmpi.o(x$fpl$dcmpinf)
    __aeabi_ddiv                             0x08006311   Thumb Code     0  ddiv.o(x$fpl$ddiv)
    _ddiv                                    0x08006311   Thumb Code   556  ddiv.o(x$fpl$ddiv)
    __aeabi_cdcmpeq                          0x080065c5   Thumb Code     0  deqf.o(x$fpl$deqf)
    _dcmpeq                                  0x080065c5   Thumb Code   120  deqf.o(x$fpl$deqf)
    __aeabi_d2iz                             0x0800663d   Thumb Code     0  dfix.o(x$fpl$dfix)
    _dfix                                    0x0800663d   Thumb Code    94  dfix.o(x$fpl$dfix)
    __aeabi_i2d                              0x0800669b   Thumb Code     0  dflt_clz.o(x$fpl$dflt)
    _dflt                                    0x0800669b   Thumb Code    46  dflt_clz.o(x$fpl$dflt)
    __aeabi_cdcmpge                          0x080066c9   Thumb Code     0  dgeqf.o(x$fpl$dgeqf)
    _dcmpge                                  0x080066c9   Thumb Code   120  dgeqf.o(x$fpl$dgeqf)
    __aeabi_cdcmple                          0x08006741   Thumb Code     0  dleqf.o(x$fpl$dleqf)
    _dcmple                                  0x08006741   Thumb Code   120  dleqf.o(x$fpl$dleqf)
    __fpl_dcmple_InfNaN                      0x080067a3   Thumb Code     0  dleqf.o(x$fpl$dleqf)
    __aeabi_dmul                             0x080067b9   Thumb Code     0  dmul.o(x$fpl$dmul)
    _dmul                                    0x080067b9   Thumb Code   332  dmul.o(x$fpl$dmul)
    __fpl_dnaninf                            0x0800690d   Thumb Code   156  dnaninf.o(x$fpl$dnaninf)
    __fpl_dretinf                            0x080069a9   Thumb Code    12  dretinf.o(x$fpl$dretinf)
    _dsqrt                                   0x080069b5   Thumb Code   404  dsqrt_umaal.o(x$fpl$dsqrt)
    __aeabi_dsub                             0x08006b4d   Thumb Code     0  daddsub_clz.o(x$fpl$dsub)
    _dsub                                    0x08006b4d   Thumb Code   472  daddsub_clz.o(x$fpl$dsub)
    __aeabi_f2d                              0x08006d29   Thumb Code     0  f2d.o(x$fpl$f2d)
    _f2d                                     0x08006d29   Thumb Code    86  f2d.o(x$fpl$f2d)
    __aeabi_dcmpeq                           0x08006d7f   Thumb Code     0  dcmp.o(x$fpl$fcmp)
    _deq                                     0x08006d7f   Thumb Code    14  dcmp.o(x$fpl$fcmp)
    _dneq                                    0x08006d8d   Thumb Code    14  dcmp.o(x$fpl$fcmp)
    __aeabi_dcmpgt                           0x08006d9b   Thumb Code     0  dcmp.o(x$fpl$fcmp)
    _dgr                                     0x08006d9b   Thumb Code    14  dcmp.o(x$fpl$fcmp)
    __aeabi_dcmpge                           0x08006da9   Thumb Code     0  dcmp.o(x$fpl$fcmp)
    _dgeq                                    0x08006da9   Thumb Code    14  dcmp.o(x$fpl$fcmp)
    __aeabi_dcmple                           0x08006db7   Thumb Code     0  dcmp.o(x$fpl$fcmp)
    _dleq                                    0x08006db7   Thumb Code    14  dcmp.o(x$fpl$fcmp)
    __aeabi_dcmplt                           0x08006dc5   Thumb Code     0  dcmp.o(x$fpl$fcmp)
    _dls                                     0x08006dc5   Thumb Code    14  dcmp.o(x$fpl$fcmp)
    __fpl_fnaninf                            0x08006dd3   Thumb Code   140  fnaninf.o(x$fpl$fnaninf)
    _fp_init                                 0x08006e5f   Thumb Code    26  fpinit.o(x$fpl$fpinit)
    __fplib_config_fpu_vfp                   0x08006e77   Thumb Code     0  fpinit.o(x$fpl$fpinit)
    __fplib_config_pureend_doubles           0x08006e77   Thumb Code     0  fpinit.o(x$fpl$fpinit)
    __fpl_fretinf                            0x08006e79   Thumb Code    10  fretinf.o(x$fpl$fretinf)
    AHBPrescTable                            0x08006e82   Data          16  system_stm32f4xx.o(.rodata.AHBPrescTable)
    __I$use$fp                               0x08006e82   Number         0  usenofp.o(x$fpl$usenofp)
    APBPrescTable                            0x08006e92   Data           8  system_stm32f4xx.o(.rodata.APBPrescTable)
    Region$$Table$$Base                      0x08006eb0   Number         0  anon$$obj.o(Region$$Table)
    Region$$Table$$Limit                     0x08006ed0   Number         0  anon$$obj.o(Region$$Table)
    uwTickFreq                               0x20000000   Data           1  stm32f4xx_hal.o(.data..L_MergedGlobals)
    uwTickPrio                               0x20000004   Data           4  stm32f4xx_hal.o(.data..L_MergedGlobals)
    power_set                                0x20000008   Data           4  motortask.o(.data..L_MergedGlobals)
    v_set                                    0x2000000c   Data           4  motortask.o(.data..L_MergedGlobals)
    SystemCoreClock                          0x20000010   Data           4  system_stm32f4xx.o(.data.SystemCoreClock)
    Vofa_data_3                              0x20000014   Data          16  vofa_send.o(.data.Vofa_data_3)
    k                                        0x20000028   Data         192  motortask.o(.data.k)
    __libspace_start                         0x200000f0   Data          96  libspace.o(.bss)
    __temporary_stack_top$libspace           0x20000150   Data           0  libspace.o(.bss)
    motorHandle                              0x20000150   Data           4  freertos.o(.bss..L_MergedGlobals)
    VofaHandle                               0x20000154   Data           4  freertos.o(.bss..L_MergedGlobals)
    pxCurrentTCB                             0x20000158   Data           4  tasks.o(.bss..L_MergedGlobals)
    rx_data_lk_and_mt                        0x200001f9   Data           8  djimotodriver.o(.bss..L_MergedGlobals)
    start                                    0x2000022c   Data           1  motortask.o(.bss..L_MergedGlobals.1)
    time_cnt                                 0x20000230   Data           4  motortask.o(.bss..L_MergedGlobals.1)
    give_current                             0x20000234   Data          16  motortask.o(.bss..L_MergedGlobals.1)
    power_ina226                             0x20000244   Data          16  motortask.o(.bss..L_MergedGlobals.1)
    motor_speed                              0x20000254   Data          16  motortask.o(.bss..L_MergedGlobals.1)
    pre_power                                0x20000264   Data          16  motortask.o(.bss..L_MergedGlobals.1)
    dect                                     0x20000274   Data          20  ina226.o(.bss.dect)
    hcan1                                    0x20000288   Data          40  can.o(.bss.hcan1)
    hdma_usart6_rx                           0x200002b0   Data          96  usart.o(.bss.hdma_usart6_rx)
    hdma_usart6_tx                           0x20000310   Data          96  usart.o(.bss.hdma_usart6_tx)
    hi2c2                                    0x20000370   Data          84  i2c.o(.bss.hi2c2)
    htim1                                    0x200003c4   Data          72  stm32f4xx_hal_timebase_tim.o(.bss.htim1)
    huart6                                   0x2000040c   Data          72  usart.o(.bss.huart6)
    ina226_data                              0x20000454   Data          12  ina226.o(.bss.ina226_data)
    m3508                                    0x20000460   Data         448  motortask.o(.bss.m3508)
    motor_current                            0x20000620   Data           4  motortask.o(.bss.motor_current)
    motor_current_pid                        0x20000624   Data          72  motortask.o(.bss.motor_current_pid)
    motor_power_pid                          0x2000066c   Data          72  motortask.o(.bss.motor_power_pid)
    motor_speed_pid                          0x200006b4   Data          72  motortask.o(.bss.motor_speed_pid)
    uwTick                                   0x20004388   Data           4  stm32f4xx_hal.o(.bss.uwTick)



==============================================================================

Memory Map of the image

  Image Entry point : 0x08000189

  Load Region LR_IROM1 (Base: 0x08000000, Size: 0x00006fc0, Max: 0x00100000, ABSOLUTE)

    Execution Region ER_IROM1 (Exec base: 0x08000000, Load base: 0x08000000, Size: 0x00006ed0, Max: 0x00100000, ABSOLUTE)

    Exec Addr    Load Addr    Size         Type   Attr      Idx    E Section Name        Object

    0x08000000   0x08000000   0x00000188   Data   RO            3    RESET               startup_stm32f407xx.o
    0x08000188   0x08000188   0x00000008   Code   RO         1784  * !!!main             c_w.l(__main.o)
    0x08000190   0x08000190   0x00000034   Code   RO         2023    !!!scatter          c_w.l(__scatter.o)
    0x080001c4   0x080001c4   0x0000001a   Code   RO         2025    !!handler_copy      c_w.l(__scatter_copy.o)
    0x080001de   0x080001de   0x00000002   PAD
    0x080001e0   0x080001e0   0x0000001c   Code   RO         2027    !!handler_zi        c_w.l(__scatter_zi.o)
    0x080001fc   0x080001fc   0x00000002   Code   RO         1888    .ARM.Collect$$libinit$$00000000  c_w.l(libinit.o)
    0x080001fe   0x080001fe   0x00000004   Code   RO         1897    .ARM.Collect$$libinit$$00000001  c_w.l(libinit2.o)
    0x08000202   0x08000202   0x00000000   Code   RO         1900    .ARM.Collect$$libinit$$00000004  c_w.l(libinit2.o)
    0x08000202   0x08000202   0x00000000   Code   RO         1902    .ARM.Collect$$libinit$$00000006  c_w.l(libinit2.o)
    0x08000202   0x08000202   0x00000000   Code   RO         1905    .ARM.Collect$$libinit$$0000000C  c_w.l(libinit2.o)
    0x08000202   0x08000202   0x00000000   Code   RO         1907    .ARM.Collect$$libinit$$0000000E  c_w.l(libinit2.o)
    0x08000202   0x08000202   0x00000000   Code   RO         1909    .ARM.Collect$$libinit$$00000010  c_w.l(libinit2.o)
    0x08000202   0x08000202   0x00000000   Code   RO         1912    .ARM.Collect$$libinit$$00000013  c_w.l(libinit2.o)
    0x08000202   0x08000202   0x00000000   Code   RO         1914    .ARM.Collect$$libinit$$00000015  c_w.l(libinit2.o)
    0x08000202   0x08000202   0x00000000   Code   RO         1916    .ARM.Collect$$libinit$$00000017  c_w.l(libinit2.o)
    0x08000202   0x08000202   0x00000000   Code   RO         1918    .ARM.Collect$$libinit$$00000019  c_w.l(libinit2.o)
    0x08000202   0x08000202   0x00000000   Code   RO         1920    .ARM.Collect$$libinit$$0000001B  c_w.l(libinit2.o)
    0x08000202   0x08000202   0x00000000   Code   RO         1922    .ARM.Collect$$libinit$$0000001D  c_w.l(libinit2.o)
    0x08000202   0x08000202   0x00000000   Code   RO         1924    .ARM.Collect$$libinit$$0000001F  c_w.l(libinit2.o)
    0x08000202   0x08000202   0x00000000   Code   RO         1926    .ARM.Collect$$libinit$$00000021  c_w.l(libinit2.o)
    0x08000202   0x08000202   0x00000000   Code   RO         1928    .ARM.Collect$$libinit$$00000023  c_w.l(libinit2.o)
    0x08000202   0x08000202   0x00000000   Code   RO         1930    .ARM.Collect$$libinit$$00000025  c_w.l(libinit2.o)
    0x08000202   0x08000202   0x00000000   Code   RO         1932    .ARM.Collect$$libinit$$00000027  c_w.l(libinit2.o)
    0x08000202   0x08000202   0x00000000   Code   RO         1936    .ARM.Collect$$libinit$$0000002E  c_w.l(libinit2.o)
    0x08000202   0x08000202   0x00000000   Code   RO         1938    .ARM.Collect$$libinit$$00000030  c_w.l(libinit2.o)
    0x08000202   0x08000202   0x00000000   Code   RO         1940    .ARM.Collect$$libinit$$00000032  c_w.l(libinit2.o)
    0x08000202   0x08000202   0x00000000   Code   RO         1942    .ARM.Collect$$libinit$$00000034  c_w.l(libinit2.o)
    0x08000202   0x08000202   0x00000002   Code   RO         1943    .ARM.Collect$$libinit$$00000035  c_w.l(libinit2.o)
    0x08000204   0x08000204   0x00000002   Code   RO         1978    .ARM.Collect$$libshutdown$$00000000  c_w.l(libshutdown.o)
    0x08000206   0x08000206   0x00000000   Code   RO         2006    .ARM.Collect$$libshutdown$$00000002  c_w.l(libshutdown2.o)
    0x08000206   0x08000206   0x00000000   Code   RO         2008    .ARM.Collect$$libshutdown$$00000004  c_w.l(libshutdown2.o)
    0x08000206   0x08000206   0x00000000   Code   RO         2011    .ARM.Collect$$libshutdown$$00000007  c_w.l(libshutdown2.o)
    0x08000206   0x08000206   0x00000000   Code   RO         2014    .ARM.Collect$$libshutdown$$0000000A  c_w.l(libshutdown2.o)
    0x08000206   0x08000206   0x00000000   Code   RO         2016    .ARM.Collect$$libshutdown$$0000000C  c_w.l(libshutdown2.o)
    0x08000206   0x08000206   0x00000000   Code   RO         2019    .ARM.Collect$$libshutdown$$0000000F  c_w.l(libshutdown2.o)
    0x08000206   0x08000206   0x00000002   Code   RO         2020    .ARM.Collect$$libshutdown$$00000010  c_w.l(libshutdown2.o)
    0x08000208   0x08000208   0x00000000   Code   RO         1820    .ARM.Collect$$rtentry$$00000000  c_w.l(__rtentry.o)
    0x08000208   0x08000208   0x00000000   Code   RO         1849    .ARM.Collect$$rtentry$$00000002  c_w.l(__rtentry2.o)
    0x08000208   0x08000208   0x00000006   Code   RO         1861    .ARM.Collect$$rtentry$$00000004  c_w.l(__rtentry4.o)
    0x0800020e   0x0800020e   0x00000000   Code   RO         1851    .ARM.Collect$$rtentry$$00000009  c_w.l(__rtentry2.o)
    0x0800020e   0x0800020e   0x00000004   Code   RO         1852    .ARM.Collect$$rtentry$$0000000A  c_w.l(__rtentry2.o)
    0x08000212   0x08000212   0x00000000   Code   RO         1854    .ARM.Collect$$rtentry$$0000000C  c_w.l(__rtentry2.o)
    0x08000212   0x08000212   0x00000008   Code   RO         1855    .ARM.Collect$$rtentry$$0000000D  c_w.l(__rtentry2.o)
    0x0800021a   0x0800021a   0x00000002   Code   RO         1889    .ARM.Collect$$rtexit$$00000000  c_w.l(rtexit.o)
    0x0800021c   0x0800021c   0x00000000   Code   RO         1949    .ARM.Collect$$rtexit$$00000002  c_w.l(rtexit2.o)
    0x0800021c   0x0800021c   0x00000004   Code   RO         1950    .ARM.Collect$$rtexit$$00000003  c_w.l(rtexit2.o)
    0x08000220   0x08000220   0x00000006   Code   RO         1951    .ARM.Collect$$rtexit$$00000004  c_w.l(rtexit2.o)
    0x08000226   0x08000226   0x00000002   PAD
    0x08000228   0x08000228   0x00000040   Code   RO            4    .text               startup_stm32f407xx.o
    0x08000268   0x08000268   0x000000f0   Code   RO         1774    .text               c_w.l(lludivv7m.o)
    0x08000358   0x08000358   0x0000004e   Code   RO         1780    .text               c_w.l(rt_memclr_w.o)
    0x080003a6   0x080003a6   0x00000006   Code   RO         1782    .text               c_w.l(heapauxi.o)
    0x080003ac   0x080003ac   0x00000016   Code   RO         1825    .text               c_w.l(_rserrno.o)
    0x080003c2   0x080003c2   0x00000002   PAD
    0x080003c4   0x080003c4   0x00000008   Code   RO         1868    .text               c_w.l(rt_errno_addr_intlibspace.o)
    0x080003cc   0x080003cc   0x00000008   Code   RO         1872    .text               c_w.l(libspace.o)
    0x080003d4   0x080003d4   0x0000004a   Code   RO         1875    .text               c_w.l(sys_stackheap_outer.o)
    0x0800041e   0x0800041e   0x00000012   Code   RO         1877    .text               c_w.l(exit.o)
    0x08000430   0x08000430   0x0000000c   Code   RO         1944    .text               c_w.l(sys_exit.o)
    0x0800043c   0x0800043c   0x00000002   Code   RO         1967    .text               c_w.l(use_no_semi.o)
    0x0800043e   0x0800043e   0x00000000   Code   RO         1969    .text               c_w.l(indicate_semi.o)
    0x0800043e   0x0800043e   0x00000002   PAD
    0x08000440   0x08000440   0x00000002   Code   RO          118    .text.BusFault_Handler  stm32f4xx_it.o
    0x08000442   0x08000442   0x00000002   PAD
    0x08000444   0x08000444   0x0000000c   Code   RO          124    .text.CAN1_RX0_IRQHandler  stm32f4xx_it.o
    0x08000450   0x08000450   0x00000052   Code   RO         1720    .text.DJIMoto_State_Init  djimotodriver.o
    0x080004a2   0x080004a2   0x00000002   PAD
    0x080004a4   0x080004a4   0x00000058   Code   RO         1724    .text.DJI_SaveMotoMsg  djimotodriver.o
    0x080004fc   0x080004fc   0x0000000c   Code   RO          130    .text.DMA2_Stream1_IRQHandler  stm32f4xx_it.o
    0x08000508   0x08000508   0x0000000c   Code   RO          132    .text.DMA2_Stream6_IRQHandler  stm32f4xx_it.o
    0x08000514   0x08000514   0x00000002   Code   RO          122    .text.DebugMon_Handler  stm32f4xx_it.o
    0x08000516   0x08000516   0x00000002   PAD
    0x08000518   0x08000518   0x00000006   Code   RO           15    .text.Error_Handler  main.o
    0x0800051e   0x0800051e   0x00000002   PAD
    0x08000520   0x08000520   0x0000002e   Code   RO          520    .text.HAL_CAN_ActivateNotification  stm32f4xx_hal_can.o
    0x0800054e   0x0800054e   0x00000002   PAD
    0x08000550   0x08000550   0x000000a8   Code   RO          506    .text.HAL_CAN_AddTxMessage  stm32f4xx_hal_can.o
    0x080005f8   0x080005f8   0x000000de   Code   RO          496    .text.HAL_CAN_ConfigFilter  stm32f4xx_hal_can.o
    0x080006d6   0x080006d6   0x00000002   PAD
    0x080006d8   0x080006d8   0x00000002   Code   RO          550    .text.HAL_CAN_ErrorCallback  stm32f4xx_hal_can.o
    0x080006da   0x080006da   0x00000002   PAD
    0x080006dc   0x080006dc   0x00000134   Code   RO          516    .text.HAL_CAN_GetRxMessage  stm32f4xx_hal_can.o
    0x08000810   0x08000810   0x0000025e   Code   RO          524    .text.HAL_CAN_IRQHandler  stm32f4xx_hal_can.o
    0x08000a6e   0x08000a6e   0x00000002   PAD
    0x08000a70   0x08000a70   0x000000f4   Code   RO          486    .text.HAL_CAN_Init  stm32f4xx_hal_can.o
    0x08000b64   0x08000b64   0x00000078   Code   RO           58    .text.HAL_CAN_MspInit  can.o
    0x08000bdc   0x08000bdc   0x00000002   Code   RO          538    .text.HAL_CAN_RxFifo0FullCallback  stm32f4xx_hal_can.o
    0x08000bde   0x08000bde   0x00000002   PAD
    0x08000be0   0x08000be0   0x00000044   Code   RO         1749    .text.HAL_CAN_RxFifo0MsgPendingCallback  motortask.o
    0x08000c24   0x08000c24   0x00000002   Code   RO          542    .text.HAL_CAN_RxFifo1FullCallback  stm32f4xx_hal_can.o
    0x08000c26   0x08000c26   0x00000002   PAD
    0x08000c28   0x08000c28   0x00000002   Code   RO          544    .text.HAL_CAN_RxFifo1MsgPendingCallback  stm32f4xx_hal_can.o
    0x08000c2a   0x08000c2a   0x00000002   PAD
    0x08000c2c   0x08000c2c   0x00000002   Code   RO          546    .text.HAL_CAN_SleepCallback  stm32f4xx_hal_can.o
    0x08000c2e   0x08000c2e   0x00000002   PAD
    0x08000c30   0x08000c30   0x0000005a   Code   RO          498    .text.HAL_CAN_Start  stm32f4xx_hal_can.o
    0x08000c8a   0x08000c8a   0x00000002   PAD
    0x08000c8c   0x08000c8c   0x00000002   Code   RO          528    .text.HAL_CAN_TxMailbox0AbortCallback  stm32f4xx_hal_can.o
    0x08000c8e   0x08000c8e   0x00000002   PAD
    0x08000c90   0x08000c90   0x00000002   Code   RO          526    .text.HAL_CAN_TxMailbox0CompleteCallback  stm32f4xx_hal_can.o
    0x08000c92   0x08000c92   0x00000002   PAD
    0x08000c94   0x08000c94   0x00000002   Code   RO          532    .text.HAL_CAN_TxMailbox1AbortCallback  stm32f4xx_hal_can.o
    0x08000c96   0x08000c96   0x00000002   PAD
    0x08000c98   0x08000c98   0x00000002   Code   RO          530    .text.HAL_CAN_TxMailbox1CompleteCallback  stm32f4xx_hal_can.o
    0x08000c9a   0x08000c9a   0x00000002   PAD
    0x08000c9c   0x08000c9c   0x00000002   Code   RO          536    .text.HAL_CAN_TxMailbox2AbortCallback  stm32f4xx_hal_can.o
    0x08000c9e   0x08000c9e   0x00000002   PAD
    0x08000ca0   0x08000ca0   0x00000002   Code   RO          534    .text.HAL_CAN_TxMailbox2CompleteCallback  stm32f4xx_hal_can.o
    0x08000ca2   0x08000ca2   0x00000002   PAD
    0x08000ca4   0x08000ca4   0x00000002   Code   RO          548    .text.HAL_CAN_WakeUpFromRxMsgCallback  stm32f4xx_hal_can.o
    0x08000ca6   0x08000ca6   0x00000002   PAD
    0x08000ca8   0x08000ca8   0x0000008e   Code   RO          722    .text.HAL_DMA_Abort  stm32f4xx_hal_dma.o
    0x08000d36   0x08000d36   0x00000002   PAD
    0x08000d38   0x08000d38   0x00000024   Code   RO          724    .text.HAL_DMA_Abort_IT  stm32f4xx_hal_dma.o
    0x08000d5c   0x08000d5c   0x00000006   Code   RO          734    .text.HAL_DMA_GetState  stm32f4xx_hal_dma.o
    0x08000d62   0x08000d62   0x00000002   PAD
    0x08000d64   0x08000d64   0x000001c0   Code   RO          728    .text.HAL_DMA_IRQHandler  stm32f4xx_hal_dma.o
    0x08000f24   0x08000f24   0x00000162   Code   RO          714    .text.HAL_DMA_Init  stm32f4xx_hal_dma.o
    0x08001086   0x08001086   0x00000002   PAD
    0x08001088   0x08001088   0x0000009e   Code   RO          720    .text.HAL_DMA_Start_IT  stm32f4xx_hal_dma.o
    0x08001126   0x08001126   0x00000002   PAD
    0x08001128   0x08001128   0x000001a6   Code   RO          676    .text.HAL_GPIO_Init  stm32f4xx_hal_gpio.o
    0x080012ce   0x080012ce   0x00000002   PAD
    0x080012d0   0x080012d0   0x0000000c   Code   RO          873    .text.HAL_GetTick   stm32f4xx_hal.o
    0x080012dc   0x080012dc   0x00000002   Code   RO         1071    .text.HAL_I2C_AbortCpltCallback  stm32f4xx_hal_i2c.o
    0x080012de   0x080012de   0x00000002   PAD
    0x080012e0   0x080012e0   0x00000002   Code   RO         1061    .text.HAL_I2C_AddrCallback  stm32f4xx_hal_i2c.o
    0x080012e2   0x080012e2   0x00000002   PAD
    0x080012e4   0x080012e4   0x0000060c   Code   RO         1039    .text.HAL_I2C_EV_IRQHandler  stm32f4xx_hal_i2c.o
    0x080018f0   0x080018f0   0x00000002   Code   RO         1069    .text.HAL_I2C_ErrorCallback  stm32f4xx_hal_i2c.o
    0x080018f2   0x080018f2   0x00000002   PAD
    0x080018f4   0x080018f4   0x00000176   Code   RO          951    .text.HAL_I2C_Init  stm32f4xx_hal_i2c.o
    0x08001a6a   0x08001a6a   0x00000002   PAD
    0x08001a6c   0x08001a6c   0x00000002   Code   RO         1063    .text.HAL_I2C_ListenCpltCallback  stm32f4xx_hal_i2c.o
    0x08001a6e   0x08001a6e   0x00000002   PAD
    0x08001a70   0x08001a70   0x00000002   Code   RO         1055    .text.HAL_I2C_MasterRxCpltCallback  stm32f4xx_hal_i2c.o
    0x08001a72   0x08001a72   0x00000002   PAD
    0x08001a74   0x08001a74   0x00000002   Code   RO         1053    .text.HAL_I2C_MasterTxCpltCallback  stm32f4xx_hal_i2c.o
    0x08001a76   0x08001a76   0x00000002   PAD
    0x08001a78   0x08001a78   0x00000314   Code   RO          967    .text.HAL_I2C_Master_Receive  stm32f4xx_hal_i2c.o
    0x08001d8c   0x08001d8c   0x000001d4   Code   RO          959    .text.HAL_I2C_Master_Transmit  stm32f4xx_hal_i2c.o
    0x08001f60   0x08001f60   0x00000002   Code   RO         1067    .text.HAL_I2C_MemRxCpltCallback  stm32f4xx_hal_i2c.o
    0x08001f62   0x08001f62   0x00000002   PAD
    0x08001f64   0x08001f64   0x00000002   Code   RO         1065    .text.HAL_I2C_MemTxCpltCallback  stm32f4xx_hal_i2c.o
    0x08001f66   0x08001f66   0x00000002   PAD
    0x08001f68   0x08001f68   0x00000078   Code   RO           82    .text.HAL_I2C_MspInit  i2c.o
    0x08001fe0   0x08001fe0   0x00000002   Code   RO         1059    .text.HAL_I2C_SlaveRxCpltCallback  stm32f4xx_hal_i2c.o
    0x08001fe2   0x08001fe2   0x00000002   PAD
    0x08001fe4   0x08001fe4   0x00000002   Code   RO         1057    .text.HAL_I2C_SlaveTxCpltCallback  stm32f4xx_hal_i2c.o
    0x08001fe6   0x08001fe6   0x00000002   PAD
    0x08001fe8   0x08001fe8   0x0000001a   Code   RO          871    .text.HAL_IncTick   stm32f4xx_hal.o
    0x08002002   0x08002002   0x00000002   PAD
    0x08002004   0x08002004   0x00000036   Code   RO          861    .text.HAL_Init      stm32f4xx_hal.o
    0x0800203a   0x0800203a   0x00000002   PAD
    0x0800203c   0x0800203c   0x000000b4   Code   RO          152    .text.HAL_InitTick  stm32f4xx_hal_timebase_tim.o
    0x080020f0   0x080020f0   0x00000042   Code   RO          143    .text.HAL_MspInit   stm32f4xx_hal_msp.o
    0x08002132   0x08002132   0x00000002   PAD
    0x08002134   0x08002134   0x00000026   Code   RO          813    .text.HAL_NVIC_EnableIRQ  stm32f4xx_hal_cortex.o
    0x0800215a   0x0800215a   0x00000002   PAD
    0x0800215c   0x0800215c   0x00000056   Code   RO          811    .text.HAL_NVIC_SetPriority  stm32f4xx_hal_cortex.o
    0x080021b2   0x080021b2   0x00000002   PAD
    0x080021b4   0x080021b4   0x00000020   Code   RO          809    .text.HAL_NVIC_SetPriorityGrouping  stm32f4xx_hal_cortex.o
    0x080021d4   0x080021d4   0x00000160   Code   RO          570    .text.HAL_RCC_ClockConfig  stm32f4xx_hal_rcc.o
    0x08002334   0x08002334   0x0000003e   Code   RO          588    .text.HAL_RCC_GetClockConfig  stm32f4xx_hal_rcc.o
    0x08002372   0x08002372   0x00000002   PAD
    0x08002374   0x08002374   0x00000026   Code   RO          582    .text.HAL_RCC_GetPCLK1Freq  stm32f4xx_hal_rcc.o
    0x0800239a   0x0800239a   0x00000002   PAD
    0x0800239c   0x0800239c   0x00000026   Code   RO          584    .text.HAL_RCC_GetPCLK2Freq  stm32f4xx_hal_rcc.o
    0x080023c2   0x080023c2   0x00000002   PAD
    0x080023c4   0x080023c4   0x0000006a   Code   RO          572    .text.HAL_RCC_GetSysClockFreq  stm32f4xx_hal_rcc.o
    0x0800242e   0x0800242e   0x00000002   PAD
    0x08002430   0x08002430   0x00000374   Code   RO          568    .text.HAL_RCC_OscConfig  stm32f4xx_hal_rcc.o
    0x080027a4   0x080027a4   0x00000002   Code   RO          472    .text.HAL_TIMEx_BreakCallback  stm32f4xx_hal_tim_ex.o
    0x080027a6   0x080027a6   0x00000002   PAD
    0x080027a8   0x080027a8   0x00000002   Code   RO          468    .text.HAL_TIMEx_CommutCallback  stm32f4xx_hal_tim_ex.o
    0x080027aa   0x080027aa   0x00000002   PAD
    0x080027ac   0x080027ac   0x0000005a   Code   RO          167    .text.HAL_TIM_Base_Init  stm32f4xx_hal_tim.o
    0x08002806   0x08002806   0x00000002   PAD
    0x08002808   0x08002808   0x00000002   Code   RO          169    .text.HAL_TIM_Base_MspInit  stm32f4xx_hal_tim.o
    0x0800280a   0x0800280a   0x00000002   PAD
    0x0800280c   0x0800280c   0x000000aa   Code   RO          181    .text.HAL_TIM_Base_Start_IT  stm32f4xx_hal_tim.o
    0x080028b6   0x080028b6   0x00000002   PAD
    0x080028b8   0x080028b8   0x00000002   Code   RO          303    .text.HAL_TIM_IC_CaptureCallback  stm32f4xx_hal_tim.o
    0x080028ba   0x080028ba   0x00000002   PAD
    0x080028bc   0x080028bc   0x0000014e   Code   RO          301    .text.HAL_TIM_IRQHandler  stm32f4xx_hal_tim.o
    0x08002a0a   0x08002a0a   0x00000002   PAD
    0x08002a0c   0x08002a0c   0x00000002   Code   RO          305    .text.HAL_TIM_OC_DelayElapsedCallback  stm32f4xx_hal_tim.o
    0x08002a0e   0x08002a0e   0x00000002   PAD
    0x08002a10   0x08002a10   0x00000002   Code   RO          307    .text.HAL_TIM_PWM_PulseFinishedCallback  stm32f4xx_hal_tim.o
    0x08002a12   0x08002a12   0x00000002   PAD
    0x08002a14   0x08002a14   0x00000012   Code   RO           17    .text.HAL_TIM_PeriodElapsedCallback  main.o
    0x08002a26   0x08002a26   0x00000002   PAD
    0x08002a28   0x08002a28   0x00000002   Code   RO          311    .text.HAL_TIM_TriggerCallback  stm32f4xx_hal_tim.o
    0x08002a2a   0x08002a2a   0x00000002   PAD
    0x08002a2c   0x08002a2c   0x00000002   Code   RO         1176    .text.HAL_UARTEx_RxEventCallback  stm32f4xx_hal_uart.o
    0x08002a2e   0x08002a2e   0x00000002   PAD
    0x08002a30   0x08002a30   0x00000002   Code   RO         1174    .text.HAL_UART_ErrorCallback  stm32f4xx_hal_uart.o
    0x08002a32   0x08002a32   0x00000002   PAD
    0x08002a34   0x08002a34   0x00000584   Code   RO         1168    .text.HAL_UART_IRQHandler  stm32f4xx_hal_uart.o
    0x08002fb8   0x08002fb8   0x00000060   Code   RO         1090    .text.HAL_UART_Init  stm32f4xx_hal_uart.o
    0x08003018   0x08003018   0x000000fe   Code   RO           97    .text.HAL_UART_MspInit  usart.o
    0x08003116   0x08003116   0x00000002   PAD
    0x08003118   0x08003118   0x00000002   Code   RO         1182    .text.HAL_UART_RxCpltCallback  stm32f4xx_hal_uart.o
    0x0800311a   0x0800311a   0x00000002   PAD
    0x0800311c   0x0800311c   0x000000cc   Code   RO         1116    .text.HAL_UART_Transmit_DMA  stm32f4xx_hal_uart.o
    0x080031e8   0x080031e8   0x00000002   Code   RO         1178    .text.HAL_UART_TxCpltCallback  stm32f4xx_hal_uart.o
    0x080031ea   0x080031ea   0x00000002   PAD
    0x080031ec   0x080031ec   0x00000002   Code   RO         1180    .text.HAL_UART_TxHalfCpltCallback  stm32f4xx_hal_uart.o
    0x080031ee   0x080031ee   0x00000002   PAD
    0x080031f0   0x080031f0   0x00000002   Code   RO          114    .text.HardFault_Handler  stm32f4xx_it.o
    0x080031f2   0x080031f2   0x00000002   PAD
    0x080031f4   0x080031f4   0x0000000c   Code   RO          128    .text.I2C2_EV_IRQHandler  stm32f4xx_it.o
    0x08003200   0x08003200   0x00000122   Code   RO         1025    .text.I2C_DMAAbort  stm32f4xx_hal_i2c.o
    0x08003322   0x08003322   0x00000002   PAD
    0x08003324   0x08003324   0x0000018c   Code   RO         1037    .text.I2C_ITError   stm32f4xx_hal_i2c.o
    0x080034b0   0x080034b0   0x000000f8   Code   RO         1049    .text.I2C_MasterReceive_BTF  stm32f4xx_hal_i2c.o
    0x080035a8   0x080035a8   0x00000152   Code   RO         1047    .text.I2C_MasterReceive_RXNE  stm32f4xx_hal_i2c.o
    0x080036fa   0x080036fa   0x00000002   PAD
    0x080036fc   0x080036fc   0x00000082   Code   RO         1043    .text.I2C_MasterTransmit_BTF  stm32f4xx_hal_i2c.o
    0x0800377e   0x0800377e   0x00000002   PAD
    0x08003780   0x08003780   0x000000b2   Code   RO         1041    .text.I2C_MasterTransmit_TXE  stm32f4xx_hal_i2c.o
    0x08003832   0x08003832   0x00000002   PAD
    0x08003834   0x08003834   0x000000be   Code   RO         1045    .text.I2C_MemoryTransmit_TXE_BTF  stm32f4xx_hal_i2c.o
    0x080038f2   0x080038f2   0x00000002   PAD
    0x080038f4   0x080038f4   0x000000be   Code   RO          965    .text.I2C_WaitOnBTFFlagUntilTimeout  stm32f4xx_hal_i2c.o
    0x080039b2   0x080039b2   0x00000002   PAD
    0x080039b4   0x080039b4   0x000001d2   Code   RO          961    .text.I2C_WaitOnFlagUntilTimeout  stm32f4xx_hal_i2c.o
    0x08003b86   0x08003b86   0x00000002   PAD
    0x08003b88   0x08003b88   0x000000e0   Code   RO         1079    .text.I2C_WaitOnMasterAddressFlagUntilTimeout  stm32f4xx_hal_i2c.o
    0x08003c68   0x08003c68   0x00000090   Code   RO          969    .text.I2C_WaitOnRXNEFlagUntilTimeout  stm32f4xx_hal_i2c.o
    0x08003cf8   0x08003cf8   0x000000be   Code   RO          963    .text.I2C_WaitOnTXEFlagUntilTimeout  stm32f4xx_hal_i2c.o
    0x08003db6   0x08003db6   0x00000002   PAD
    0x08003db8   0x08003db8   0x00000074   Code   RO         1673    .text.INA226_GetPower  ina226.o
    0x08003e2c   0x08003e2c   0x00000060   Code   RO         1659    .text.INA226_init   ina226.o
    0x08003e8c   0x08003e8c   0x00000044   Code   RO           56    .text.MX_CAN1_Init  can.o
    0x08003ed0   0x08003ed0   0x00000048   Code   RO           71    .text.MX_DMA_Init   dma.o
    0x08003f18   0x08003f18   0x0000008c   Code   RO           38    .text.MX_FREERTOS_Init  freertos.o
    0x08003fa4   0x08003fa4   0x00000074   Code   RO           28    .text.MX_GPIO_Init  gpio.o
    0x08004018   0x08004018   0x00000042   Code   RO           80    .text.MX_I2C2_Init  i2c.o
    0x0800405a   0x0800405a   0x00000002   PAD
    0x0800405c   0x0800405c   0x0000003c   Code   RO           95    .text.MX_USART6_UART_Init  usart.o
    0x08004098   0x08004098   0x00000002   Code   RO          116    .text.MemManage_Handler  stm32f4xx_it.o
    0x0800409a   0x0800409a   0x00000002   PAD
    0x0800409c   0x0800409c   0x00000002   Code   RO          112    .text.NMI_Handler   stm32f4xx_it.o
    0x0800409e   0x0800409e   0x00000002   PAD
    0x080040a0   0x080040a0   0x00000170   Code   RO         1708    .text.PID_calc      pid.o
    0x08004210   0x08004210   0x0000002e   Code   RO         1706    .text.PID_init      pid.o
    0x0800423e   0x0800423e   0x00000002   PAD
    0x08004240   0x08004240   0x00000064   Code   RO         1635    .text.PendSV_Handler  port.o
    0x080042a4   0x080042a4   0x0000000c   PAD
    0x080042b0   0x080042b0   0x00000024   Code   RO         1619    .text.SVC_Handler   port.o
    0x080042d4   0x080042d4   0x0000005c   Code   RO         1722    .text.SetMoto_Current  djimotodriver.o
    0x08004330   0x08004330   0x0000002e   Code   RO         1637    .text.SysTick_Handler  port.o
    0x0800435e   0x0800435e   0x00000002   PAD
    0x08004360   0x08004360   0x000000a8   Code   RO           13    .text.SystemClock_Config  main.o
    0x08004408   0x08004408   0x00000012   Code   RO         1212    .text.SystemInit    system_stm32f4xx.o
    0x0800441a   0x0800441a   0x00000002   PAD
    0x0800441c   0x0800441c   0x0000000c   Code   RO          126    .text.TIM1_UP_TIM10_IRQHandler  stm32f4xx_it.o
    0x08004428   0x08004428   0x00000142   Code   RO          171    .text.TIM_Base_SetConfig  stm32f4xx_hal_tim.o
    0x0800456a   0x0800456a   0x00000002   PAD
    0x0800456c   0x0800456c   0x0000000a   Code   RO         1172    .text.UART_DMAAbortOnError  stm32f4xx_hal_uart.o
    0x08004576   0x08004576   0x00000002   PAD
    0x08004578   0x08004578   0x0000017c   Code   RO         1122    .text.UART_DMAError  stm32f4xx_hal_uart.o
    0x080046f4   0x080046f4   0x000000b0   Code   RO         1118    .text.UART_DMATransmitCplt  stm32f4xx_hal_uart.o
    0x080047a4   0x080047a4   0x00000006   Code   RO         1120    .text.UART_DMATxHalfCplt  stm32f4xx_hal_uart.o
    0x080047aa   0x080047aa   0x00000002   PAD
    0x080047ac   0x080047ac   0x000000fe   Code   RO         1170    .text.UART_Receive_IT  stm32f4xx_hal_uart.o
    0x080048aa   0x080048aa   0x00000002   PAD
    0x080048ac   0x080048ac   0x000000ee   Code   RO         1094    .text.UART_SetConfig  stm32f4xx_hal_uart.o
    0x0800499a   0x0800499a   0x00000002   PAD
    0x0800499c   0x0800499c   0x0000000c   Code   RO          134    .text.USART6_IRQHandler  stm32f4xx_it.o
    0x080049a8   0x080049a8   0x00000190   Code   RO         1726    .text.Update_MotoState  djimotodriver.o
    0x08004b38   0x08004b38   0x000002f0   Code   RO         1730    .text.Update_Motopower  djimotodriver.o
    0x08004e28   0x08004e28   0x00000002   Code   RO          120    .text.UsageFault_Handler  stm32f4xx_it.o
    0x08004e2a   0x08004e2a   0x00000002   PAD
    0x08004e2c   0x08004e2c   0x0000005a   Code   RO         1741    .text.VofaTask      vofatask.o
    0x08004e86   0x08004e86   0x00000002   PAD
    0x08004e88   0x08004e88   0x0000001e   Code   RO         1689    .text.Vofa_Send_Data3  vofa_send.o
    0x08004ea6   0x08004ea6   0x00000002   PAD
    0x08004ea8   0x08004ea8   0x0000003c   Code   RO         1651    .text.can_filter_init  bsp_can.o
    0x08004ee4   0x08004ee4   0x0000002a   Code   RO           11    .text.main          main.o
    0x08004f0e   0x08004f0e   0x00000002   PAD
    0x08004f10   0x08004f10   0x0000036c   Code   RO         1751    .text.motorTask     motortask.o
    0x0800527c   0x0800527c   0x0000000a   Code   RO         1479    .text.osKernelStart  cmsis_os.o
    0x08005286   0x08005286   0x00000002   PAD
    0x08005288   0x08005288   0x0000005c   Code   RO         1485    .text.osThreadCreate  cmsis_os.o
    0x080052e4   0x080052e4   0x000000fc   Code   RO         1377    .text.prvAddNewTaskToReadyList  tasks.o
    0x080053e0   0x080053e0   0x00000086   Code   RO         1407    .text.prvIdleTask   tasks.o
    0x08005466   0x08005466   0x00000002   PAD
    0x08005468   0x08005468   0x00000118   Code   RO         1375    .text.prvInitialiseNewTask  tasks.o
    0x08005580   0x08005580   0x00000028   Code   RO         1627    .text.prvPortStartFirstTask  port.o
    0x080055a8   0x080055a8   0x0000003e   Code   RO         1617    .text.prvTaskExitError  port.o
    0x080055e6   0x080055e6   0x00000002   PAD
    0x080055e8   0x080055e8   0x0000020a   Code   RO         1593    .text.pvPortMalloc  heap_4.o
    0x080057f2   0x080057f2   0x00000002   PAD
    0x080057f4   0x080057f4   0x00000028   Code   RO         1615    .text.pxPortInitialiseStack  port.o
    0x0800581c   0x0800581c   0x00000024   Code   RO         1264    .text.uxListRemove  list.o
    0x08005840   0x08005840   0x0000001a   Code   RO           36    .text.vApplicationGetIdleTaskMemory  freertos.o
    0x0800585a   0x0800585a   0x00000002   PAD
    0x0800585c   0x0800585c   0x00000016   Code   RO         1256    .text.vListInitialise  list.o
    0x08005872   0x08005872   0x00000002   PAD
    0x08005874   0x08005874   0x00000006   Code   RO         1258    .text.vListInitialiseItem  list.o
    0x0800587a   0x0800587a   0x00000002   PAD
    0x0800587c   0x0800587c   0x00000062   Code   RO         1262    .text.vListInsert   list.o
    0x080058de   0x080058de   0x00000002   PAD
    0x080058e0   0x080058e0   0x0000001c   Code   RO         1260    .text.vListInsertEnd  list.o
    0x080058fc   0x080058fc   0x00000014   Code   RO         1625    .text.vPortEnableVFP  port.o
    0x08005910   0x08005910   0x00000046   Code   RO         1631    .text.vPortEnterCritical  port.o
    0x08005956   0x08005956   0x00000002   PAD
    0x08005958   0x08005958   0x0000002e   Code   RO         1633    .text.vPortExitCritical  port.o
    0x08005986   0x08005986   0x00000002   PAD
    0x08005988   0x08005988   0x000000d4   Code   RO         1595    .text.vPortFree     heap_4.o
    0x08005a5c   0x08005a5c   0x00000034   Code   RO         1623    .text.vPortSetupTimerInterrupt  port.o
    0x08005a90   0x08005a90   0x0000009e   Code   RO         1383    .text.vTaskDelay    tasks.o
    0x08005b2e   0x08005b2e   0x00000002   PAD
    0x08005b30   0x08005b30   0x000000cc   Code   RO         1405    .text.vTaskStartScheduler  tasks.o
    0x08005bfc   0x08005bfc   0x00000010   Code   RO         1385    .text.vTaskSuspendAll  tasks.o
    0x08005c0c   0x08005c0c   0x0000006e   Code   RO         1399    .text.vTaskSwitchContext  tasks.o
    0x08005c7a   0x08005c7a   0x00000002   PAD
    0x08005c7c   0x08005c7c   0x00000184   Code   RO         1621    .text.xPortStartScheduler  port.o
    0x08005e00   0x08005e00   0x00000060   Code   RO         1379    .text.xTaskCreate   tasks.o
    0x08005e60   0x08005e60   0x00000076   Code   RO         1373    .text.xTaskCreateStatic  tasks.o
    0x08005ed6   0x08005ed6   0x00000002   PAD
    0x08005ed8   0x08005ed8   0x00000106   Code   RO         1411    .text.xTaskIncrementTick  tasks.o
    0x08005fde   0x08005fde   0x00000002   PAD
    0x08005fe0   0x08005fe0   0x000000ea   Code   RO         1389    .text.xTaskResumeAll  tasks.o
    0x080060ca   0x080060ca   0x0000007a   Code   RO         1814    i.__hardfp_sqrt     m_wm.l(sqrt.o)
    0x08006144   0x08006144   0x00000062   Code   RO         1786    x$fpl$d2f           fz_wm.l(d2f.o)
    0x080061a6   0x080061a6   0x00000002   PAD
    0x080061a8   0x080061a8   0x00000150   Code   RO         1788    x$fpl$dadd          fz_wm.l(daddsub_clz.o)
    0x080062f8   0x080062f8   0x00000018   Code   RO         1870    x$fpl$dcmpinf       fz_wm.l(dcmpi.o)
    0x08006310   0x08006310   0x000002b4   Code   RO         1797    x$fpl$ddiv          fz_wm.l(ddiv.o)
    0x080065c4   0x080065c4   0x00000078   Code   RO         1831    x$fpl$deqf          fz_wm.l(deqf.o)
    0x0800663c   0x0800663c   0x0000005e   Code   RO         1800    x$fpl$dfix          fz_wm.l(dfix.o)
    0x0800669a   0x0800669a   0x0000002e   Code   RO         1805    x$fpl$dflt          fz_wm.l(dflt_clz.o)
    0x080066c8   0x080066c8   0x00000078   Code   RO         1833    x$fpl$dgeqf         fz_wm.l(dgeqf.o)
    0x08006740   0x08006740   0x00000078   Code   RO         1835    x$fpl$dleqf         fz_wm.l(dleqf.o)
    0x080067b8   0x080067b8   0x00000154   Code   RO         1810    x$fpl$dmul          fz_wm.l(dmul.o)
    0x0800690c   0x0800690c   0x0000009c   Code   RO         1837    x$fpl$dnaninf       fz_wm.l(dnaninf.o)
    0x080069a8   0x080069a8   0x0000000c   Code   RO         1839    x$fpl$dretinf       fz_wm.l(dretinf.o)
    0x080069b4   0x080069b4   0x00000198   Code   RO         1841    x$fpl$dsqrt         fz_wm.l(dsqrt_umaal.o)
    0x08006b4c   0x08006b4c   0x000001dc   Code   RO         1790    x$fpl$dsub          fz_wm.l(daddsub_clz.o)
    0x08006d28   0x08006d28   0x00000056   Code   RO         1812    x$fpl$f2d           fz_wm.l(f2d.o)
    0x08006d7e   0x08006d7e   0x00000054   Code   RO         1794    x$fpl$fcmp          fz_wm.l(dcmp.o)
    0x08006dd2   0x08006dd2   0x0000008c   Code   RO         1843    x$fpl$fnaninf       fz_wm.l(fnaninf.o)
    0x08006e5e   0x08006e5e   0x0000001a   Code   RO         1961    x$fpl$fpinit        fz_wm.l(fpinit.o)
    0x08006e78   0x08006e78   0x0000000a   Code   RO         1845    x$fpl$fretinf       fz_wm.l(fretinf.o)
    0x08006e82   0x08006e82   0x00000000   Code   RO         1847    x$fpl$usenofp       fz_wm.l(usenofp.o)
    0x08006e82   0x08006e82   0x00000010   Data   RO         1217    .rodata.AHBPrescTable  system_stm32f4xx.o
    0x08006e92   0x08006e92   0x00000008   Data   RO         1218    .rodata.APBPrescTable  system_stm32f4xx.o
    0x08006e9a   0x08006e9a   0x00000008   Data   RO          738    .rodata.cst8        stm32f4xx_hal_dma.o
    0x08006ea2   0x08006ea2   0x0000000b   Data   RO           46    .rodata.str1.1      freertos.o
    0x08006ead   0x08006ead   0x00000003   PAD
    0x08006eb0   0x08006eb0   0x00000020   Data   RO         2022    Region$$Table       anon$$obj.o


    Execution Region RW_IRAM1 (Exec base: 0x20000000, Load base: 0x08006ed0, Size: 0x00004be0, Max: 0x0001c000, ABSOLUTE)

    Exec Addr    Load Addr    Size         Type   Attr      Idx    E Section Name        Object

    0x20000000   0x08006ed0   0x00000008   Data   RW          916    .data..L_MergedGlobals  stm32f4xx_hal.o
    0x20000008   0x08006ed8   0x00000008   Data   RW         1763    .data..L_MergedGlobals  motortask.o
    0x20000010   0x08006ee0   0x00000004   Data   RW         1216    .data.SystemCoreClock  system_stm32f4xx.o
    0x20000014   0x08006ee4   0x00000010   Data   RW         1696    .data.Vofa_data_3   vofa_send.o
    0x20000024   0x08006ef4   0x00000004   PAD
    0x20000028   0x08006ef8   0x000000c0   Data   RW         1753    .data.k             motortask.o
    0x200000e8   0x08006fb8   0x00000004   Data   RW         1641    .data.uxCriticalNesting  port.o
    0x200000ec   0x08006fbc   0x00000004   PAD
    0x200000f0        -       0x00000060   Zero   RW         1873    .bss                c_w.l(libspace.o)
    0x20000150        -       0x00000008   Zero   RW           47    .bss..L_MergedGlobals  freertos.o
    0x20000158        -       0x00000078   Zero   RW         1468    .bss..L_MergedGlobals  tasks.o
    0x200001d0        -       0x00000020   Zero   RW         1606    .bss..L_MergedGlobals  heap_4.o
    0x200001f0        -       0x00000008   Zero   RW         1642    .bss..L_MergedGlobals  port.o
    0x200001f8        -       0x00000009   Zero   RW         1732    .bss..L_MergedGlobals  djimotodriver.o
    0x20000201   0x08006fbc   0x00000003   PAD
    0x20000204        -       0x00000028   Zero   RW         1469    .bss..L_MergedGlobals.1  tasks.o
    0x2000022c        -       0x00000048   Zero   RW         1764    .bss..L_MergedGlobals.1  motortask.o
    0x20000274        -       0x00000014   Zero   RW         1678    .bss.dect           ina226.o
    0x20000288        -       0x00000028   Zero   RW           62    .bss.hcan1          can.o
    0x200002b0        -       0x00000060   Zero   RW          102    .bss.hdma_usart6_rx  usart.o
    0x20000310        -       0x00000060   Zero   RW          103    .bss.hdma_usart6_tx  usart.o
    0x20000370        -       0x00000054   Zero   RW           86    .bss.hi2c2          i2c.o
    0x200003c4        -       0x00000048   Zero   RW          158    .bss.htim1          stm32f4xx_hal_timebase_tim.o
    0x2000040c        -       0x00000048   Zero   RW          101    .bss.huart6         usart.o
    0x20000454        -       0x0000000c   Zero   RW         1677    .bss.ina226_data    ina226.o
    0x20000460        -       0x000001c0   Zero   RW         1756    .bss.m3508          motortask.o
    0x20000620        -       0x00000004   Zero   RW         1754    .bss.motor_current  motortask.o
    0x20000624        -       0x00000048   Zero   RW         1762    .bss.motor_current_pid  motortask.o
    0x2000066c        -       0x00000048   Zero   RW         1760    .bss.motor_power_pid  motortask.o
    0x200006b4        -       0x00000048   Zero   RW         1761    .bss.motor_speed_pid  motortask.o
    0x200006fc        -       0x0000008c   Zero   RW         1467    .bss.pxReadyTasksLists  tasks.o
    0x20000788        -       0x00003c00   Zero   RW         1605    .bss.ucHeap         heap_4.o
    0x20004388        -       0x00000004   Zero   RW          915    .bss.uwTick         stm32f4xx_hal.o
    0x2000438c        -       0x00000200   Zero   RW           45    .bss.xIdleStack     freertos.o
    0x2000458c        -       0x00000054   Zero   RW           44    .bss.xIdleTaskTCBBuffer  freertos.o
    0x200045e0        -       0x00000200   Zero   RW            2    HEAP                startup_stm32f407xx.o
    0x200047e0        -       0x00000400   Zero   RW            1    STACK               startup_stm32f407xx.o


    Execution Region RW_IRAM2 (Exec base: 0x2001c000, Load base: 0x08006fc0, Size: 0x00000000, Max: 0x00004000, ABSOLUTE)

    **** No section assigned to this execution region ****


==============================================================================

Image component sizes


      Code (inc. data)   RO Data    RW Data    ZI Data      Debug   Object Name

        60          0          0          0          0       1366   bsp_can.o
       188          0          0          0         40       6196   can.o
       102          0          0          0          0      25749   cmsis_os.o
      1414         88          0          0          9       6988   djimotodriver.o
        72          0          0          0          0       3464   dma.o
       166         56         11          0        604       3370   freertos.o
       116          0          0          0          0       1507   gpio.o
       734          0          0          0      15392       5602   heap_4.o
       186          0          0          0         84       7174   i2c.o
       212          4          0          0         32       4341   ina226.o
       190          0          0          0          0       2328   list.o
       234          0          0          0          0       6370   main.o
       944         32          0        200        740       5285   motortask.o
       414          4          0          0          0       2038   pid.o
       900         16          0          4          8       4171   port.o
        64         26        392          0       1536        844   startup_stm32f407xx.o
        92          0          0          8          4       7294   stm32f4xx_hal.o
      1708          6          0          0          0      13826   stm32f4xx_hal_can.o
       156          0          0          0          0      10815   stm32f4xx_hal_cortex.o
      1144          6          8          0          0      10597   stm32f4xx_hal_dma.o
       422          0          0          0          0       5256   stm32f4xx_hal_gpio.o
      6182         16          0          0          0      42364   stm32f4xx_hal_i2c.o
        66          0          0          0          0       3528   stm32f4xx_hal_msp.o
      1480          0          0          0          0       7386   stm32f4xx_hal_rcc.o
       926          0          0          0          0      55168   stm32f4xx_hal_tim.o
         4          0          0          0          0      21188   stm32f4xx_hal_tim_ex.o
       180          0          0          0         72       7195   stm32f4xx_hal_timebase_tim.o
      2786          0          0          0          0      32142   stm32f4xx_hal_uart.o
        84          0          0          0          0       8797   stm32f4xx_it.o
        18          0         24          4          0       2586   system_stm32f4xx.o
      1864          8          0          0        300      28364   tasks.o
       314          0          0          0        264       7119   usart.o
        30          0          0         16          0       4525   vofa_send.o
        90          0          0          0          0        356   vofatask.o

    ----------------------------------------------------------------------
     23754        274        470        236      19092     355299   Object Totals
         0          0         32          0          0          0   (incl. Generated)
       212         12          3          4          7          0   (incl. Padding)

    ----------------------------------------------------------------------

      Code (inc. data)   RO Data    RW Data    ZI Data      Debug   Library Member Name

         8          0          0          0          0         68   __main.o
         0          0          0          0          0          0   __rtentry.o
        12          0          0          0          0          0   __rtentry2.o
         6          0          0          0          0          0   __rtentry4.o
        52          8          0          0          0          0   __scatter.o
        26          0          0          0          0          0   __scatter_copy.o
        28          0          0          0          0          0   __scatter_zi.o
        22          0          0          0          0        100   _rserrno.o
        18          0          0          0          0         80   exit.o
         6          0          0          0          0        152   heapauxi.o
         0          0          0          0          0          0   indicate_semi.o
         2          0          0          0          0          0   libinit.o
         6          0          0          0          0          0   libinit2.o
         2          0          0          0          0          0   libshutdown.o
         2          0          0          0          0          0   libshutdown2.o
         8          4          0          0         96         68   libspace.o
       240          0          0          0          0        100   lludivv7m.o
         8          4          0          0          0         68   rt_errno_addr_intlibspace.o
        78          0          0          0          0         80   rt_memclr_w.o
         2          0          0          0          0          0   rtexit.o
        10          0          0          0          0          0   rtexit2.o
        12          4          0          0          0         68   sys_exit.o
        74          0          0          0          0         80   sys_stackheap_outer.o
         2          0          0          0          0         68   use_no_semi.o
        98          4          0          0          0        140   d2f.o
       812         16          0          0          0        392   daddsub_clz.o
        84          0          0          0          0        244   dcmp.o
        24          0          0          0          0        116   dcmpi.o
       692        140          0          0          0        264   ddiv.o
       120          4          0          0          0        140   deqf.o
        94          4          0          0          0        140   dfix.o
        46          0          0          0          0        116   dflt_clz.o
       120          4          0          0          0        140   dgeqf.o
       120          4          0          0          0        140   dleqf.o
       340         12          0          0          0        152   dmul.o
       156          4          0          0          0        140   dnaninf.o
        12          0          0          0          0        116   dretinf.o
       408         56          0          0          0        168   dsqrt_umaal.o
        86          4          0          0          0        132   f2d.o
       140          4          0          0          0        132   fnaninf.o
        26          0          0          0          0        116   fpinit.o
        10          0          0          0          0        116   fretinf.o
         0          0          0          0          0          0   usenofp.o
       122          0          0          0          0        148   sqrt.o

    ----------------------------------------------------------------------
      4144        276          0          0         96       3984   Library Totals
        10          0          0          0          0          0   (incl. Padding)

    ----------------------------------------------------------------------

      Code (inc. data)   RO Data    RW Data    ZI Data      Debug   Library Name

       624         20          0          0         96        932   c_w.l
      3388        256          0          0          0       2904   fz_wm.l
       122          0          0          0          0        148   m_wm.l

    ----------------------------------------------------------------------
      4144        276          0          0         96       3984   Library Totals

    ----------------------------------------------------------------------

==============================================================================


      Code (inc. data)   RO Data    RW Data    ZI Data      Debug   

     27898        550        470        236      19188     356479   Grand Totals
     27898        550        470        236      19188     356479   ELF Image Totals
     27898        550        470        236          0          0   ROM Totals

==============================================================================

    Total RO  Size (Code + RO Data)                28368 (  27.70kB)
    Total RW  Size (RW Data + ZI Data)             19424 (  18.97kB)
    Total ROM Size (Code + RO Data + RW Data)      28604 (  27.93kB)

==============================================================================

