Component: Arm Compiler for Embedded 6.19 Tool: armlink [5e73cb00]

==============================================================================

Section Cross References

    startup_stm32f407xx.o(STACK) refers (Special) to heapauxi.o(.text) for __use_two_region_memory
    startup_stm32f407xx.o(HEAP) refers (Special) to heapauxi.o(.text) for __use_two_region_memory
    startup_stm32f407xx.o(RESET) refers (Special) to heapauxi.o(.text) for __use_two_region_memory
    startup_stm32f407xx.o(RESET) refers to startup_stm32f407xx.o(STACK) for __initial_sp
    startup_stm32f407xx.o(RESET) refers to startup_stm32f407xx.o(.text) for Reset_Handler
    startup_stm32f407xx.o(RESET) refers to stm32f4xx_it.o(.text.NMI_Handler) for NMI_Handler
    startup_stm32f407xx.o(RESET) refers to stm32f4xx_it.o(.text.HardFault_Handler) for HardFault_Handler
    startup_stm32f407xx.o(RESET) refers to stm32f4xx_it.o(.text.MemManage_Handler) for MemManage_Handler
    startup_stm32f407xx.o(RESET) refers to stm32f4xx_it.o(.text.BusFault_Handler) for BusFault_Handler
    startup_stm32f407xx.o(RESET) refers to stm32f4xx_it.o(.text.UsageFault_Handler) for UsageFault_Handler
    startup_stm32f407xx.o(RESET) refers to port.o(.text.SVC_Handler) for SVC_Handler
    startup_stm32f407xx.o(RESET) refers to stm32f4xx_it.o(.text.DebugMon_Handler) for DebugMon_Handler
    startup_stm32f407xx.o(RESET) refers to port.o(.text.PendSV_Handler) for PendSV_Handler
    startup_stm32f407xx.o(RESET) refers to port.o(.text.SysTick_Handler) for SysTick_Handler
    startup_stm32f407xx.o(RESET) refers to stm32f4xx_it.o(.text.EXTI0_IRQHandler) for EXTI0_IRQHandler
    startup_stm32f407xx.o(RESET) refers to stm32f4xx_it.o(.text.EXTI3_IRQHandler) for EXTI3_IRQHandler
    startup_stm32f407xx.o(RESET) refers to stm32f4xx_it.o(.text.EXTI4_IRQHandler) for EXTI4_IRQHandler
    startup_stm32f407xx.o(RESET) refers to stm32f4xx_it.o(.text.DMA1_Stream1_IRQHandler) for DMA1_Stream1_IRQHandler
    startup_stm32f407xx.o(RESET) refers to stm32f4xx_it.o(.text.CAN1_RX0_IRQHandler) for CAN1_RX0_IRQHandler
    startup_stm32f407xx.o(RESET) refers to stm32f4xx_it.o(.text.EXTI9_5_IRQHandler) for EXTI9_5_IRQHandler
    startup_stm32f407xx.o(RESET) refers to stm32f4xx_it.o(.text.TIM2_IRQHandler) for TIM2_IRQHandler
    startup_stm32f407xx.o(RESET) refers to stm32f4xx_it.o(.text.USART1_IRQHandler) for USART1_IRQHandler
    startup_stm32f407xx.o(RESET) refers to stm32f4xx_it.o(.text.USART3_IRQHandler) for USART3_IRQHandler
    startup_stm32f407xx.o(RESET) refers to stm32f4xx_it.o(.text.DMA2_Stream1_IRQHandler) for DMA2_Stream1_IRQHandler
    startup_stm32f407xx.o(RESET) refers to stm32f4xx_it.o(.text.DMA2_Stream2_IRQHandler) for DMA2_Stream2_IRQHandler
    startup_stm32f407xx.o(RESET) refers to stm32f4xx_it.o(.text.DMA2_Stream3_IRQHandler) for DMA2_Stream3_IRQHandler
    startup_stm32f407xx.o(RESET) refers to stm32f4xx_it.o(.text.CAN2_RX0_IRQHandler) for CAN2_RX0_IRQHandler
    startup_stm32f407xx.o(RESET) refers to stm32f4xx_it.o(.text.OTG_FS_IRQHandler) for OTG_FS_IRQHandler
    startup_stm32f407xx.o(RESET) refers to stm32f4xx_it.o(.text.DMA2_Stream5_IRQHandler) for DMA2_Stream5_IRQHandler
    startup_stm32f407xx.o(RESET) refers to stm32f4xx_it.o(.text.DMA2_Stream6_IRQHandler) for DMA2_Stream6_IRQHandler
    startup_stm32f407xx.o(RESET) refers to stm32f4xx_it.o(.text.DMA2_Stream7_IRQHandler) for DMA2_Stream7_IRQHandler
    startup_stm32f407xx.o(RESET) refers to stm32f4xx_it.o(.text.USART6_IRQHandler) for USART6_IRQHandler
    startup_stm32f407xx.o(.text) refers (Special) to heapauxi.o(.text) for __use_two_region_memory
    startup_stm32f407xx.o(.text) refers to system_stm32f4xx.o(.text.SystemInit) for SystemInit
    startup_stm32f407xx.o(.text) refers to __main.o(!!!main) for __main
    startup_stm32f407xx.o(.text) refers to startup_stm32f407xx.o(HEAP) for Heap_Mem
    startup_stm32f407xx.o(.text) refers to startup_stm32f407xx.o(STACK) for Stack_Mem
    main.o(.text.main) refers to stm32f4xx_hal.o(.text.HAL_Init) for HAL_Init
    main.o(.text.main) refers to main.o(.text.SystemClock_Config) for SystemClock_Config
    main.o(.text.main) refers to gpio.o(.text.MX_GPIO_Init) for MX_GPIO_Init
    main.o(.text.main) refers to dma.o(.text.MX_DMA_Init) for MX_DMA_Init
    main.o(.text.main) refers to adc.o(.text.MX_ADC1_Init) for MX_ADC1_Init
    main.o(.text.main) refers to adc.o(.text.MX_ADC3_Init) for MX_ADC3_Init
    main.o(.text.main) refers to can.o(.text.MX_CAN1_Init) for MX_CAN1_Init
    main.o(.text.main) refers to can.o(.text.MX_CAN2_Init) for MX_CAN2_Init
    main.o(.text.main) refers to i2c.o(.text.MX_I2C3_Init) for MX_I2C3_Init
    main.o(.text.main) refers to spi.o(.text.MX_SPI1_Init) for MX_SPI1_Init
    main.o(.text.main) refers to tim.o(.text.MX_TIM4_Init) for MX_TIM4_Init
    main.o(.text.main) refers to tim.o(.text.MX_TIM5_Init) for MX_TIM5_Init
    main.o(.text.main) refers to tim.o(.text.MX_TIM10_Init) for MX_TIM10_Init
[...]
    transformfunctions.o(.ARM.exidx.text.arm_rfft_init_256_q31) refers to transformfunctions.o(.text.arm_rfft_init_256_q31) for [Anonymous Symbol]
    transformfunctions.o(.text.arm_mfcc_init_512_q31) refers to commontables.o(.rodata.realCoefAQ31) for realCoefAQ31
    transformfunctions.o(.text.arm_mfcc_init_512_q31) refers to commontables.o(.rodata.realCoefBQ31) for realCoefBQ31
    transformfunctions.o(.text.arm_mfcc_init_512_q31) refers to commontables.o(.rodata.arm_cfft_sR_q31_len256) for arm_cfft_sR_q31_len256
    transformfunctions.o(.ARM.exidx.text.arm_mfcc_init_512_q31) refers to transformfunctions.o(.text.arm_mfcc_init_512_q31) for [Anonymous Symbol]
    transformfunctions.o(.text.arm_rfft_init_512_q31) refers to commontables.o(.rodata.realCoefAQ31) for realCoefAQ31
    transformfunctions.o(.text.arm_rfft_init_512_q31) refers to commontables.o(.rodata.realCoefBQ31) for realCoefBQ31
    transformfunctions.o(.text.arm_rfft_init_512_q31) refers to commontables.o(.rodata.arm_cfft_sR_q31_len256) for arm_cfft_sR_q31_len256
    transformfunctions.o(.ARM.exidx.text.arm_rfft_init_512_q31) refers to transformfunctions.o(.text.arm_rfft_init_512_q31) for [Anonymous Symbol]
    transformfunctions.o(.text.arm_mfcc_init_1024_q31) refers to commontables.o(.rodata.realCoefAQ31) for realCoefAQ31
    transformfunctions.o(.text.arm_mfcc_init_1024_q31) refers to commontables.o(.rodata.realCoefBQ31) for realCoefBQ31
    transformfunctions.o(.text.arm_mfcc_init_1024_q31) refers to commontables.o(.rodata.arm_cfft_sR_q31_len512) for arm_cfft_sR_q31_len512
    transformfunctions.o(.ARM.exidx.text.arm_mfcc_init_1024_q31) refers to transformfunctions.o(.text.arm_mfcc_init_1024_q31) for [Anonymous Symbol]
    transformfunctions.o(.text.arm_rfft_init_1024_q31) refers to commontables.o(.rodata.realCoefAQ31) for realCoefAQ31
    transformfunctions.o(.text.arm_rfft_init_1024_q31) refers to commontables.o(.rodata.realCoefBQ31) for realCoefBQ31
    transformfunctions.o(.text.arm_rfft_init_1024_q31) refers to commontables.o(.rodata.arm_cfft_sR_q31_len512) for arm_cfft_sR_q31_len512
    transformfunctions.o(.ARM.exidx.text.arm_rfft_init_1024_q31) refers to transformfunctions.o(.text.arm_rfft_init_1024_q31) for [Anonymous Symbol]
    transformfunctions.o(.text.arm_mfcc_init_2048_q31) refers to commontables.o(.rodata.realCoefAQ31) for realCoefAQ31
    transformfunctions.o(.text.arm_mfcc_init_2048_q31) refers to commontables.o(.rodata.realCoefBQ31) for realCoefBQ31
    transformfunctions.o(.text.arm_mfcc_init_2048_q31) refers to commontables.o(.rodata.arm_cfft_sR_q31_len1024) for arm_cfft_sR_q31_len1024
    transformfunctions.o(.ARM.exidx.text.arm_mfcc_init_2048_q31) refers to transformfunctions.o(.text.arm_mfcc_init_2048_q31) for [Anonymous Symbol]
    transformfunctions.o(.text.arm_rfft_init_2048_q31) refers to commontables.o(.rodata.realCoefAQ31) for realCoefAQ31
    transformfunctions.o(.text.arm_rfft_init_2048_q31) refers to commontables.o(.rodata.realCoefBQ31) for realCoefBQ31
    transformfunctions.o(.text.arm_rfft_init_2048_q31) refers to commontables.o(.rodata.arm_cfft_sR_q31_len1024) for arm_cfft_sR_q31_len1024
    transformfunctions.o(.ARM.exidx.text.arm_rfft_init_2048_q31) refers to transformfunctions.o(.text.arm_rfft_init_2048_q31) for [Anonymous Symbol]
    transformfunctions.o(.text.arm_mfcc_init_4096_q31) refers to commontables.o(.rodata.realCoefAQ31) for realCoefAQ31
    transformfunctions.o(.text.arm_mfcc_init_4096_q31) refers to commontables.o(.rodata.realCoefBQ31) for realCoefBQ31
    transformfunctions.o(.text.arm_mfcc_init_4096_q31) refers to commontables.o(.rodata.arm_cfft_sR_q31_len2048) for arm_cfft_sR_q31_len2048
    transformfunctions.o(.ARM.exidx.text.arm_mfcc_init_4096_q31) refers to transformfunctions.o(.text.arm_mfcc_init_4096_q31) for [Anonymous Symbol]
    transformfunctions.o(.text.arm_rfft_init_4096_q31) refers to commontables.o(.rodata.realCoefAQ31) for realCoefAQ31
    transformfunctions.o(.text.arm_rfft_init_4096_q31) refers to commontables.o(.rodata.realCoefBQ31) for realCoefBQ31
    transformfunctions.o(.text.arm_rfft_init_4096_q31) refers to commontables.o(.rodata.arm_cfft_sR_q31_len2048) for arm_cfft_sR_q31_len2048
    transformfunctions.o(.ARM.exidx.text.arm_rfft_init_4096_q31) refers to transformfunctions.o(.text.arm_rfft_init_4096_q31) for [Anonymous Symbol]
    transformfunctions.o(.text.arm_mfcc_q31) refers to statisticsfunctions.o(.text.arm_absmax_q31) for arm_absmax_q31
    transformfunctions.o(.text.arm_mfcc_q31) refers to fastmathfunctions.o(.text.arm_divide_q31) for arm_divide_q31
    transformfunctions.o(.text.arm_mfcc_q31) refers to basicmathfunctions.o(.text.arm_scale_q31) for arm_scale_q31
    transformfunctions.o(.text.arm_mfcc_q31) refers to basicmathfunctions.o(.text.arm_mult_q31) for arm_mult_q31
    transformfunctions.o(.text.arm_mfcc_q31) refers to transformfunctions.o(.text.arm_rfft_q31) for arm_rfft_q31
    transformfunctions.o(.text.arm_mfcc_q31) refers to complexmathfunctions.o(.text.arm_cmplx_mag_q31) for arm_cmplx_mag_q31
    transformfunctions.o(.text.arm_mfcc_q31) refers to basicmathfunctions.o(.text.arm_dot_prod_q31) for arm_dot_prod_q31
    transformfunctions.o(.text.arm_mfcc_q31) refers to fastmathfunctions.o(.text.arm_vlog_q31) for arm_vlog_q31
    transformfunctions.o(.text.arm_mfcc_q31) refers to basicmathfunctions.o(.text.arm_offset_q31) for arm_offset_q31
    transformfunctions.o(.text.arm_mfcc_q31) refers to basicmathfunctions.o(.text.arm_shift_q31) for arm_shift_q31
    transformfunctions.o(.text.arm_mfcc_q31) refers to matrixfunctions.o(.text.arm_mat_vec_mult_q31) for arm_mat_vec_mult_q31
    transformfunctions.o(.ARM.exidx.text.arm_mfcc_q31) refers to transformfunctions.o(.text.arm_mfcc_q31) for [Anonymous Symbol]
    transformfunctions.o(.text.arm_rfft_q31) refers to transformfunctions.o(.text.arm_split_rifft_q31) for arm_split_rifft_q31
    transformfunctions.o(.text.arm_rfft_q31) refers to transformfunctions.o(.text.arm_cfft_q31) for arm_cfft_q31
    transformfunctions.o(.text.arm_rfft_q31) refers to basicmathfunctions.o(.text.arm_shift_q31) for arm_shift_q31
    transformfunctions.o(.text.arm_rfft_q31) refers to transformfunctions.o(.text.arm_split_rfft_q31) for arm_split_rfft_q31
    transformfunctions.o(.ARM.exidx.text.arm_rfft_q31) refers to transformfunctions.o(.text.arm_rfft_q31) for [Anonymous Symbol]
    transformfunctions.o(.text.arm_mfcc_init_q15) refers to transformfunctions.o(.text.arm_rfft_init_q15) for arm_rfft_init_q15
    transformfunctions.o(.ARM.exidx.text.arm_mfcc_init_q15) refers to transformfunctions.o(.text.arm_mfcc_init_q15) for [Anonymous Symbol]
    transformfunctions.o(.text.arm_rfft_init_q15) refers to commontables.o(.rodata.arm_cfft_sR_q15_len2048) for arm_cfft_sR_q15_len2048
    transformfunctions.o(.text.arm_rfft_init_q15) refers to commontables.o(.rodata.arm_cfft_sR_q15_len32) for arm_cfft_sR_q15_len32
    transformfunctions.o(.text.arm_rfft_init_q15) refers to commontables.o(.rodata.arm_cfft_sR_q15_len512) for arm_cfft_sR_q15_len512
    transformfunctions.o(.text.arm_rfft_init_q15) refers to commontables.o(.rodata.arm_cfft_sR_q15_len128) for arm_cfft_sR_q15_len128
    transformfunctions.o(.text.arm_rfft_init_q15) refers to commontables.o(.rodata.arm_cfft_sR_q15_len1024) for arm_cfft_sR_q15_len1024
    transformfunctions.o(.text.arm_rfft_init_q15) refers to commontables.o(.rodata.arm_cfft_sR_q15_len4096) for arm_cfft_sR_q15_len4096
    transformfunctions.o(.text.arm_rfft_init_q15) refers to commontables.o(.rodata.arm_cfft_sR_q15_len16) for arm_cfft_sR_q15_len16
    transformfunctions.o(.text.arm_rfft_init_q15) refers to commontables.o(.rodata.arm_cfft_sR_q15_len256) for arm_cfft_sR_q15_len256
    transformfunctions.o(.text.arm_rfft_init_q15) refers to commontables.o(.rodata.arm_cfft_sR_q15_len64) for arm_cfft_sR_q15_len64
    transformfunctions.o(.text.arm_rfft_init_q15) refers to commontables.o(.rodata.realCoefBQ15) for realCoefBQ15
    transformfunctions.o(.text.arm_rfft_init_q15) refers to commontables.o(.rodata.realCoefAQ15) for realCoefAQ15
    transformfunctions.o(.ARM.exidx.text.arm_rfft_init_q15) refers to transformfunctions.o(.text.arm_rfft_init_q15) for [Anonymous Symbol]
    transformfunctions.o(.text.arm_mfcc_init_32_q15) refers to commontables.o(.rodata.realCoefAQ15) for realCoefAQ15
    transformfunctions.o(.text.arm_mfcc_init_32_q15) refers to commontables.o(.rodata.realCoefBQ15) for realCoefBQ15
    transformfunctions.o(.text.arm_mfcc_init_32_q15) refers to commontables.o(.rodata.arm_cfft_sR_q15_len16) for arm_cfft_sR_q15_len16
    transformfunctions.o(.ARM.exidx.text.arm_mfcc_init_32_q15) refers to transformfunctions.o(.text.arm_mfcc_init_32_q15) for [Anonymous Symbol]
    transformfunctions.o(.text.arm_rfft_init_32_q15) refers to commontables.o(.rodata.realCoefAQ15) for realCoefAQ15
    transformfunctions.o(.text.arm_rfft_init_32_q15) refers to commontables.o(.rodata.realCoefBQ15) for realCoefBQ15
    transformfunctions.o(.text.arm_rfft_init_32_q15) refers to commontables.o(.rodata.arm_cfft_sR_q15_len16) for arm_cfft_sR_q15_len16
    transformfunctions.o(.ARM.exidx.text.arm_rfft_init_32_q15) refers to transformfunctions.o(.text.arm_rfft_init_32_q15) for [Anonymous Symbol]
    transformfunctions.o(.text.arm_mfcc_init_64_q15) refers to commontables.o(.rodata.realCoefAQ15) for realCoefAQ15
    transformfunctions.o(.text.arm_mfcc_init_64_q15) refers to commontables.o(.rodata.realCoefBQ15) for realCoefBQ15
    transformfunctions.o(.text.arm_mfcc_init_64_q15) refers to commontables.o(.rodata.arm_cfft_sR_q15_len32) for arm_cfft_sR_q15_len32
    transformfunctions.o(.ARM.exidx.text.arm_mfcc_init_64_q15) refers to transformfunctions.o(.text.arm_mfcc_init_64_q15) for [Anonymous Symbol]
    transformfunctions.o(.text.arm_rfft_init_64_q15) refers to commontables.o(.rodata.realCoefAQ15) for realCoefAQ15
    transformfunctions.o(.text.arm_rfft_init_64_q15) refers to commontables.o(.rodata.realCoefBQ15) for realCoefBQ15
    transformfunctions.o(.text.arm_rfft_init_64_q15) refers to commontables.o(.rodata.arm_cfft_sR_q15_len32) for arm_cfft_sR_q15_len32
    transformfunctions.o(.ARM.exidx.text.arm_rfft_init_64_q15) refers to transformfunctions.o(.text.arm_rfft_init_64_q15) for [Anonymous Symbol]
    transformfunctions.o(.text.arm_mfcc_init_128_q15) refers to commontables.o(.rodata.realCoefAQ15) for realCoefAQ15
    transformfunctions.o(.text.arm_mfcc_init_128_q15) refers to commontables.o(.rodata.realCoefBQ15) for realCoefBQ15
    transformfunctions.o(.text.arm_mfcc_init_128_q15) refers to commontables.o(.rodata.arm_cfft_sR_q15_len64) for arm_cfft_sR_q15_len64
    transformfunctions.o(.ARM.exidx.text.arm_mfcc_init_128_q15) refers to transformfunctions.o(.text.arm_mfcc_init_128_q15) for [Anonymous Symbol]
    transformfunctions.o(.text.arm_rfft_init_128_q15) refers to commontables.o(.rodata.realCoefAQ15) for realCoefAQ15
    transformfunctions.o(.text.arm_rfft_init_128_q15) refers to commontables.o(.rodata.realCoefBQ15) for realCoefBQ15
    transformfunctions.o(.text.arm_rfft_init_128_q15) refers to commontables.o(.rodata.arm_cfft_sR_q15_len64) for arm_cfft_sR_q15_len64
    transformfunctions.o(.ARM.exidx.text.arm_rfft_init_128_q15) refers to transformfunctions.o(.text.arm_rfft_init_128_q15) for [Anonymous Symbol]
    transformfunctions.o(.text.arm_mfcc_init_256_q15) refers to commontables.o(.rodata.realCoefAQ15) for realCoefAQ15
    transformfunctions.o(.text.arm_mfcc_init_256_q15) refers to commontables.o(.rodata.realCoefBQ15) for realCoefBQ15
    transformfunctions.o(.text.arm_mfcc_init_256_q15) refers to commontables.o(.rodata.arm_cfft_sR_q15_len128) for arm_cfft_sR_q15_len128
    transformfunctions.o(.ARM.exidx.text.arm_mfcc_init_256_q15) refers to transformfunctions.o(.text.arm_mfcc_init_256_q15) for [Anonymous Symbol]
    transformfunctions.o(.text.arm_rfft_init_256_q15) refers to commontables.o(.rodata.realCoefAQ15) for realCoefAQ15
    transformfunctions.o(.text.arm_rfft_init_256_q15) refers to commontables.o(.rodata.realCoefBQ15) for realCoefBQ15
    transformfunctions.o(.text.arm_rfft_init_256_q15) refers to commontables.o(.rodata.arm_cfft_sR_q15_len128) for arm_cfft_sR_q15_len128
    transformfunctions.o(.ARM.exidx.text.arm_rfft_init_256_q15) refers to transformfunctions.o(.text.arm_rfft_init_256_q15) for [Anonymous Symbol]
    transformfunctions.o(.text.arm_mfcc_init_512_q15) refers to commontables.o(.rodata.realCoefAQ15) for realCoefAQ15
    transformfunctions.o(.text.arm_mfcc_init_512_q15) refers to commontables.o(.rodata.realCoefBQ15) for realCoefBQ15
    transformfunctions.o(.text.arm_mfcc_init_512_q15) refers to commontables.o(.rodata.arm_cfft_sR_q15_len256) for arm_cfft_sR_q15_len256
    transformfunctions.o(.ARM.exidx.text.arm_mfcc_init_512_q15) refers to transformfunctions.o(.text.arm_mfcc_init_512_q15) for [Anonymous Symbol]
    transformfunctions.o(.text.arm_rfft_init_512_q15) refers to commontables.o(.rodata.realCoefAQ15) for realCoefAQ15
    transformfunctions.o(.text.arm_rfft_init_512_q15) refers to commontables.o(.rodata.realCoefBQ15) for realCoefBQ15
    transformfunctions.o(.text.arm_rfft_init_512_q15) refers to commontables.o(.rodata.arm_cfft_sR_q15_len256) for arm_cfft_sR_q15_len256
    transformfunctions.o(.ARM.exidx.text.arm_rfft_init_512_q15) refers to transformfunctions.o(.text.arm_rfft_init_512_q15) for [Anonymous Symbol]
    transformfunctions.o(.text.arm_mfcc_init_1024_q15) refers to commontables.o(.rodata.realCoefAQ15) for realCoefAQ15
    transformfunctions.o(.text.arm_mfcc_init_1024_q15) refers to commontables.o(.rodata.realCoefBQ15) for realCoefBQ15
    transformfunctions.o(.text.arm_mfcc_init_1024_q15) refers to commontables.o(.rodata.arm_cfft_sR_q15_len512) for arm_cfft_sR_q15_len512
    transformfunctions.o(.ARM.exidx.text.arm_mfcc_init_1024_q15) refers to transformfunctions.o(.text.arm_mfcc_init_1024_q15) for [Anonymous Symbol]
    transformfunctions.o(.text.arm_rfft_init_1024_q15) refers to commontables.o(.rodata.realCoefAQ15) for realCoefAQ15
    transformfunctions.o(.text.arm_rfft_init_1024_q15) refers to commontables.o(.rodata.realCoefBQ15) for realCoefBQ15
    transformfunctions.o(.text.arm_rfft_init_1024_q15) refers to commontables.o(.rodata.arm_cfft_sR_q15_len512) for arm_cfft_sR_q15_len512
    transformfunctions.o(.ARM.exidx.text.arm_rfft_init_1024_q15) refers to transformfunctions.o(.text.arm_rfft_init_1024_q15) for [Anonymous Symbol]
    transformfunctions.o(.text.arm_mfcc_init_2048_q15) refers to commontables.o(.rodata.realCoefAQ15) for realCoefAQ15
    transformfunctions.o(.text.arm_mfcc_init_2048_q15) refers to commontables.o(.rodata.realCoefBQ15) for realCoefBQ15
    transformfunctions.o(.text.arm_mfcc_init_2048_q15) refers to commontables.o(.rodata.arm_cfft_sR_q15_len1024) for arm_cfft_sR_q15_len1024
    transformfunctions.o(.ARM.exidx.text.arm_mfcc_init_2048_q15) refers to transformfunctions.o(.text.arm_mfcc_init_2048_q15) for [Anonymous Symbol]
    transformfunctions.o(.text.arm_rfft_init_2048_q15) refers to commontables.o(.rodata.realCoefAQ15) for realCoefAQ15
    transformfunctions.o(.text.arm_rfft_init_2048_q15) refers to commontables.o(.rodata.realCoefBQ15) for realCoefBQ15
    transformfunctions.o(.text.arm_rfft_init_2048_q15) refers to commontables.o(.rodata.arm_cfft_sR_q15_len1024) for arm_cfft_sR_q15_len1024
    transformfunctions.o(.ARM.exidx.text.arm_rfft_init_2048_q15) refers to transformfunctions.o(.text.arm_rfft_init_2048_q15) for [Anonymous Symbol]
    transformfunctions.o(.text.arm_mfcc_init_4096_q15) refers to commontables.o(.rodata.realCoefAQ15) for realCoefAQ15
    transformfunctions.o(.text.arm_mfcc_init_4096_q15) refers to commontables.o(.rodata.realCoefBQ15) for realCoefBQ15
    transformfunctions.o(.text.arm_mfcc_init_4096_q15) refers to commontables.o(.rodata.arm_cfft_sR_q15_len2048) for arm_cfft_sR_q15_len2048
    transformfunctions.o(.ARM.exidx.text.arm_mfcc_init_4096_q15) refers to transformfunctions.o(.text.arm_mfcc_init_4096_q15) for [Anonymous Symbol]
    transformfunctions.o(.text.arm_rfft_init_4096_q15) refers to commontables.o(.rodata.realCoefAQ15) for realCoefAQ15
    transformfunctions.o(.text.arm_rfft_init_4096_q15) refers to commontables.o(.rodata.realCoefBQ15) for realCoefBQ15
    transformfunctions.o(.text.arm_rfft_init_4096_q15) refers to commontables.o(.rodata.arm_cfft_sR_q15_len2048) for arm_cfft_sR_q15_len2048
    transformfunctions.o(.ARM.exidx.text.arm_rfft_init_4096_q15) refers to transformfunctions.o(.text.arm_rfft_init_4096_q15) for [Anonymous Symbol]
    transformfunctions.o(.text.arm_mfcc_q15) refers to statisticsfunctions.o(.text.arm_absmax_q15) for arm_absmax_q15
    transformfunctions.o(.text.arm_mfcc_q15) refers to fastmathfunctions.o(.text.arm_divide_q15) for arm_divide_q15
    transformfunctions.o(.text.arm_mfcc_q15) refers to basicmathfunctions.o(.text.arm_scale_q15) for arm_scale_q15
    transformfunctions.o(.text.arm_mfcc_q15) refers to basicmathfunctions.o(.text.arm_mult_q15) for arm_mult_q15
    transformfunctions.o(.text.arm_mfcc_q15) refers to transformfunctions.o(.text.arm_rfft_q15) for arm_rfft_q15
    transformfunctions.o(.text.arm_mfcc_q15) refers to complexmathfunctions.o(.text.arm_cmplx_mag_q15) for arm_cmplx_mag_q15
    transformfunctions.o(.text.arm_mfcc_q15) refers to basicmathfunctions.o(.text.arm_dot_prod_q15) for arm_dot_prod_q15
    transformfunctions.o(.text.arm_mfcc_q15) refers to basicmathfunctions.o(.text.arm_scale_q31) for arm_scale_q31
    transformfunctions.o(.text.arm_mfcc_q15) refers to fastmathfunctions.o(.text.arm_vlog_q31) for arm_vlog_q31
    transformfunctions.o(.text.arm_mfcc_q15) refers to basicmathfunctions.o(.text.arm_offset_q31) for arm_offset_q31
    transformfunctions.o(.text.arm_mfcc_q15) refers to basicmathfunctions.o(.text.arm_shift_q31) for arm_shift_q31
    transformfunctions.o(.text.arm_mfcc_q15) refers to matrixfunctions.o(.text.arm_mat_vec_mult_q15) for arm_mat_vec_mult_q15
    transformfunctions.o(.ARM.exidx.text.arm_mfcc_q15) refers to transformfunctions.o(.text.arm_mfcc_q15) for [Anonymous Symbol]
    transformfunctions.o(.text.arm_rfft_q15) refers to transformfunctions.o(.text.arm_cfft_q15) for arm_cfft_q15
    transformfunctions.o(.text.arm_rfft_q15) refers to basicmathfunctions.o(.text.arm_shift_q15) for arm_shift_q15
    transformfunctions.o(.ARM.exidx.text.arm_rfft_q15) refers to transformfunctions.o(.text.arm_rfft_q15) for [Anonymous Symbol]
    transformfunctions.o(.text.arm_dct4_f32) refers to basicmathfunctions.o(.text.arm_scale_f32) for arm_scale_f32
    transformfunctions.o(.text.arm_dct4_f32) refers to basicmathfunctions.o(.text.arm_mult_f32) for arm_mult_f32
    transformfunctions.o(.text.arm_dct4_f32) refers to transformfunctions.o(.text.arm_rfft_f32) for arm_rfft_f32
    transformfunctions.o(.text.arm_dct4_f32) refers to complexmathfunctions.o(.text.arm_cmplx_mult_cmplx_f32) for arm_cmplx_mult_cmplx_f32
    transformfunctions.o(.ARM.exidx.text.arm_dct4_f32) refers to transformfunctions.o(.text.arm_dct4_f32) for [Anonymous Symbol]
    transformfunctions.o(.text.arm_rfft_f32) refers to transformfunctions.o(.text.arm_radix4_butterfly_inverse_f32) for arm_radix4_butterfly_inverse_f32
    transformfunctions.o(.text.arm_rfft_f32) refers to transformfunctions.o(.text.arm_bitreversal_f32) for arm_bitreversal_f32
    transformfunctions.o(.text.arm_rfft_f32) refers to transformfunctions.o(.text.arm_radix4_butterfly_f32) for arm_radix4_butterfly_f32
    transformfunctions.o(.ARM.exidx.text.arm_rfft_f32) refers to transformfunctions.o(.text.arm_rfft_f32) for [Anonymous Symbol]
    transformfunctions.o(.text.arm_dct4_init_f32) refers to commontables.o(.rodata.cos_factors_512) for cos_factors_512
    transformfunctions.o(.text.arm_dct4_init_f32) refers to commontables.o(.rodata.Weights_512) for Weights_512
    transformfunctions.o(.text.arm_dct4_init_f32) refers to commontables.o(.rodata.cos_factors_2048) for cos_factors_2048
    transformfunctions.o(.text.arm_dct4_init_f32) refers to commontables.o(.rodata.Weights_2048) for Weights_2048
    transformfunctions.o(.text.arm_dct4_init_f32) refers to commontables.o(.rodata.cos_factors_128) for cos_factors_128
    transformfunctions.o(.text.arm_dct4_init_f32) refers to commontables.o(.rodata.Weights_128) for Weights_128
    transformfunctions.o(.text.arm_dct4_init_f32) refers to commontables.o(.rodata.cos_factors_8192) for cos_factors_8192
    transformfunctions.o(.text.arm_dct4_init_f32) refers to commontables.o(.rodata.Weights_8192) for Weights_8192
    transformfunctions.o(.text.arm_dct4_init_f32) refers to transformfunctions.o(.text.arm_rfft_init_f32) for arm_rfft_init_f32
    transformfunctions.o(.ARM.exidx.text.arm_dct4_init_f32) refers to transformfunctions.o(.text.arm_dct4_init_f32) for [Anonymous Symbol]
    transformfunctions.o(.text.arm_rfft_init_f32) refers to commontables.o(.rodata.realCoefA) for realCoefA
    transformfunctions.o(.text.arm_rfft_init_f32) refers to commontables.o(.rodata.realCoefB) for realCoefB
    transformfunctions.o(.text.arm_rfft_init_f32) refers to commontables.o(.rodata.twiddleCoef_4096) for twiddleCoef_4096
    transformfunctions.o(.text.arm_rfft_init_f32) refers to commontables.o(.rodata.armBitRevTable) for armBitRevTable
    transformfunctions.o(.ARM.exidx.text.arm_rfft_init_f32) refers to transformfunctions.o(.text.arm_rfft_init_f32) for [Anonymous Symbol]
    transformfunctions.o(.text.arm_dct4_init_q15) refers to commontables.o(.rodata.cos_factorsQ15_512) for cos_factorsQ15_512
    transformfunctions.o(.text.arm_dct4_init_q15) refers to commontables.o(.rodata.WeightsQ15_512) for WeightsQ15_512
    transformfunctions.o(.text.arm_dct4_init_q15) refers to commontables.o(.rodata.cos_factorsQ15_2048) for cos_factorsQ15_2048
    transformfunctions.o(.text.arm_dct4_init_q15) refers to commontables.o(.rodata.WeightsQ15_2048) for WeightsQ15_2048
    transformfunctions.o(.text.arm_dct4_init_q15) refers to commontables.o(.rodata.cos_factorsQ15_128) for cos_factorsQ15_128
    transformfunctions.o(.text.arm_dct4_init_q15) refers to commontables.o(.rodata.WeightsQ15_128) for WeightsQ15_128
    transformfunctions.o(.text.arm_dct4_init_q15) refers to commontables.o(.rodata.cos_factorsQ15_8192) for cos_factorsQ15_8192
    transformfunctions.o(.text.arm_dct4_init_q15) refers to commontables.o(.rodata.WeightsQ15_8192) for WeightsQ15_8192
    transformfunctions.o(.text.arm_dct4_init_q15) refers to transformfunctions.o(.text.arm_rfft_init_q15) for arm_rfft_init_q15
    transformfunctions.o(.ARM.exidx.text.arm_dct4_init_q15) refers to transformfunctions.o(.text.arm_dct4_init_q15) for [Anonymous Symbol]
    transformfunctions.o(.text.arm_dct4_init_q31) refers to commontables.o(.rodata.cos_factorsQ31_512) for cos_factorsQ31_512
    transformfunctions.o(.text.arm_dct4_init_q31) refers to commontables.o(.rodata.WeightsQ31_512) for WeightsQ31_512
    transformfunctions.o(.text.arm_dct4_init_q31) refers to commontables.o(.rodata.cos_factorsQ31_2048) for cos_factorsQ31_2048
    transformfunctions.o(.text.arm_dct4_init_q31) refers to commontables.o(.rodata.WeightsQ31_2048) for WeightsQ31_2048
    transformfunctions.o(.text.arm_dct4_init_q31) refers to commontables.o(.rodata.cos_factorsQ31_128) for cos_factorsQ31_128
    transformfunctions.o(.text.arm_dct4_init_q31) refers to commontables.o(.rodata.WeightsQ31_128) for WeightsQ31_128
    transformfunctions.o(.text.arm_dct4_init_q31) refers to commontables.o(.rodata.cos_factorsQ31_8192) for cos_factorsQ31_8192
    transformfunctions.o(.text.arm_dct4_init_q31) refers to commontables.o(.rodata.WeightsQ31_8192) for WeightsQ31_8192
    transformfunctions.o(.text.arm_dct4_init_q31) refers to transformfunctions.o(.text.arm_rfft_init_q31) for arm_rfft_init_q31
    transformfunctions.o(.ARM.exidx.text.arm_dct4_init_q31) refers to transformfunctions.o(.text.arm_dct4_init_q31) for [Anonymous Symbol]
    transformfunctions.o(.text.arm_dct4_q15) refers to basicmathfunctions.o(.text.arm_mult_q15) for arm_mult_q15
    transformfunctions.o(.text.arm_dct4_q15) refers to basicmathfunctions.o(.text.arm_shift_q15) for arm_shift_q15
    transformfunctions.o(.text.arm_dct4_q15) refers to transformfunctions.o(.text.arm_rfft_q15) for arm_rfft_q15
    transformfunctions.o(.text.arm_dct4_q15) refers to complexmathfunctions.o(.text.arm_cmplx_mult_cmplx_q15) for arm_cmplx_mult_cmplx_q15
    transformfunctions.o(.ARM.exidx.text.arm_dct4_q15) refers to transformfunctions.o(.text.arm_dct4_q15) for [Anonymous Symbol]
    transformfunctions.o(.text.arm_dct4_q31) refers to basicmathfunctions.o(.text.arm_mult_q31) for arm_mult_q31
    transformfunctions.o(.text.arm_dct4_q31) refers to basicmathfunctions.o(.text.arm_shift_q31) for arm_shift_q31
    transformfunctions.o(.text.arm_dct4_q31) refers to transformfunctions.o(.text.arm_rfft_q31) for arm_rfft_q31
    transformfunctions.o(.text.arm_dct4_q31) refers to complexmathfunctions.o(.text.arm_cmplx_mult_cmplx_q31) for arm_cmplx_mult_cmplx_q31
    transformfunctions.o(.ARM.exidx.text.arm_dct4_q31) refers to transformfunctions.o(.text.arm_dct4_q31) for [Anonymous Symbol]
    transformfunctions.o(.ARM.exidx.text.arm_split_rifft_f32) refers to transformfunctions.o(.text.arm_split_rifft_f32) for [Anonymous Symbol]
    transformfunctions.o(.ARM.exidx.text.arm_split_rfft_f32) refers to transformfunctions.o(.text.arm_split_rfft_f32) for [Anonymous Symbol]
    transformfunctions.o(.ARM.exidx.text.arm_split_rifft_q15) refers to transformfunctions.o(.text.arm_split_rifft_q15) for [Anonymous Symbol]
    transformfunctions.o(.ARM.exidx.text.arm_split_rfft_q15) refers to transformfunctions.o(.text.arm_split_rfft_q15) for [Anonymous Symbol]
    transformfunctions.o(.ARM.exidx.text.arm_split_rifft_q31) refers to transformfunctions.o(.text.arm_split_rifft_q31) for [Anonymous Symbol]
    transformfunctions.o(.ARM.exidx.text.arm_split_rfft_q31) refers to transformfunctions.o(.text.arm_split_rfft_q31) for [Anonymous Symbol]
    transformfunctions.o(.text.arm_cfft_radix4_init_f32) refers to commontables.o(.rodata.twiddleCoef_4096) for twiddleCoef_4096
    transformfunctions.o(.text.arm_cfft_radix4_init_f32) refers to commontables.o(.rodata.armBitRevTable) for armBitRevTable
    transformfunctions.o(.ARM.exidx.text.arm_cfft_radix4_init_f32) refers to transformfunctions.o(.text.arm_cfft_radix4_init_f32) for [Anonymous Symbol]
    transformfunctions.o(.text.arm_rfft_init_8192_q15) refers to commontables.o(.rodata.realCoefAQ15) for realCoefAQ15
    transformfunctions.o(.text.arm_rfft_init_8192_q15) refers to commontables.o(.rodata.realCoefBQ15) for realCoefBQ15
    transformfunctions.o(.text.arm_rfft_init_8192_q15) refers to commontables.o(.rodata.arm_cfft_sR_q15_len4096) for arm_cfft_sR_q15_len4096
    transformfunctions.o(.ARM.exidx.text.arm_rfft_init_8192_q15) refers to transformfunctions.o(.text.arm_rfft_init_8192_q15) for [Anonymous Symbol]
    transformfunctions.o(.text.arm_rfft_init_8192_q31) refers to commontables.o(.rodata.realCoefAQ31) for realCoefAQ31
    transformfunctions.o(.text.arm_rfft_init_8192_q31) refers to commontables.o(.rodata.realCoefBQ31) for realCoefBQ31
    transformfunctions.o(.text.arm_rfft_init_8192_q31) refers to commontables.o(.rodata.arm_cfft_sR_q31_len4096) for arm_cfft_sR_q31_len4096
    transformfunctions.o(.ARM.exidx.text.arm_rfft_init_8192_q31) refers to transformfunctions.o(.text.arm_rfft_init_8192_q31) for [Anonymous Symbol]
    transformfunctions.o(.text.arm_cfft_radix4_init_q15) refers to commontables.o(.rodata.twiddleCoef_4096_q15) for twiddleCoef_4096_q15
    transformfunctions.o(.text.arm_cfft_radix4_init_q15) refers to commontables.o(.rodata.armBitRevTable) for armBitRevTable
    transformfunctions.o(.ARM.exidx.text.arm_cfft_radix4_init_q15) refers to transformfunctions.o(.text.arm_cfft_radix4_init_q15) for [Anonymous Symbol]
    transformfunctions.o(.text.arm_cfft_radix4_init_q31) refers to commontables.o(.rodata.twiddleCoef_4096_q31) for twiddleCoef_4096_q31
    transformfunctions.o(.text.arm_cfft_radix4_init_q31) refers to commontables.o(.rodata.armBitRevTable) for armBitRevTable
    transformfunctions.o(.ARM.exidx.text.arm_cfft_radix4_init_q31) refers to transformfunctions.o(.text.arm_cfft_radix4_init_q31) for [Anonymous Symbol]
    transformfunctions.o(.text.arm_cfft_radix2_init_f32) refers to commontables.o(.rodata.twiddleCoef_4096) for twiddleCoef_4096
    transformfunctions.o(.text.arm_cfft_radix2_init_f32) refers to commontables.o(.rodata.armBitRevTable) for armBitRevTable
    transformfunctions.o(.ARM.exidx.text.arm_cfft_radix2_init_f32) refers to transformfunctions.o(.text.arm_cfft_radix2_init_f32) for [Anonymous Symbol]
    transformfunctions.o(.text.arm_cfft_radix2_init_q15) refers to commontables.o(.rodata.twiddleCoef_4096_q15) for twiddleCoef_4096_q15
    transformfunctions.o(.text.arm_cfft_radix2_init_q15) refers to commontables.o(.rodata.armBitRevTable) for armBitRevTable
    transformfunctions.o(.ARM.exidx.text.arm_cfft_radix2_init_q15) refers to transformfunctions.o(.text.arm_cfft_radix2_init_q15) for [Anonymous Symbol]
    transformfunctions.o(.text.arm_cfft_radix2_init_q31) refers to commontables.o(.rodata.twiddleCoef_4096_q31) for twiddleCoef_4096_q31
    transformfunctions.o(.text.arm_cfft_radix2_init_q31) refers to commontables.o(.rodata.armBitRevTable) for armBitRevTable
    transformfunctions.o(.ARM.exidx.text.arm_cfft_radix2_init_q31) refers to transformfunctions.o(.text.arm_cfft_radix2_init_q31) for [Anonymous Symbol]
    transformfunctionsf16.o(.text.arm_cfft_f16) refers to transformfunctionsf16.o(.text.arm_cfft_radix4by2_f16) for arm_cfft_radix4by2_f16
    transformfunctionsf16.o(.text.arm_cfft_f16) refers to transformfunctions.o(.text.arm_bitreversal_16) for arm_bitreversal_16
    transformfunctionsf16.o(.text.arm_cfft_f16) refers to transformfunctionsf16.o(.text.arm_radix4_butterfly_f16) for arm_radix4_butterfly_f16
    transformfunctionsf16.o(.ARM.exidx.text.arm_cfft_f16) refers to transformfunctionsf16.o(.text.arm_cfft_f16) for [Anonymous Symbol]
    transformfunctionsf16.o(.ARM.exidx.text.arm_radix4_butterfly_f16) refers to transformfunctionsf16.o(.text.arm_radix4_butterfly_f16) for [Anonymous Symbol]
    transformfunctionsf16.o(.text.arm_cfft_radix4by2_f16) refers to transformfunctionsf16.o(.text.arm_radix4_butterfly_f16) for arm_radix4_butterfly_f16
    transformfunctionsf16.o(.ARM.exidx.text.arm_cfft_radix4by2_f16) refers to transformfunctionsf16.o(.text.arm_cfft_radix4by2_f16) for [Anonymous Symbol]
    transformfunctionsf16.o(.text.arm_cfft_init_4096_f16) refers to commontablesf16.o(.rodata.arm_cfft_sR_f16_len4096) for arm_cfft_sR_f16_len4096
    transformfunctionsf16.o(.ARM.exidx.text.arm_cfft_init_4096_f16) refers to transformfunctionsf16.o(.text.arm_cfft_init_4096_f16) for [Anonymous Symbol]
    transformfunctionsf16.o(.text.arm_cfft_init_2048_f16) refers to commontablesf16.o(.rodata.arm_cfft_sR_f16_len2048) for arm_cfft_sR_f16_len2048
    transformfunctionsf16.o(.ARM.exidx.text.arm_cfft_init_2048_f16) refers to transformfunctionsf16.o(.text.arm_cfft_init_2048_f16) for [Anonymous Symbol]
    transformfunctionsf16.o(.text.arm_cfft_init_1024_f16) refers to commontablesf16.o(.rodata.arm_cfft_sR_f16_len1024) for arm_cfft_sR_f16_len1024
    transformfunctionsf16.o(.ARM.exidx.text.arm_cfft_init_1024_f16) refers to transformfunctionsf16.o(.text.arm_cfft_init_1024_f16) for [Anonymous Symbol]
    transformfunctionsf16.o(.text.arm_cfft_init_512_f16) refers to commontablesf16.o(.rodata.arm_cfft_sR_f16_len512) for arm_cfft_sR_f16_len512
    transformfunctionsf16.o(.ARM.exidx.text.arm_cfft_init_512_f16) refers to transformfunctionsf16.o(.text.arm_cfft_init_512_f16) for [Anonymous Symbol]
    transformfunctionsf16.o(.text.arm_cfft_init_256_f16) refers to commontablesf16.o(.rodata.arm_cfft_sR_f16_len256) for arm_cfft_sR_f16_len256
    transformfunctionsf16.o(.ARM.exidx.text.arm_cfft_init_256_f16) refers to transformfunctionsf16.o(.text.arm_cfft_init_256_f16) for [Anonymous Symbol]
    transformfunctionsf16.o(.text.arm_cfft_init_128_f16) refers to commontablesf16.o(.rodata.arm_cfft_sR_f16_len128) for arm_cfft_sR_f16_len128
    transformfunctionsf16.o(.ARM.exidx.text.arm_cfft_init_128_f16) refers to transformfunctionsf16.o(.text.arm_cfft_init_128_f16) for [Anonymous Symbol]
    transformfunctionsf16.o(.text.arm_cfft_init_64_f16) refers to commontablesf16.o(.rodata.arm_cfft_sR_f16_len64) for arm_cfft_sR_f16_len64
    transformfunctionsf16.o(.ARM.exidx.text.arm_cfft_init_64_f16) refers to transformfunctionsf16.o(.text.arm_cfft_init_64_f16) for [Anonymous Symbol]
    transformfunctionsf16.o(.text.arm_cfft_init_32_f16) refers to commontablesf16.o(.rodata.arm_cfft_sR_f16_len32) for arm_cfft_sR_f16_len32
    transformfunctionsf16.o(.ARM.exidx.text.arm_cfft_init_32_f16) refers to transformfunctionsf16.o(.text.arm_cfft_init_32_f16) for [Anonymous Symbol]
    transformfunctionsf16.o(.text.arm_cfft_init_16_f16) refers to commontablesf16.o(.rodata.arm_cfft_sR_f16_len16) for arm_cfft_sR_f16_len16
    transformfunctionsf16.o(.ARM.exidx.text.arm_cfft_init_16_f16) refers to transformfunctionsf16.o(.text.arm_cfft_init_16_f16) for [Anonymous Symbol]
    transformfunctionsf16.o(.text.arm_cfft_init_f16) refers to commontablesf16.o(.rodata.arm_cfft_sR_f16_len2048) for arm_cfft_sR_f16_len2048
    transformfunctionsf16.o(.text.arm_cfft_init_f16) refers to commontablesf16.o(.rodata.arm_cfft_sR_f16_len32) for arm_cfft_sR_f16_len32
    transformfunctionsf16.o(.text.arm_cfft_init_f16) refers to commontablesf16.o(.rodata.arm_cfft_sR_f16_len512) for arm_cfft_sR_f16_len512
    transformfunctionsf16.o(.text.arm_cfft_init_f16) refers to commontablesf16.o(.rodata.arm_cfft_sR_f16_len128) for arm_cfft_sR_f16_len128
    transformfunctionsf16.o(.text.arm_cfft_init_f16) refers to commontablesf16.o(.rodata.arm_cfft_sR_f16_len1024) for arm_cfft_sR_f16_len1024
    transformfunctionsf16.o(.text.arm_cfft_init_f16) refers to commontablesf16.o(.rodata.arm_cfft_sR_f16_len4096) for arm_cfft_sR_f16_len4096
    transformfunctionsf16.o(.text.arm_cfft_init_f16) refers to commontablesf16.o(.rodata.arm_cfft_sR_f16_len16) for arm_cfft_sR_f16_len16
    transformfunctionsf16.o(.text.arm_cfft_init_f16) refers to commontablesf16.o(.rodata.arm_cfft_sR_f16_len256) for arm_cfft_sR_f16_len256
    transformfunctionsf16.o(.text.arm_cfft_init_f16) refers to commontablesf16.o(.rodata.arm_cfft_sR_f16_len64) for arm_cfft_sR_f16_len64
    transformfunctionsf16.o(.ARM.exidx.text.arm_cfft_init_f16) refers to transformfunctionsf16.o(.text.arm_cfft_init_f16) for [Anonymous Symbol]
    transformfunctionsf16.o(.text.arm_cfft_radix2_f16) refers to transformfunctionsf16.o(.text.arm_radix2_butterfly_inverse_f16) for arm_radix2_butterfly_inverse_f16
    transformfunctionsf16.o(.text.arm_cfft_radix2_f16) refers to transformfunctionsf16.o(.text.arm_radix2_butterfly_f16) for arm_radix2_butterfly_f16
    transformfunctionsf16.o(.text.arm_cfft_radix2_f16) refers to transformfunctionsf16.o(.text.arm_bitreversal_f16) for arm_bitreversal_f16
    transformfunctionsf16.o(.ARM.exidx.text.arm_cfft_radix2_f16) refers to transformfunctionsf16.o(.text.arm_cfft_radix2_f16) for [Anonymous Symbol]
    transformfunctionsf16.o(.ARM.exidx.text.arm_radix2_butterfly_inverse_f16) refers to transformfunctionsf16.o(.text.arm_radix2_butterfly_inverse_f16) for [Anonymous Symbol]
    transformfunctionsf16.o(.ARM.exidx.text.arm_radix2_butterfly_f16) refers to transformfunctionsf16.o(.text.arm_radix2_butterfly_f16) for [Anonymous Symbol]
    transformfunctionsf16.o(.ARM.exidx.text.arm_bitreversal_f16) refers to transformfunctionsf16.o(.text.arm_bitreversal_f16) for [Anonymous Symbol]
    transformfunctionsf16.o(.text.arm_cfft_radix4_f16) refers to transformfunctionsf16.o(.text.arm_radix4_butterfly_inverse_f16) for arm_radix4_butterfly_inverse_f16
    transformfunctionsf16.o(.text.arm_cfft_radix4_f16) refers to transformfunctionsf16.o(.text.arm_radix4_butterfly_f16) for arm_radix4_butterfly_f16
    transformfunctionsf16.o(.text.arm_cfft_radix4_f16) refers to transformfunctionsf16.o(.text.arm_bitreversal_f16) for arm_bitreversal_f16
    transformfunctionsf16.o(.ARM.exidx.text.arm_cfft_radix4_f16) refers to transformfunctionsf16.o(.text.arm_cfft_radix4_f16) for [Anonymous Symbol]
    transformfunctionsf16.o(.ARM.exidx.text.arm_radix4_butterfly_inverse_f16) refers to transformfunctionsf16.o(.text.arm_radix4_butterfly_inverse_f16) for [Anonymous Symbol]
    transformfunctionsf16.o(.text.arm_rfft_fast_init_32_f16) refers to commontablesf16.o(.rodata.arm_cfft_sR_f16_len16) for arm_cfft_sR_f16_len16
    transformfunctionsf16.o(.text.arm_rfft_fast_init_32_f16) refers to commontablesf16.o(.rodata.twiddleCoefF16_rfft_32) for twiddleCoefF16_rfft_32
    transformfunctionsf16.o(.ARM.exidx.text.arm_rfft_fast_init_32_f16) refers to transformfunctionsf16.o(.text.arm_rfft_fast_init_32_f16) for [Anonymous Symbol]
    transformfunctionsf16.o(.text.arm_rfft_fast_init_64_f16) refers to commontablesf16.o(.rodata.arm_cfft_sR_f16_len32) for arm_cfft_sR_f16_len32
    transformfunctionsf16.o(.text.arm_rfft_fast_init_64_f16) refers to commontablesf16.o(.rodata.twiddleCoefF16_rfft_64) for twiddleCoefF16_rfft_64
    transformfunctionsf16.o(.ARM.exidx.text.arm_rfft_fast_init_64_f16) refers to transformfunctionsf16.o(.text.arm_rfft_fast_init_64_f16) for [Anonymous Symbol]
    transformfunctionsf16.o(.text.arm_rfft_fast_init_128_f16) refers to commontablesf16.o(.rodata.arm_cfft_sR_f16_len64) for arm_cfft_sR_f16_len64
    transformfunctionsf16.o(.text.arm_rfft_fast_init_128_f16) refers to commontablesf16.o(.rodata.twiddleCoefF16_rfft_128) for twiddleCoefF16_rfft_128
    transformfunctionsf16.o(.ARM.exidx.text.arm_rfft_fast_init_128_f16) refers to transformfunctionsf16.o(.text.arm_rfft_fast_init_128_f16) for [Anonymous Symbol]
    transformfunctionsf16.o(.text.arm_rfft_fast_init_256_f16) refers to commontablesf16.o(.rodata.arm_cfft_sR_f16_len128) for arm_cfft_sR_f16_len128
    transformfunctionsf16.o(.text.arm_rfft_fast_init_256_f16) refers to commontablesf16.o(.rodata.twiddleCoefF16_rfft_256) for twiddleCoefF16_rfft_256
    transformfunctionsf16.o(.ARM.exidx.text.arm_rfft_fast_init_256_f16) refers to transformfunctionsf16.o(.text.arm_rfft_fast_init_256_f16) for [Anonymous Symbol]
    transformfunctionsf16.o(.text.arm_rfft_fast_init_512_f16) refers to commontablesf16.o(.rodata.arm_cfft_sR_f16_len256) for arm_cfft_sR_f16_len256
    transformfunctionsf16.o(.text.arm_rfft_fast_init_512_f16) refers to commontablesf16.o(.rodata.twiddleCoefF16_rfft_512) for twiddleCoefF16_rfft_512
    transformfunctionsf16.o(.ARM.exidx.text.arm_rfft_fast_init_512_f16) refers to transformfunctionsf16.o(.text.arm_rfft_fast_init_512_f16) for [Anonymous Symbol]
    transformfunctionsf16.o(.text.arm_rfft_fast_init_1024_f16) refers to commontablesf16.o(.rodata.arm_cfft_sR_f16_len512) for arm_cfft_sR_f16_len512
    transformfunctionsf16.o(.text.arm_rfft_fast_init_1024_f16) refers to commontablesf16.o(.rodata.twiddleCoefF16_rfft_1024) for twiddleCoefF16_rfft_1024
    transformfunctionsf16.o(.ARM.exidx.text.arm_rfft_fast_init_1024_f16) refers to transformfunctionsf16.o(.text.arm_rfft_fast_init_1024_f16) for [Anonymous Symbol]
    transformfunctionsf16.o(.text.arm_rfft_fast_init_2048_f16) refers to commontablesf16.o(.rodata.arm_cfft_sR_f16_len1024) for arm_cfft_sR_f16_len1024
    transformfunctionsf16.o(.text.arm_rfft_fast_init_2048_f16) refers to commontablesf16.o(.rodata.twiddleCoefF16_rfft_2048) for twiddleCoefF16_rfft_2048
    transformfunctionsf16.o(.ARM.exidx.text.arm_rfft_fast_init_2048_f16) refers to transformfunctionsf16.o(.text.arm_rfft_fast_init_2048_f16) for [Anonymous Symbol]
    transformfunctionsf16.o(.text.arm_rfft_fast_init_4096_f16) refers to commontablesf16.o(.rodata.arm_cfft_sR_f16_len2048) for arm_cfft_sR_f16_len2048
    transformfunctionsf16.o(.text.arm_rfft_fast_init_4096_f16) refers to commontablesf16.o(.rodata.twiddleCoefF16_rfft_4096) for twiddleCoefF16_rfft_4096
    transformfunctionsf16.o(.ARM.exidx.text.arm_rfft_fast_init_4096_f16) refers to transformfunctionsf16.o(.text.arm_rfft_fast_init_4096_f16) for [Anonymous Symbol]
    transformfunctionsf16.o(.text.arm_rfft_fast_init_f16) refers to commontablesf16.o(.rodata.arm_cfft_sR_f16_len32) for arm_cfft_sR_f16_len32
    transformfunctionsf16.o(.text.arm_rfft_fast_init_f16) refers to commontablesf16.o(.rodata.twiddleCoefF16_rfft_64) for twiddleCoefF16_rfft_64
    transformfunctionsf16.o(.text.arm_rfft_fast_init_f16) refers to commontablesf16.o(.rodata.arm_cfft_sR_f16_len512) for arm_cfft_sR_f16_len512
    transformfunctionsf16.o(.text.arm_rfft_fast_init_f16) refers to commontablesf16.o(.rodata.twiddleCoefF16_rfft_1024) for twiddleCoefF16_rfft_1024
    transformfunctionsf16.o(.text.arm_rfft_fast_init_f16) refers to commontablesf16.o(.rodata.arm_cfft_sR_f16_len128) for arm_cfft_sR_f16_len128
    transformfunctionsf16.o(.text.arm_rfft_fast_init_f16) refers to commontablesf16.o(.rodata.twiddleCoefF16_rfft_256) for twiddleCoefF16_rfft_256
    transformfunctionsf16.o(.text.arm_rfft_fast_init_f16) refers to commontablesf16.o(.rodata.arm_cfft_sR_f16_len2048) for arm_cfft_sR_f16_len2048
    transformfunctionsf16.o(.text.arm_rfft_fast_init_f16) refers to commontablesf16.o(.rodata.twiddleCoefF16_rfft_4096) for twiddleCoefF16_rfft_4096
    transformfunctionsf16.o(.text.arm_rfft_fast_init_f16) refers to commontablesf16.o(.rodata.arm_cfft_sR_f16_len16) for arm_cfft_sR_f16_len16
    transformfunctionsf16.o(.text.arm_rfft_fast_init_f16) refers to commontablesf16.o(.rodata.twiddleCoefF16_rfft_32) for twiddleCoefF16_rfft_32
    transformfunctionsf16.o(.text.arm_rfft_fast_init_f16) refers to commontablesf16.o(.rodata.arm_cfft_sR_f16_len256) for arm_cfft_sR_f16_len256
    transformfunctionsf16.o(.text.arm_rfft_fast_init_f16) refers to commontablesf16.o(.rodata.twiddleCoefF16_rfft_512) for twiddleCoefF16_rfft_512
    transformfunctionsf16.o(.text.arm_rfft_fast_init_f16) refers to commontablesf16.o(.rodata.arm_cfft_sR_f16_len64) for arm_cfft_sR_f16_len64
    transformfunctionsf16.o(.text.arm_rfft_fast_init_f16) refers to commontablesf16.o(.rodata.twiddleCoefF16_rfft_128) for twiddleCoefF16_rfft_128
    transformfunctionsf16.o(.text.arm_rfft_fast_init_f16) refers to commontablesf16.o(.rodata.arm_cfft_sR_f16_len1024) for arm_cfft_sR_f16_len1024
    transformfunctionsf16.o(.text.arm_rfft_fast_init_f16) refers to commontablesf16.o(.rodata.twiddleCoefF16_rfft_2048) for twiddleCoefF16_rfft_2048
    transformfunctionsf16.o(.ARM.exidx.text.arm_rfft_fast_init_f16) refers to transformfunctionsf16.o(.text.arm_rfft_fast_init_f16) for [Anonymous Symbol]
    transformfunctionsf16.o(.ARM.exidx.text.stage_rfft_f16) refers to transformfunctionsf16.o(.text.stage_rfft_f16) for [Anonymous Symbol]
    transformfunctionsf16.o(.ARM.exidx.text.merge_rfft_f16) refers to transformfunctionsf16.o(.text.merge_rfft_f16) for [Anonymous Symbol]
    transformfunctionsf16.o(.text.arm_rfft_fast_f16) refers to transformfunctionsf16.o(.text.merge_rfft_f16) for merge_rfft_f16
    transformfunctionsf16.o(.text.arm_rfft_fast_f16) refers to transformfunctionsf16.o(.text.arm_cfft_f16) for arm_cfft_f16
    transformfunctionsf16.o(.text.arm_rfft_fast_f16) refers to transformfunctionsf16.o(.text.stage_rfft_f16) for stage_rfft_f16
    transformfunctionsf16.o(.ARM.exidx.text.arm_rfft_fast_f16) refers to transformfunctionsf16.o(.text.arm_rfft_fast_f16) for [Anonymous Symbol]
    transformfunctionsf16.o(.ARM.exidx.text.arm_radix8_butterfly_f16) refers to transformfunctionsf16.o(.text.arm_radix8_butterfly_f16) for [Anonymous Symbol]
    transformfunctionsf16.o(.text.arm_mfcc_init_f16) refers to transformfunctionsf16.o(.text.arm_rfft_fast_init_f16) for arm_rfft_fast_init_f16
    transformfunctionsf16.o(.ARM.exidx.text.arm_mfcc_init_f16) refers to transformfunctionsf16.o(.text.arm_mfcc_init_f16) for [Anonymous Symbol]
    transformfunctionsf16.o(.text.arm_mfcc_init_32_f16) refers to commontablesf16.o(.rodata.arm_cfft_sR_f16_len16) for arm_cfft_sR_f16_len16
    transformfunctionsf16.o(.text.arm_mfcc_init_32_f16) refers to commontablesf16.o(.rodata.twiddleCoefF16_rfft_32) for twiddleCoefF16_rfft_32
    transformfunctionsf16.o(.ARM.exidx.text.arm_mfcc_init_32_f16) refers to transformfunctionsf16.o(.text.arm_mfcc_init_32_f16) for [Anonymous Symbol]
    transformfunctionsf16.o(.text.arm_mfcc_init_64_f16) refers to commontablesf16.o(.rodata.arm_cfft_sR_f16_len32) for arm_cfft_sR_f16_len32
    transformfunctionsf16.o(.text.arm_mfcc_init_64_f16) refers to commontablesf16.o(.rodata.twiddleCoefF16_rfft_64) for twiddleCoefF16_rfft_64
    transformfunctionsf16.o(.ARM.exidx.text.arm_mfcc_init_64_f16) refers to transformfunctionsf16.o(.text.arm_mfcc_init_64_f16) for [Anonymous Symbol]
    transformfunctionsf16.o(.text.arm_mfcc_init_128_f16) refers to commontablesf16.o(.rodata.arm_cfft_sR_f16_len64) for arm_cfft_sR_f16_len64
    transformfunctionsf16.o(.text.arm_mfcc_init_128_f16) refers to commontablesf16.o(.rodata.twiddleCoefF16_rfft_128) for twiddleCoefF16_rfft_128
    transformfunctionsf16.o(.ARM.exidx.text.arm_mfcc_init_128_f16) refers to transformfunctionsf16.o(.text.arm_mfcc_init_128_f16) for [Anonymous Symbol]
    transformfunctionsf16.o(.text.arm_mfcc_init_256_f16) refers to commontablesf16.o(.rodata.arm_cfft_sR_f16_len128) for arm_cfft_sR_f16_len128
    transformfunctionsf16.o(.text.arm_mfcc_init_256_f16) refers to commontablesf16.o(.rodata.twiddleCoefF16_rfft_256) for twiddleCoefF16_rfft_256
    transformfunctionsf16.o(.ARM.exidx.text.arm_mfcc_init_256_f16) refers to transformfunctionsf16.o(.text.arm_mfcc_init_256_f16) for [Anonymous Symbol]
    transformfunctionsf16.o(.text.arm_mfcc_init_512_f16) refers to commontablesf16.o(.rodata.arm_cfft_sR_f16_len256) for arm_cfft_sR_f16_len256
    transformfunctionsf16.o(.text.arm_mfcc_init_512_f16) refers to commontablesf16.o(.rodata.twiddleCoefF16_rfft_512) for twiddleCoefF16_rfft_512
    transformfunctionsf16.o(.ARM.exidx.text.arm_mfcc_init_512_f16) refers to transformfunctionsf16.o(.text.arm_mfcc_init_512_f16) for [Anonymous Symbol]
    transformfunctionsf16.o(.text.arm_mfcc_init_1024_f16) refers to commontablesf16.o(.rodata.arm_cfft_sR_f16_len512) for arm_cfft_sR_f16_len512
    transformfunctionsf16.o(.text.arm_mfcc_init_1024_f16) refers to commontablesf16.o(.rodata.twiddleCoefF16_rfft_1024) for twiddleCoefF16_rfft_1024
    transformfunctionsf16.o(.ARM.exidx.text.arm_mfcc_init_1024_f16) refers to transformfunctionsf16.o(.text.arm_mfcc_init_1024_f16) for [Anonymous Symbol]
    transformfunctionsf16.o(.text.arm_mfcc_init_2048_f16) refers to commontablesf16.o(.rodata.arm_cfft_sR_f16_len1024) for arm_cfft_sR_f16_len1024
    transformfunctionsf16.o(.text.arm_mfcc_init_2048_f16) refers to commontablesf16.o(.rodata.twiddleCoefF16_rfft_2048) for twiddleCoefF16_rfft_2048
    transformfunctionsf16.o(.ARM.exidx.text.arm_mfcc_init_2048_f16) refers to transformfunctionsf16.o(.text.arm_mfcc_init_2048_f16) for [Anonymous Symbol]
    transformfunctionsf16.o(.text.arm_mfcc_init_4096_f16) refers to commontablesf16.o(.rodata.arm_cfft_sR_f16_len2048) for arm_cfft_sR_f16_len2048
    transformfunctionsf16.o(.text.arm_mfcc_init_4096_f16) refers to commontablesf16.o(.rodata.twiddleCoefF16_rfft_4096) for twiddleCoefF16_rfft_4096
    transformfunctionsf16.o(.ARM.exidx.text.arm_mfcc_init_4096_f16) refers to transformfunctionsf16.o(.text.arm_mfcc_init_4096_f16) for [Anonymous Symbol]
    transformfunctionsf16.o(.text.arm_mfcc_f16) refers to statisticsfunctionsf16.o(.text.arm_absmax_f16) for arm_absmax_f16
    transformfunctionsf16.o(.text.arm_mfcc_f16) refers to basicmathfunctionsf16.o(.text.arm_scale_f16) for arm_scale_f16
    transformfunctionsf16.o(.text.arm_mfcc_f16) refers to basicmathfunctionsf16.o(.text.arm_mult_f16) for arm_mult_f16
    transformfunctionsf16.o(.text.arm_mfcc_f16) refers to transformfunctionsf16.o(.text.arm_cfft_f16) for arm_cfft_f16
    transformfunctionsf16.o(.text.arm_mfcc_f16) refers to transformfunctionsf16.o(.text.stage_rfft_f16) for stage_rfft_f16
    transformfunctionsf16.o(.text.arm_mfcc_f16) refers to complexmathfunctionsf16.o(.text.arm_cmplx_mag_f16) for arm_cmplx_mag_f16
    transformfunctionsf16.o(.text.arm_mfcc_f16) refers to basicmathfunctionsf16.o(.text.arm_dot_prod_f16) for arm_dot_prod_f16
    transformfunctionsf16.o(.text.arm_mfcc_f16) refers to basicmathfunctionsf16.o(.text.arm_offset_f16) for arm_offset_f16
    transformfunctionsf16.o(.text.arm_mfcc_f16) refers to fastmathfunctionsf16.o(.text.arm_vlog_f16) for arm_vlog_f16
    transformfunctionsf16.o(.text.arm_mfcc_f16) refers to matrixfunctionsf16.o(.text.arm_mat_vec_mult_f16) for arm_mat_vec_mult_f16
    transformfunctionsf16.o(.ARM.exidx.text.arm_mfcc_f16) refers to transformfunctionsf16.o(.text.arm_mfcc_f16) for [Anonymous Symbol]
    transformfunctionsf16.o(.text.arm_cfft_radix2_init_f16) refers to commontablesf16.o(.rodata.twiddleCoefF16_4096) for twiddleCoefF16_4096
    transformfunctionsf16.o(.text.arm_cfft_radix2_init_f16) refers to commontables.o(.rodata.armBitRevTable) for armBitRevTable
    transformfunctionsf16.o(.ARM.exidx.text.arm_cfft_radix2_init_f16) refers to transformfunctionsf16.o(.text.arm_cfft_radix2_init_f16) for [Anonymous Symbol]
    transformfunctionsf16.o(.text.arm_cfft_radix4_init_f16) refers to commontablesf16.o(.rodata.twiddleCoefF16_4096) for twiddleCoefF16_4096
    transformfunctionsf16.o(.text.arm_cfft_radix4_init_f16) refers to commontables.o(.rodata.armBitRevTable) for armBitRevTable
    transformfunctionsf16.o(.ARM.exidx.text.arm_cfft_radix4_init_f16) refers to transformfunctionsf16.o(.text.arm_cfft_radix4_init_f16) for [Anonymous Symbol]
    ahrs.o(i.AHRS_init) refers to ahrs_middleware.o(.text.AHRS_get_height) for AHRS_get_height
    ahrs.o(i.AHRS_init) refers to ahrs_middleware.o(.text.AHRS_get_latitude) for AHRS_get_latitude
    ahrs.o(i.AHRS_init) refers to ahrs_middleware.o(.text.AHRS_sinf) for AHRS_sinf
    ahrs.o(i.AHRS_init) refers to ahrs_middleware.o(.text.AHRS_invSqrt) for AHRS_invSqrt
    ahrs.o(i.AHRS_init) refers to ahrs_middleware.o(.text.AHRS_asinf) for AHRS_asinf
    ahrs.o(i.AHRS_init) refers to ahrs_middleware.o(.text.AHRS_atan2f) for AHRS_atan2f
    ahrs.o(i.AHRS_init) refers to ahrs_middleware.o(.text.AHRS_cosf) for AHRS_cosf
    ahrs.o(i.AHRS_init) refers to ahrs.o(i.angle_to_quat) for angle_to_quat
    ahrs.o(i.AHRS_init) refers to ahrs.o(.data) for local_hight
    ahrs.o(i.AHRS_update) refers to ahrs.o(i.accel_comple_filter) for accel_comple_filter
    ahrs.o(i.AHRS_update) refers to rt_memclr_w.o(.text) for __aeabi_memclr4
    ahrs.o(i.AHRS_update) refers to ahrs.o(i.update_w) for update_w
    ahrs.o(i.AHRS_update) refers to ahrs.o(i.quat_normalization) for quat_normalization
    ahrs.o(i.accel_comple_filter) refers to ahrs.o(i.accel_update_kp_ki) for accel_update_kp_ki
    ahrs.o(i.accel_comple_filter) refers to ahrs_middleware.o(.text.AHRS_invSqrt) for AHRS_invSqrt
    ahrs.o(i.accel_comple_filter) refers to ahrs.o(.constdata) for .constdata
    ahrs.o(i.accel_update_kp_ki) refers to ahrs_middleware.o(.text.AHRS_invSqrt) for AHRS_invSqrt
    ahrs.o(i.accel_update_kp_ki) refers to ahrs.o(i.AHRS_fabs) for AHRS_fabs
    ahrs.o(i.accel_update_kp_ki) refers to ahrs.o(.data) for carrier_gravity
    ahrs.o(i.angle_to_quat) refers to ahrs_middleware.o(.text.AHRS_cosf) for AHRS_cosf
    ahrs.o(i.angle_to_quat) refers to ahrs_middleware.o(.text.AHRS_sinf) for AHRS_sinf
    ahrs.o(i.get_angle) refers to ahrs_middleware.o(.text.AHRS_asinf) for AHRS_asinf
    ahrs.o(i.get_angle) refers to ahrs_middleware.o(.text.AHRS_atan2f) for AHRS_atan2f
    ahrs.o(i.get_carrier_gravity) refers to ahrs.o(.data) for carrier_gravity
    ahrs.o(i.get_pitch) refers to ahrs_middleware.o(.text.AHRS_asinf) for AHRS_asinf
    ahrs.o(i.get_roll) refers to ahrs_middleware.o(.text.AHRS_atan2f) for AHRS_atan2f
    ahrs.o(i.get_yaw) refers to ahrs_middleware.o(.text.AHRS_atan2f) for AHRS_atan2f
    ahrs.o(i.quat_normalization) refers to ahrs_middleware.o(.text.AHRS_invSqrt) for AHRS_invSqrt
    malloc.o(.text) refers (Special) to hguard.o(.text) for __heap$guard
    malloc.o(.text) refers (Special) to init_alloc.o(.text) for _init_alloc
    malloc.o(.text) refers to rt_heap_descriptor_intlibspace.o(.text) for __rt_heap_descriptor
    malloc.o(.text) refers to heapstubs.o(.text) for __Heap_Alloc
    free.o(.text) refers (Special) to hguard.o(.text) for __heap$guard
    free.o(.text) refers to rt_heap_descriptor_intlibspace.o(.text) for __rt_heap_descriptor
    free.o(.text) refers to heapstubs.o(.text) for __Heap_Free
    h1_alloc.o(.text) refers (Special) to h1_init.o(.text) for __Heap_Initialize
    h1_alloc.o(.text) refers to rt_heap_descriptor_intlibspace.o(.text) for __rt_heap_descriptor
    h1_alloc.o(.text) refers to init_alloc.o(.text) for __Heap_Full
    h1_free.o(.text) refers to rt_heap_descriptor_intlibspace.o(.text) for __rt_heap_descriptor
    h1_alloc_threads.o(.text) refers (Special) to h1_init.o(.text) for __Heap_Initialize
    h1_alloc_threads.o(.text) refers to init_alloc.o(.text) for __Heap_Full
    h1_alloc_threads.o(.text) refers to rt_heap_descriptor_intlibspace.o(.text) for __rt_heap_descriptor
    h1_free_threads.o(.text) refers to rt_heap_descriptor_intlibspace.o(.text) for __rt_heap_descriptor
    heap2.o(i._FDIterate) refers to heap2.o(.conststring) for .conststring
    heap2.o(i.__Heap_ProvideMemory$realtime) refers to fdtree.o(i._FDTree_Delete) for _FDTree_Delete
    heap2.o(i.__Heap_ProvideMemory$realtime) refers to fdtree.o(i._FDTree_Insert) for _FDTree_Insert
    heap2.o(i.__Heap_Stats$realtime) refers to heap2.o(i._Heap2_StatsIterate) for _Heap2_StatsIterate
    heap2.o(i.__Heap_Valid$realtime) refers to heap2.o(i._FDIterate) for _FDIterate
    heap2.o(i.__Heap_Valid$realtime) refers to heap2.o(.conststring) for .conststring
    heap2.o(i.free$realtime) refers to rt_heap_descriptor_intlibspace.o(.text) for __rt_heap_descriptor
    heap2.o(i.free$realtime) refers to fdtree.o(i._FDTree_Delete) for _FDTree_Delete
    heap2.o(i.free$realtime) refers to fdtree.o(i._FDTree_Insert) for _FDTree_Insert
    heap2.o(i.malloc$realtime) refers to rt_heap_descriptor_intlibspace.o(.text) for __rt_heap_descriptor
    heap2.o(i.malloc$realtime) refers to fdtree.o(i._FDTree_FindFirst) for _FDTree_FindFirst
    heap2.o(i.malloc$realtime) refers to init_alloc.o(.text) for __Heap_Full
    heap2.o(i.malloc$realtime) refers to fdtree.o(i._FDTree_RemoveNode) for _FDTree_RemoveNode
    heap2.o(i.malloc$realtime) refers to fdtree.o(i._FDTree_Insert) for _FDTree_Insert
    heap2.o(i.posix_memalign$realtime) refers to rt_heap_descriptor_intlibspace.o(.text) for __rt_heap_descriptor
    heap2.o(i.posix_memalign$realtime) refers to fdtree.o(i._FDTree_FindFirst) for _FDTree_FindFirst
    heap2.o(i.posix_memalign$realtime) refers to init_alloc.o(.text) for __Heap_Full
    heap2.o(i.posix_memalign$realtime) refers to fdtree.o(i._FDTree_RemoveNode) for _FDTree_RemoveNode
    heap2.o(i.posix_memalign$realtime) refers to fdtree.o(i._FDTree_Insert) for _FDTree_Insert
    heap2.o(i.realloc$realtime) refers to rt_heap_descriptor_intlibspace.o(.text) for __rt_heap_descriptor
    heap2.o(i.realloc$realtime) refers to fdtree.o(i._FDTree_Insert) for _FDTree_Insert
    heap2.o(i.realloc$realtime) refers to h1_free.o(.text) for free
    heap2.o(i.realloc$realtime) refers to h1_alloc.o(.text) for malloc
    heap2.o(i.realloc$realtime) refers to fdtree.o(i._FDTree_Delete) for _FDTree_Delete
    heap2.o(i.realloc$realtime) refers to rt_memcpy_w.o(.text) for __aeabi_memcpy4
    heap2_threads.o(i._FDIterate) refers to heap2_threads.o(.conststring) for .conststring
    heap2_threads.o(i.__Heap_Initialize$realtime$concurrent) refers to mutex_dummy.o(.text) for _mutex_initialize
    heap2_threads.o(i.__Heap_ProvideMemory$realtime$concurrent) refers to fdtree.o(i._FDTree_Delete) for _FDTree_Delete
    heap2_threads.o(i.__Heap_ProvideMemory$realtime$concurrent) refers to fdtree.o(i._FDTree_Insert) for _FDTree_Insert
    heap2_threads.o(i.__Heap_Stats$realtime$concurrent) refers to heap2_threads.o(i._Heap2_StatsIterate) for _Heap2_StatsIterate
    heap2_threads.o(i.__Heap_Valid$realtime$concurrent) refers to heap2_threads.o(i._FDIterate) for _FDIterate
    heap2_threads.o(i.__Heap_Valid$realtime$concurrent) refers to heap2_threads.o(.conststring) for .conststring
    heap2_threads.o(i.free$realtime$concurrent) refers to rt_heap_descriptor_intlibspace.o(.text) for __rt_heap_descriptor
    heap2_threads.o(i.free$realtime$concurrent) refers to fdtree.o(i._FDTree_Delete) for _FDTree_Delete
    heap2_threads.o(i.free$realtime$concurrent) refers to fdtree.o(i._FDTree_Insert) for _FDTree_Insert
    heap2_threads.o(i.malloc$realtime$concurrent) refers to rt_heap_descriptor_intlibspace.o(.text) for __rt_heap_descriptor
    heap2_threads.o(i.malloc$realtime$concurrent) refers to fdtree.o(i._FDTree_FindFirst) for _FDTree_FindFirst
    heap2_threads.o(i.malloc$realtime$concurrent) refers to init_alloc.o(.text) for __Heap_Full
    heap2_threads.o(i.malloc$realtime$concurrent) refers to fdtree.o(i._FDTree_RemoveNode) for _FDTree_RemoveNode
    heap2_threads.o(i.malloc$realtime$concurrent) refers to fdtree.o(i._FDTree_Insert) for _FDTree_Insert
    heap2_threads.o(i.posix_memalign$realtime$concurrent) refers to rt_heap_descriptor_intlibspace.o(.text) for __rt_heap_descriptor
    heap2_threads.o(i.posix_memalign$realtime$concurrent) refers to fdtree.o(i._FDTree_FindFirst) for _FDTree_FindFirst
    heap2_threads.o(i.posix_memalign$realtime$concurrent) refers to init_alloc.o(.text) for __Heap_Full
    heap2_threads.o(i.posix_memalign$realtime$concurrent) refers to fdtree.o(i._FDTree_RemoveNode) for _FDTree_RemoveNode
    heap2_threads.o(i.posix_memalign$realtime$concurrent) refers to fdtree.o(i._FDTree_Insert) for _FDTree_Insert
    heap2_threads.o(i.realloc$realtime$concurrent) refers to rt_heap_descriptor_intlibspace.o(.text) for __rt_heap_descriptor
    heap2_threads.o(i.realloc$realtime$concurrent) refers to fdtree.o(i._FDTree_Insert) for _FDTree_Insert
    heap2_threads.o(i.realloc$realtime$concurrent) refers to h1_free.o(.text) for free
    heap2_threads.o(i.realloc$realtime$concurrent) refers to h1_alloc.o(.text) for malloc
    heap2_threads.o(i.realloc$realtime$concurrent) refers to fdtree.o(i._FDTree_Delete) for _FDTree_Delete
    heap2_threads.o(i.realloc$realtime$concurrent) refers to rt_memcpy_w.o(.text) for __aeabi_memcpy4
    llsdiv.o(.text) refers to lludivv7m.o(.text) for __aeabi_uldivmod
    __2sprintf.o(.text) refers to _printf_char_common.o(.text) for _printf_char_common
    __2sprintf.o(.text) refers to _sputc.o(.text) for _sputc
    noretval__2sprintf.o(.text) refers to _printf_char_common.o(.text) for _printf_char_common
    noretval__2sprintf.o(.text) refers to _sputc.o(.text) for _sputc
    __printf.o(.text) refers to _printf_percent.o(.ARM.Collect$$_printf_percent$$00000000) for _printf_percent
    _printf_str.o(.text) refers (Special) to _printf_char.o(.text) for _printf_cs_common
    _printf_dec.o(.text) refers to _printf_intcommon.o(.text) for _printf_int_common
    __printf_flags.o(.text) refers to _printf_percent.o(.ARM.Collect$$_printf_percent$$00000000) for _printf_percent
    __printf_flags.o(.text) refers to __printf_flags.o(.constdata) for .constdata
    __printf_ss.o(.text) refers to _printf_percent.o(.ARM.Collect$$_printf_percent$$00000000) for _printf_percent
    __printf_flags_ss.o(.text) refers to _printf_percent.o(.ARM.Collect$$_printf_percent$$00000000) for _printf_percent
    __printf_flags_ss.o(.text) refers to __printf_flags_ss.o(.constdata) for .constdata
    __printf_wp.o(.text) refers to __printf_wp.o(i._is_digit) for _is_digit
    __printf_wp.o(.text) refers to _printf_percent.o(.ARM.Collect$$_printf_percent$$00000000) for _printf_percent
    __printf_flags_wp.o(.text) refers to __printf_wp.o(i._is_digit) for _is_digit
    __printf_flags_wp.o(.text) refers to _printf_percent.o(.ARM.Collect$$_printf_percent$$00000000) for _printf_percent
    __printf_flags_wp.o(.text) refers to __printf_flags_wp.o(.constdata) for .constdata
    __printf_ss_wp.o(.text) refers to __printf_wp.o(i._is_digit) for _is_digit
    __printf_ss_wp.o(.text) refers to _printf_percent.o(.ARM.Collect$$_printf_percent$$00000000) for _printf_percent
    __printf_flags_ss_wp.o(.text) refers to __printf_wp.o(i._is_digit) for _is_digit
    __printf_flags_ss_wp.o(.text) refers to _printf_percent.o(.ARM.Collect$$_printf_percent$$00000000) for _printf_percent
    __printf_flags_ss_wp.o(.text) refers to __printf_flags_ss_wp.o(.constdata) for .constdata
    _printf_c.o(.ARM.Collect$$_printf_percent$$00000013) refers (Weak) to _printf_char.o(.text) for _printf_char
    _printf_u.o(.ARM.Collect$$_printf_percent$$0000000A) refers (Weak) to _printf_dec.o(.text) for _printf_int_dec
    _printf_percent.o(.ARM.Collect$$_printf_percent$$00000000) refers (Special) to _printf_percent_end.o(.ARM.Collect$$_printf_percent$$00000017) for _printf_percent_end
    rt_memcpy_v6.o(.text) refers to rt_memcpy_w.o(.text) for __aeabi_memcpy4
    aeabi_memset.o(.text) refers to rt_memclr.o(.text) for _memset
    aeabi_memset4.o(.text) refers to rt_memclr_w.o(.text) for _memset_w
    rt_memclr.o(.text) refers to rt_memclr_w.o(.text) for _memset_w
    __main.o(!!!main) refers to __rtentry.o(.ARM.Collect$$rtentry$$00000000) for __rt_entry
    d2f.o(x$fpl$d2f) refers (Special) to usenofp.o(x$fpl$usenofp) for __I$use$fp
    d2f.o(x$fpl$d2f) refers to fretinf.o(x$fpl$fretinf) for __fpl_fretinf
    d2f.o(x$fpl$d2f) refers to dnaninf.o(x$fpl$dnaninf) for __fpl_dnaninf
    d2h.o(.text) refers (Special) to usenofp.o(x$fpl$usenofp) for __I$use$fp
    daddsub_clz.o(x$fpl$dadd) refers (Special) to usenofp.o(x$fpl$usenofp) for __I$use$fp
    daddsub_clz.o(x$fpl$dadd) refers to daddsub_clz.o(x$fpl$dsub) for _dsub1
    daddsub_clz.o(x$fpl$dadd) refers to dretinf.o(x$fpl$dretinf) for __fpl_dretinf
    daddsub_clz.o(x$fpl$dadd) refers to dnaninf.o(x$fpl$dnaninf) for __fpl_dnaninf
    daddsub_clz.o(x$fpl$drsb) refers (Special) to usenofp.o(x$fpl$usenofp) for __I$use$fp
    daddsub_clz.o(x$fpl$drsb) refers to daddsub_clz.o(x$fpl$dadd) for _dadd1
    daddsub_clz.o(x$fpl$drsb) refers to daddsub_clz.o(x$fpl$dsub) for _dsub1
    daddsub_clz.o(x$fpl$dsub) refers (Special) to usenofp.o(x$fpl$usenofp) for __I$use$fp
    daddsub_clz.o(x$fpl$dsub) refers to daddsub_clz.o(x$fpl$dadd) for _dadd1
    daddsub_clz.o(x$fpl$dsub) refers to dnaninf.o(x$fpl$dnaninf) for __fpl_dnaninf
    dcmp.o(x$fpl$fcmp) refers (Special) to usenofp.o(x$fpl$usenofp) for __I$use$fp
    dcmp.o(x$fpl$fcmp) refers to deqf.o(x$fpl$deqf) for _dcmpeq
    dcmp.o(x$fpl$fcmp) refers to dgeqf.o(x$fpl$dgeqf) for _dcmpge
    dcmp.o(x$fpl$fcmp) refers to dleqf.o(x$fpl$dleqf) for _dcmple
    ddiv.o(x$fpl$drdiv) refers (Special) to usenofp.o(x$fpl$usenofp) for __I$use$fp
    ddiv.o(x$fpl$drdiv) refers to ddiv.o(x$fpl$ddiv) for ddiv_entry
    ddiv.o(x$fpl$ddiv) refers (Special) to usenofp.o(x$fpl$usenofp) for __I$use$fp
    ddiv.o(x$fpl$ddiv) refers to dretinf.o(x$fpl$dretinf) for __fpl_dretinf
    ddiv.o(x$fpl$ddiv) refers to dnaninf.o(x$fpl$dnaninf) for __fpl_dnaninf
    dfix.o(x$fpl$dfix) refers (Special) to usenofp.o(x$fpl$usenofp) for __I$use$fp
    dfix.o(x$fpl$dfix) refers to dnaninf.o(x$fpl$dnaninf) for __fpl_dnaninf
    dfix.o(x$fpl$dfixr) refers (Special) to usenofp.o(x$fpl$usenofp) for __I$use$fp
    dfix.o(x$fpl$dfixr) refers to dnaninf.o(x$fpl$dnaninf) for __fpl_dnaninf
    dfixll.o(x$fpl$llsfromd) refers (Special) to usenofp.o(x$fpl$usenofp) for __I$use$fp
    dfixll.o(x$fpl$llsfromd) refers to dnaninf.o(x$fpl$dnaninf) for __fpl_dnaninf
    dfixll.o(x$fpl$llsfromdr) refers (Special) to usenofp.o(x$fpl$usenofp) for __I$use$fp
    dfixll.o(x$fpl$llsfromdr) refers to dnaninf.o(x$fpl$dnaninf) for __fpl_dnaninf
    dflt_clz.o(x$fpl$dfltu) refers (Special) to usenofp.o(x$fpl$usenofp) for __I$use$fp
    dflt_clz.o(x$fpl$dflt) refers (Special) to usenofp.o(x$fpl$usenofp) for __I$use$fp
    dflt_clz.o(x$fpl$dfltn) refers (Special) to usenofp.o(x$fpl$usenofp) for __I$use$fp
    dmul.o(x$fpl$dmul) refers (Special) to usenofp.o(x$fpl$usenofp) for __I$use$fp
    dmul.o(x$fpl$dmul) refers to dretinf.o(x$fpl$dretinf) for __fpl_dretinf
    dmul.o(x$fpl$dmul) refers to dnaninf.o(x$fpl$dnaninf) for __fpl_dnaninf
    f2d.o(x$fpl$f2d) refers (Special) to usenofp.o(x$fpl$usenofp) for __I$use$fp
    f2d.o(x$fpl$f2d) refers to fnaninf.o(x$fpl$fnaninf) for __fpl_fnaninf
    f2d.o(x$fpl$f2d) refers to dretinf.o(x$fpl$dretinf) for __fpl_dretinf
    acosf.o(i.__hardfp_acosf) refers (Special) to usenofp.o(x$fpl$usenofp) for __I$use$fp
    acosf.o(i.__hardfp_acosf) refers to sqrtf.o(i.sqrtf) for sqrtf
    acosf.o(i.__hardfp_acosf) refers to funder.o(i.__mathlib_flt_infnan) for __mathlib_flt_infnan
    acosf.o(i.__hardfp_acosf) refers to _rserrno.o(.text) for __set_errno
    acosf.o(i.__hardfp_acosf) refers to funder.o(i.__mathlib_flt_invalid) for __mathlib_flt_invalid
    acosf.o(i.__softfp_acosf) refers (Special) to usenofp.o(x$fpl$usenofp) for __I$use$fp
    acosf.o(i.__softfp_acosf) refers to acosf.o(i.__hardfp_acosf) for __hardfp_acosf
    acosf.o(i.acosf) refers (Special) to usenofp.o(x$fpl$usenofp) for __I$use$fp
    acosf.o(i.acosf) refers to acosf.o(i.__hardfp_acosf) for __hardfp_acosf
    asinf.o(i.__hardfp_asinf) refers (Special) to usenofp.o(x$fpl$usenofp) for __I$use$fp
    asinf.o(i.__hardfp_asinf) refers to sqrtf.o(i.sqrtf) for sqrtf
    asinf.o(i.__hardfp_asinf) refers to fpclassifyf.o(i.__ARM_fpclassifyf) for __ARM_fpclassifyf
    asinf.o(i.__hardfp_asinf) refers to funder.o(i.__mathlib_flt_underflow) for __mathlib_flt_underflow
    asinf.o(i.__hardfp_asinf) refers to funder.o(i.__mathlib_flt_infnan) for __mathlib_flt_infnan
    asinf.o(i.__hardfp_asinf) refers to _rserrno.o(.text) for __set_errno
    asinf.o(i.__hardfp_asinf) refers to funder.o(i.__mathlib_flt_invalid) for __mathlib_flt_invalid
    asinf.o(i.__softfp_asinf) refers (Special) to usenofp.o(x$fpl$usenofp) for __I$use$fp
    asinf.o(i.__softfp_asinf) refers to asinf.o(i.__hardfp_asinf) for __hardfp_asinf
    asinf.o(i.asinf) refers (Special) to usenofp.o(x$fpl$usenofp) for __I$use$fp
    asinf.o(i.asinf) refers to asinf.o(i.__hardfp_asinf) for __hardfp_asinf
    atan2f.o(i.__hardfp_atan2f) refers (Special) to usenofp.o(x$fpl$usenofp) for __I$use$fp
    atan2f.o(i.__hardfp_atan2f) refers to fpclassifyf.o(i.__ARM_fpclassifyf) for __ARM_fpclassifyf
    atan2f.o(i.__hardfp_atan2f) refers to funder.o(i.__mathlib_flt_underflow) for __mathlib_flt_underflow
    atan2f.o(i.__hardfp_atan2f) refers to _rserrno.o(.text) for __set_errno
    atan2f.o(i.__hardfp_atan2f) refers to funder.o(i.__mathlib_flt_infnan2) for __mathlib_flt_infnan2
    atan2f.o(i.__softfp_atan2f) refers (Special) to usenofp.o(x$fpl$usenofp) for __I$use$fp
    atan2f.o(i.__softfp_atan2f) refers to atan2f.o(i.__hardfp_atan2f) for __hardfp_atan2f
    atan2f.o(i.atan2f) refers (Special) to usenofp.o(x$fpl$usenofp) for __I$use$fp
    atan2f.o(i.atan2f) refers to atan2f.o(i.__hardfp_atan2f) for __hardfp_atan2f
    exp.o(i.__hardfp_exp) refers (Special) to usenofp.o(x$fpl$usenofp) for __I$use$fp
    exp.o(i.__hardfp_exp) refers to dunder.o(i.__mathlib_dbl_infnan) for __mathlib_dbl_infnan
    exp.o(i.__hardfp_exp) refers to drleqf.o(x$fpl$drleqf) for __aeabi_cdrcmple
    exp.o(i.__hardfp_exp) refers to _rserrno.o(.text) for __set_errno
    exp.o(i.__hardfp_exp) refers to dunder.o(i.__mathlib_dbl_overflow) for __mathlib_dbl_overflow
    exp.o(i.__hardfp_exp) refers to dleqf.o(x$fpl$dleqf) for __aeabi_cdcmple
    exp.o(i.__hardfp_exp) refers to dunder.o(i.__mathlib_dbl_underflow) for __mathlib_dbl_underflow
    exp.o(i.__hardfp_exp) refers to daddsub_clz.o(x$fpl$dsub) for __aeabi_dsub
    exp.o(i.__hardfp_exp) refers to dmul.o(x$fpl$dmul) for __aeabi_dmul
    exp.o(i.__hardfp_exp) refers to daddsub_clz.o(x$fpl$dadd) for __aeabi_dadd
    exp.o(i.__hardfp_exp) refers to dfix.o(x$fpl$dfix) for __aeabi_d2iz
    exp.o(i.__hardfp_exp) refers to dflt_clz.o(x$fpl$dflt) for __aeabi_i2d
    exp.o(i.__hardfp_exp) refers to daddsub_clz.o(x$fpl$drsb) for __aeabi_drsub
    exp.o(i.__hardfp_exp) refers to poly.o(i.__kernel_poly) for __kernel_poly
    exp.o(i.__hardfp_exp) refers to ddiv.o(x$fpl$ddiv) for __aeabi_ddiv
    exp.o(i.__hardfp_exp) refers to fpclassify.o(i.__ARM_fpclassify) for __ARM_fpclassify
    exp.o(i.__hardfp_exp) refers to exp.o(.constdata) for .constdata
    exp.o(i.__softfp_exp) refers (Special) to usenofp.o(x$fpl$usenofp) for __I$use$fp
    exp.o(i.__softfp_exp) refers to exp.o(i.__hardfp_exp) for __hardfp_exp
    exp.o(i.exp) refers (Special) to usenofp.o(x$fpl$usenofp) for __I$use$fp
    exp.o(i.exp) refers to exp.o(i.__hardfp_exp) for __hardfp_exp
    exp.o(.constdata) refers (Special) to usenofp.o(x$fpl$usenofp) for __I$use$fp
    expf.o(i.__hardfp_expf) refers (Special) to usenofp.o(x$fpl$usenofp) for __I$use$fp
    expf.o(i.__hardfp_expf) refers to _rserrno.o(.text) for __set_errno
    expf.o(i.__hardfp_expf) refers to funder.o(i.__mathlib_flt_underflow) for __mathlib_flt_underflow
    expf.o(i.__hardfp_expf) refers to funder.o(i.__mathlib_flt_infnan) for __mathlib_flt_infnan
    expf.o(i.__hardfp_expf) refers to funder.o(i.__mathlib_flt_overflow) for __mathlib_flt_overflow
    expf.o(i.__hardfp_expf) refers to fpclassifyf.o(i.__ARM_fpclassifyf) for __ARM_fpclassifyf
    expf.o(i.__hardfp_expf) refers to expf.o(.constdata) for .constdata
    expf.o(i.__softfp_expf) refers (Special) to usenofp.o(x$fpl$usenofp) for __I$use$fp
    expf.o(i.__softfp_expf) refers to expf.o(i.__hardfp_expf) for __hardfp_expf
    expf.o(i.expf) refers (Special) to usenofp.o(x$fpl$usenofp) for __I$use$fp
    expf.o(i.expf) refers to expf.o(i.__hardfp_expf) for __hardfp_expf
    expf.o(.constdata) refers (Special) to usenofp.o(x$fpl$usenofp) for __I$use$fp
    floorf.o(i.__hardfp_floorf) refers (Special) to usenofp.o(x$fpl$usenofp) for __I$use$fp
    floorf.o(i.__softfp_floorf) refers (Special) to usenofp.o(x$fpl$usenofp) for __I$use$fp
    floorf.o(i.floorf) refers (Special) to usenofp.o(x$fpl$usenofp) for __I$use$fp
    log.o(i.__hardfp_log) refers (Special) to usenofp.o(x$fpl$usenofp) for __I$use$fp
    log.o(i.__hardfp_log) refers to dunder.o(i.__mathlib_dbl_infnan) for __mathlib_dbl_infnan
    log.o(i.__hardfp_log) refers to _rserrno.o(.text) for __set_errno
    log.o(i.__hardfp_log) refers to dunder.o(i.__mathlib_dbl_invalid) for __mathlib_dbl_invalid
    log.o(i.__hardfp_log) refers to dunder.o(i.__mathlib_dbl_divzero) for __mathlib_dbl_divzero
    log.o(i.__hardfp_log) refers to basic.o(x$fpl$basic) for __aeabi_dneg
    log.o(i.__hardfp_log) refers to dmul.o(x$fpl$dmul) for __aeabi_dmul
    log.o(i.__hardfp_log) refers to daddsub_clz.o(x$fpl$dsub) for __aeabi_dsub
    log.o(i.__hardfp_log) refers to deqf.o(x$fpl$deqf) for __aeabi_cdcmpeq
    log.o(i.__hardfp_log) refers to dflt_clz.o(x$fpl$dflt) for __aeabi_i2d
    log.o(i.__hardfp_log) refers to daddsub_clz.o(x$fpl$dadd) for __aeabi_dadd
    log.o(i.__hardfp_log) refers to daddsub_clz.o(x$fpl$drsb) for __aeabi_drsub
    log.o(i.__hardfp_log) refers to ddiv.o(x$fpl$ddiv) for __aeabi_ddiv
    log.o(i.__hardfp_log) refers to poly.o(i.__kernel_poly) for __kernel_poly
    log.o(i.__hardfp_log) refers to qnan.o(.constdata) for __mathlib_zero
    log.o(i.__hardfp_log) refers to log.o(.constdata) for .constdata
    log.o(i.__softfp_log) refers (Special) to usenofp.o(x$fpl$usenofp) for __I$use$fp
    log.o(i.__softfp_log) refers to log.o(i.__hardfp_log) for __hardfp_log
    log.o(i.log) refers (Special) to usenofp.o(x$fpl$usenofp) for __I$use$fp
    log.o(i.log) refers to log.o(i.__hardfp_log) for __hardfp_log
    log.o(.constdata) refers (Special) to usenofp.o(x$fpl$usenofp) for __I$use$fp
    logf.o(i.__hardfp_logf) refers (Special) to usenofp.o(x$fpl$usenofp) for __I$use$fp
    logf.o(i.__hardfp_logf) refers to funder.o(i.__mathlib_flt_infnan) for __mathlib_flt_infnan
    logf.o(i.__hardfp_logf) refers to _rserrno.o(.text) for __set_errno
    logf.o(i.__hardfp_logf) refers to funder.o(i.__mathlib_flt_invalid) for __mathlib_flt_invalid
    logf.o(i.__hardfp_logf) refers to funder.o(i.__mathlib_flt_divzero) for __mathlib_flt_divzero
    logf.o(i.__hardfp_logf) refers to logf.o(.constdata) for .constdata
    logf.o(i.__softfp_logf) refers (Special) to usenofp.o(x$fpl$usenofp) for __I$use$fp
    logf.o(i.__softfp_logf) refers to logf.o(i.__hardfp_logf) for __hardfp_logf
    logf.o(i.logf) refers (Special) to usenofp.o(x$fpl$usenofp) for __I$use$fp
    logf.o(i.logf) refers to logf.o(i.__hardfp_logf) for __hardfp_logf
    logf.o(.constdata) refers (Special) to usenofp.o(x$fpl$usenofp) for __I$use$fp
    powf.o(i.__hardfp_powf) refers (Special) to usenofp.o(x$fpl$usenofp) for __I$use$fp
    powf.o(i.__hardfp_powf) refers to _rserrno.o(.text) for __set_errno
    powf.o(i.__hardfp_powf) refers to funder.o(i.__mathlib_flt_overflow) for __mathlib_flt_overflow
    powf.o(i.__hardfp_powf) refers to fpclassifyf.o(i.__ARM_fpclassifyf) for __ARM_fpclassifyf
    powf.o(i.__hardfp_powf) refers to funder.o(i.__mathlib_flt_underflow) for __mathlib_flt_underflow
    powf.o(i.__hardfp_powf) refers to funder.o(i.__mathlib_flt_invalid) for __mathlib_flt_invalid
    powf.o(i.__hardfp_powf) refers to powf.o(.constdata) for .constdata
    powf.o(i.__hardfp_powf) refers to funder.o(i.__mathlib_flt_infnan2) for __mathlib_flt_infnan2
    powf.o(i.__hardfp_powf) refers to funder.o(i.__mathlib_flt_divzero) for __mathlib_flt_divzero
    powf.o(i.__softfp_powf) refers (Special) to usenofp.o(x$fpl$usenofp) for __I$use$fp
    powf.o(i.__softfp_powf) refers to powf.o(i.__hardfp_powf) for __hardfp_powf
    powf.o(i.powf) refers (Special) to usenofp.o(x$fpl$usenofp) for __I$use$fp
    powf.o(i.powf) refers to powf.o(i.__hardfp_powf) for __hardfp_powf
    powf.o(.constdata) refers (Special) to usenofp.o(x$fpl$usenofp) for __I$use$fp
    sqrt.o(i.__hardfp_sqrt) refers (Special) to usenofp.o(x$fpl$usenofp) for __I$use$fp
    sqrt.o(i.__hardfp_sqrt) refers to dsqrt_umaal.o(x$fpl$dsqrt) for _dsqrt
    sqrt.o(i.__hardfp_sqrt) refers to _rserrno.o(.text) for __set_errno
    sqrt.o(i.__softfp_sqrt) refers (Special) to usenofp.o(x$fpl$usenofp) for __I$use$fp
    sqrt.o(i.__softfp_sqrt) refers to dsqrt_umaal.o(x$fpl$dsqrt) for _dsqrt
    sqrt.o(i.__softfp_sqrt) refers to _rserrno.o(.text) for __set_errno
    sqrt.o(i.sqrt) refers (Special) to usenofp.o(x$fpl$usenofp) for __I$use$fp
    sqrt.o(i.sqrt) refers to dsqrt_umaal.o(x$fpl$dsqrt) for _dsqrt
    sqrt.o(i.sqrt) refers to _rserrno.o(.text) for __set_errno
    sqrtf.o(i.__hardfp_sqrtf) refers (Special) to usenofp.o(x$fpl$usenofp) for __I$use$fp
    sqrtf.o(i.__hardfp_sqrtf) refers to _rserrno.o(.text) for __set_errno
    sqrtf.o(i.__softfp_sqrtf) refers (Special) to usenofp.o(x$fpl$usenofp) for __I$use$fp
    sqrtf.o(i.__softfp_sqrtf) refers to _rserrno.o(.text) for __set_errno
    sqrtf.o(i.sqrtf) refers (Special) to usenofp.o(x$fpl$usenofp) for __I$use$fp
    sqrtf.o(i.sqrtf) refers to _rserrno.o(.text) for __set_errno
    tanf.o(i.__hardfp_tanf) refers (Special) to usenofp.o(x$fpl$usenofp) for __I$use$fp
    tanf.o(i.__hardfp_tanf) refers to rredf.o(i.__mathlib_rredf2) for __mathlib_rredf2
    tanf.o(i.__hardfp_tanf) refers to fpclassifyf.o(i.__ARM_fpclassifyf) for __ARM_fpclassifyf
    tanf.o(i.__hardfp_tanf) refers to funder.o(i.__mathlib_flt_underflow) for __mathlib_flt_underflow
    tanf.o(i.__hardfp_tanf) refers to _rserrno.o(.text) for __set_errno
    tanf.o(i.__hardfp_tanf) refers to funder.o(i.__mathlib_flt_invalid) for __mathlib_flt_invalid
    tanf.o(i.__hardfp_tanf) refers to funder.o(i.__mathlib_flt_infnan) for __mathlib_flt_infnan
    tanf.o(i.__softfp_tanf) refers (Special) to usenofp.o(x$fpl$usenofp) for __I$use$fp
    tanf.o(i.__softfp_tanf) refers to tanf.o(i.__hardfp_tanf) for __hardfp_tanf
    tanf.o(i.tanf) refers (Special) to usenofp.o(x$fpl$usenofp) for __I$use$fp
    tanf.o(i.tanf) refers to tanf.o(i.__hardfp_tanf) for __hardfp_tanf
    tanhf.o(i.__hardfp_tanhf) refers (Special) to usenofp.o(x$fpl$usenofp) for __I$use$fp
    tanhf.o(i.__hardfp_tanhf) refers to expf.o(i.__hardfp_expf) for __hardfp_expf
    tanhf.o(i.__hardfp_tanhf) refers to fpclassifyf.o(i.__ARM_fpclassifyf) for __ARM_fpclassifyf
    tanhf.o(i.__hardfp_tanhf) refers to funder.o(i.__mathlib_flt_underflow) for __mathlib_flt_underflow
    tanhf.o(i.__hardfp_tanhf) refers to funder.o(i.__mathlib_flt_infnan) for __mathlib_flt_infnan
    tanhf.o(i.__softfp_tanhf) refers (Special) to usenofp.o(x$fpl$usenofp) for __I$use$fp
    tanhf.o(i.__softfp_tanhf) refers to tanhf.o(i.__hardfp_tanhf) for __hardfp_tanhf
    tanhf.o(i.tanhf) refers (Special) to usenofp.o(x$fpl$usenofp) for __I$use$fp
    tanhf.o(i.tanhf) refers to tanhf.o(i.__hardfp_tanhf) for __hardfp_tanhf
    __rtentry.o(.ARM.Collect$$rtentry$$00000000) refers (Special) to __rtentry2.o(.ARM.Collect$$rtentry$$0000000A) for __rt_entry_li
    __rtentry.o(.ARM.Collect$$rtentry$$00000000) refers (Special) to __rtentry2.o(.ARM.Collect$$rtentry$$0000000D) for __rt_entry_main
    __rtentry.o(.ARM.Collect$$rtentry$$00000000) refers (Special) to __rtentry2.o(.ARM.Collect$$rtentry$$0000000C) for __rt_entry_postli_1
    __rtentry.o(.ARM.Collect$$rtentry$$00000000) refers (Special) to __rtentry2.o(.ARM.Collect$$rtentry$$00000009) for __rt_entry_postsh_1
    __rtentry.o(.ARM.Collect$$rtentry$$00000000) refers (Special) to __rtentry2.o(.ARM.Collect$$rtentry$$00000002) for __rt_entry_presh_1
    __rtentry.o(.ARM.Collect$$rtentry$$00000000) refers (Special) to __rtentry4.o(.ARM.Collect$$rtentry$$00000004) for __rt_entry_sh
    aeabi_ldiv0_sigfpe.o(.text) refers to rt_div0.o(.text) for __rt_div0
    rt_heap_descriptor.o(.text) refers to rt_heap_descriptor.o(.bss) for __rt_heap_descriptor_data
    rt_heap_descriptor_intlibspace.o(.text) refers to libspace.o(.bss) for __libspace_start
    init_alloc.o(.text) refers (Special) to hguard.o(.text) for __heap$guard
    init_alloc.o(.text) refers (Special) to libinit2.o(.ARM.Collect$$libinit$$00000007) for __rt_lib_init_heap_2
    init_alloc.o(.text) refers (Special) to maybetermalloc1.o(.text) for _maybe_terminate_alloc
    init_alloc.o(.text) refers to h1_extend.o(.text) for __Heap_ProvideMemory
    init_alloc.o(.text) refers to defsig_rtmem_outer.o(.text) for __rt_SIGRTMEM
    init_alloc.o(.text) refers to rt_heap_descriptor_intlibspace.o(.text) for __rt_heap_descriptor
    init_alloc.o(.text) refers to h1_init.o(.text) for __Heap_Initialize
    h1_init_threads.o(.text) refers to mutex_dummy.o(.text) for _mutex_initialize
    _rserrno.o(.text) refers to rt_errno_addr_intlibspace.o(.text) for __aeabi_errno_addr
    _printf_char_common.o(.text) refers to __printf.o(.text) for __printf
    _printf_char.o(.text) refers (Weak) to _printf_str.o(.text) for _printf_str
    _get_argv.o(.text) refers (Special) to hrguard.o(.text) for __heap_region$guard
    _get_argv.o(.text) refers to h1_alloc.o(.text) for malloc
    _get_argv.o(.text) refers to defsig_rtmem_outer.o(.text) for __rt_SIGRTMEM
    _get_argv.o(.text) refers to sys_command.o(.text) for _sys_command_string
    libinit2.o(.ARM.Collect$$libinit$$00000001) refers to fpinit.o(x$fpl$fpinit) for _fp_init
    libinit2.o(.ARM.Collect$$libinit$$00000007) refers (Weak) to init_alloc.o(.text) for _init_alloc
    libinit2.o(.ARM.Collect$$libinit$$00000012) refers to libinit2.o(.ARM.Collect$$libinit$$00000011) for .ARM.Collect$$libinit$$00000011
    libinit2.o(.ARM.Collect$$libinit$$00000014) refers to libinit2.o(.ARM.Collect$$libinit$$00000011) for .ARM.Collect$$libinit$$00000011
    libinit2.o(.ARM.Collect$$libinit$$00000016) refers to libinit2.o(.ARM.Collect$$libinit$$00000011) for .ARM.Collect$$libinit$$00000011
    libinit2.o(.ARM.Collect$$libinit$$00000018) refers to libinit2.o(.ARM.Collect$$libinit$$00000011) for .ARM.Collect$$libinit$$00000011
    libinit2.o(.ARM.Collect$$libinit$$0000001A) refers to libinit2.o(.ARM.Collect$$libinit$$00000011) for .ARM.Collect$$libinit$$00000011
    libinit2.o(.ARM.Collect$$libinit$$00000028) refers to argv_veneer.o(.emb_text) for __ARM_argv_veneer
    libinit2.o(.ARM.Collect$$libinit$$00000029) refers to argv_veneer.o(.emb_text) for __ARM_argv_veneer
    basic.o(x$fpl$basic) refers (Special) to usenofp.o(x$fpl$usenofp) for __I$use$fp
    deqf.o(x$fpl$deqf) refers (Special) to usenofp.o(x$fpl$usenofp) for __I$use$fp
    deqf.o(x$fpl$deqf) refers to dnaninf.o(x$fpl$dnaninf) for __fpl_dnaninf
    deqf.o(x$fpl$deqf) refers to dcmpi.o(x$fpl$dcmpinf) for __fpl_dcmp_Inf
    dgeqf.o(x$fpl$dgeqf) refers (Special) to usenofp.o(x$fpl$usenofp) for __I$use$fp
    dgeqf.o(x$fpl$dgeqf) refers to dnaninf.o(x$fpl$dnaninf) for __fpl_dnaninf
    dgeqf.o(x$fpl$dgeqf) refers to dcmpi.o(x$fpl$dcmpinf) for __fpl_dcmp_Inf
    dleqf.o(x$fpl$dleqf) refers (Special) to usenofp.o(x$fpl$usenofp) for __I$use$fp
    dleqf.o(x$fpl$dleqf) refers to dnaninf.o(x$fpl$dnaninf) for __fpl_dnaninf
    dleqf.o(x$fpl$dleqf) refers to dcmpi.o(x$fpl$dcmpinf) for __fpl_dcmp_Inf
    dnaninf.o(x$fpl$dnaninf) refers (Special) to usenofp.o(x$fpl$usenofp) for __I$use$fp
    dretinf.o(x$fpl$dretinf) refers (Special) to usenofp.o(x$fpl$usenofp) for __I$use$fp
    drleqf.o(x$fpl$drleqf) refers (Special) to usenofp.o(x$fpl$usenofp) for __I$use$fp
    drleqf.o(x$fpl$drleqf) refers to dleqf.o(x$fpl$dleqf) for __fpl_dcmple_InfNaN
    dsqrt_umaal.o(x$fpl$dsqrt) refers (Special) to usenofp.o(x$fpl$usenofp) for __I$use$fp
    dsqrt_umaal.o(x$fpl$dsqrt) refers to dnaninf.o(x$fpl$dnaninf) for __fpl_dnaninf
    fnaninf.o(x$fpl$fnaninf) refers (Special) to usenofp.o(x$fpl$usenofp) for __I$use$fp
    fretinf.o(x$fpl$fretinf) refers (Special) to usenofp.o(x$fpl$usenofp) for __I$use$fp
    istatus.o(x$fpl$ieeestatus) refers (Special) to usenofp.o(x$fpl$usenofp) for __I$use$fp
    dunder.o(i.__mathlib_dbl_divzero) refers to ddiv.o(x$fpl$ddiv) for __aeabi_ddiv
    dunder.o(i.__mathlib_dbl_infnan) refers to daddsub_clz.o(x$fpl$dadd) for __aeabi_dadd
    dunder.o(i.__mathlib_dbl_infnan2) refers to daddsub_clz.o(x$fpl$dadd) for __aeabi_dadd
    dunder.o(i.__mathlib_dbl_invalid) refers to ddiv.o(x$fpl$ddiv) for __aeabi_ddiv
    dunder.o(i.__mathlib_dbl_overflow) refers to dmul.o(x$fpl$dmul) for __aeabi_dmul
    dunder.o(i.__mathlib_dbl_posinfnan) refers to dmul.o(x$fpl$dmul) for __aeabi_dmul
    dunder.o(i.__mathlib_dbl_underflow) refers to dmul.o(x$fpl$dmul) for __aeabi_dmul
    fpclassify.o(i.__ARM_fpclassify) refers (Special) to usenofp.o(x$fpl$usenofp) for __I$use$fp
    fpclassifyf.o(i.__ARM_fpclassifyf) refers (Special) to usenofp.o(x$fpl$usenofp) for __I$use$fp
    poly.o(i.__kernel_poly) refers (Special) to usenofp.o(x$fpl$usenofp) for __I$use$fp
    poly.o(i.__kernel_poly) refers to dmul.o(x$fpl$dmul) for __aeabi_dmul
    poly.o(i.__kernel_poly) refers to daddsub_clz.o(x$fpl$dadd) for __aeabi_dadd
    qnan.o(.constdata) refers (Special) to usenofp.o(x$fpl$usenofp) for __I$use$fp
    rredf.o(i.__mathlib_rredf2) refers (Special) to usenofp.o(x$fpl$usenofp) for __I$use$fp
    rredf.o(i.__mathlib_rredf2) refers to rredf.o(.constdata) for .constdata
    rredf.o(.constdata) refers (Special) to usenofp.o(x$fpl$usenofp) for __I$use$fp
    sys_command.o(.text) refers (Special) to use_no_semi.o(.text) for __I$use$semihosting
    sys_command.o(.text) refers (Special) to indicate_semi.o(.text) for __semihosting_library_function
    sys_command_hlt.o(.text) refers (Special) to use_no_semi.o(.text) for __I$use$semihosting
    sys_command_hlt.o(.text) refers (Special) to indicate_semi.o(.text) for __semihosting_library_function
    libspace.o(.text) refers to libspace.o(.bss) for __libspace_start
    __rtentry2.o(.ARM.Collect$$rtentry$$00000008) refers to boardinit2.o(.text) for _platform_post_stackheap_init
    __rtentry2.o(.ARM.Collect$$rtentry$$0000000A) refers to libinit.o(.ARM.Collect$$libinit$$00000000) for __rt_lib_init
    __rtentry2.o(.ARM.Collect$$rtentry$$0000000B) refers to boardinit3.o(.text) for _platform_post_lib_init
    __rtentry2.o(.ARM.Collect$$rtentry$$0000000D) refers to main.o(.text.main) for main
    __rtentry2.o(.ARM.Collect$$rtentry$$0000000D) refers to exit.o(.text) for exit
    __rtentry2.o(.ARM.exidx) refers to __rtentry2.o(.ARM.Collect$$rtentry$$00000001) for .ARM.Collect$$rtentry$$00000001
    __rtentry2.o(.ARM.exidx) refers to __rtentry2.o(.ARM.Collect$$rtentry$$00000008) for .ARM.Collect$$rtentry$$00000008
    __rtentry2.o(.ARM.exidx) refers to __rtentry2.o(.ARM.Collect$$rtentry$$0000000A) for .ARM.Collect$$rtentry$$0000000A
    __rtentry2.o(.ARM.exidx) refers to __rtentry2.o(.ARM.Collect$$rtentry$$0000000B) for .ARM.Collect$$rtentry$$0000000B
    __rtentry2.o(.ARM.exidx) refers to __rtentry2.o(.ARM.Collect$$rtentry$$0000000D) for .ARM.Collect$$rtentry$$0000000D
    __rtentry4.o(.ARM.Collect$$rtentry$$00000004) refers to sys_stackheap_outer.o(.text) for __user_setup_stackheap
    __rtentry4.o(.ARM.exidx) refers to __rtentry4.o(.ARM.Collect$$rtentry$$00000004) for .ARM.Collect$$rtentry$$00000004
    rt_div0.o(.text) refers to defsig_fpe_outer.o(.text) for __rt_SIGFPE
    rt_errno_addr.o(.text) refers to rt_errno_addr.o(.bss) for __aeabi_errno_addr_data
    rt_errno_addr_intlibspace.o(.text) refers to libspace.o(.bss) for __libspace_start
    maybetermalloc2.o(.text) refers (Special) to term_alloc.o(.text) for _terminate_alloc
    h1_extend.o(.text) refers to h1_free.o(.text) for free
    h1_extend_threads.o(.text) refers to h1_free_threads.o(.text) for free_internal$concurrent
    defsig_rtmem_outer.o(.text) refers to defsig_rtmem_inner.o(.text) for __rt_SIGRTMEM_inner
    defsig_rtmem_outer.o(.text) refers to defsig_exit.o(.text) for __sig_exit
    defsig_rtmem_formal.o(.text) refers to rt_raise.o(.text) for __rt_raise
    heapauxa.o(.text) refers to heapauxa.o(.data) for .data
    argv_veneer.o(.emb_text) refers to no_argv.o(.text) for __ARM_get_argv
    dcmpi.o(x$fpl$dcmpinf) refers (Special) to usenofp.o(x$fpl$usenofp) for __I$use$fp
    sys_stackheap_outer.o(.text) refers to libspace.o(.text) for __user_perproc_libspace
    sys_stackheap_outer.o(.text) refers to startup_stm32f407xx.o(.text) for __user_initial_stackheap
    rt_raise.o(.text) refers to __raise.o(.text) for __raise
    rt_raise.o(.text) refers to sys_exit.o(.text) for _sys_exit
    term_alloc.o(.text) refers (Special) to libshutdown2.o(.ARM.Collect$$libshutdown$$0000000E) for __rt_lib_shutdown_heap_2
    term_alloc.o(.text) refers to rt_heap_descriptor_intlibspace.o(.text) for __rt_heap_descriptor
    term_alloc.o(.text) refers to h1_final.o(.text) for __Heap_Finalize
    exit.o(.text) refers to rtexit.o(.ARM.Collect$$rtexit$$00000000) for __rt_exit
    defsig_exit.o(.text) refers to sys_exit.o(.text) for _sys_exit
    defsig_fpe_outer.o(.text) refers to defsig_fpe_inner.o(.text) for __rt_SIGFPE_inner
    defsig_fpe_outer.o(.text) refers to defsig_exit.o(.text) for __sig_exit
    defsig_fpe_formal.o(.text) refers to rt_raise.o(.text) for __rt_raise
    defsig_rtmem_inner.o(.text) refers to defsig_general.o(.text) for __default_signal_display
    _get_argv_nomalloc.o(.text) refers (Special) to hrguard.o(.text) for __heap_region$guard
    _get_argv_nomalloc.o(.text) refers to defsig_rtmem_outer.o(.text) for __rt_SIGRTMEM
    _get_argv_nomalloc.o(.text) refers to sys_command.o(.text) for _sys_command_string
    libinit.o(.ARM.Collect$$libinit$$00000000) refers (Special) to libinit2.o(.ARM.Collect$$libinit$$00000030) for __rt_lib_init_alloca_1
    libinit.o(.ARM.Collect$$libinit$$00000000) refers (Special) to libinit2.o(.ARM.Collect$$libinit$$0000002E) for __rt_lib_init_argv_1
    libinit.o(.ARM.Collect$$libinit$$00000000) refers (Special) to libinit2.o(.ARM.Collect$$libinit$$0000001D) for __rt_lib_init_atexit_1
    libinit.o(.ARM.Collect$$libinit$$00000000) refers (Special) to libinit2.o(.ARM.Collect$$libinit$$00000023) for __rt_lib_init_clock_1
    libinit.o(.ARM.Collect$$libinit$$00000000) refers (Special) to libinit2.o(.ARM.Collect$$libinit$$00000034) for __rt_lib_init_cpp_1
    libinit.o(.ARM.Collect$$libinit$$00000000) refers (Special) to libinit2.o(.ARM.Collect$$libinit$$00000032) for __rt_lib_init_exceptions_1
    libinit.o(.ARM.Collect$$libinit$$00000000) refers (Special) to libinit2.o(.ARM.Collect$$libinit$$00000001) for __rt_lib_init_fp_1
    libinit.o(.ARM.Collect$$libinit$$00000000) refers (Special) to libinit2.o(.ARM.Collect$$libinit$$00000021) for __rt_lib_init_fp_trap_1
    libinit.o(.ARM.Collect$$libinit$$00000000) refers (Special) to libinit2.o(.ARM.Collect$$libinit$$00000025) for __rt_lib_init_getenv_1
    libinit.o(.ARM.Collect$$libinit$$00000000) refers (Special) to libinit2.o(.ARM.Collect$$libinit$$0000000C) for __rt_lib_init_heap_1
    libinit.o(.ARM.Collect$$libinit$$00000000) refers (Special) to libinit2.o(.ARM.Collect$$libinit$$00000013) for __rt_lib_init_lc_collate_1
    libinit.o(.ARM.Collect$$libinit$$00000000) refers (Special) to libinit2.o(.ARM.Collect$$libinit$$00000015) for __rt_lib_init_lc_ctype_1
    libinit.o(.ARM.Collect$$libinit$$00000000) refers (Special) to libinit2.o(.ARM.Collect$$libinit$$00000017) for __rt_lib_init_lc_monetary_1
    libinit.o(.ARM.Collect$$libinit$$00000000) refers (Special) to libinit2.o(.ARM.Collect$$libinit$$00000019) for __rt_lib_init_lc_numeric_1
    libinit.o(.ARM.Collect$$libinit$$00000000) refers (Special) to libinit2.o(.ARM.Collect$$libinit$$0000001B) for __rt_lib_init_lc_time_1
    libinit.o(.ARM.Collect$$libinit$$00000000) refers (Special) to libinit2.o(.ARM.Collect$$libinit$$00000006) for __rt_lib_init_preinit_1
    libinit.o(.ARM.Collect$$libinit$$00000000) refers (Special) to libinit2.o(.ARM.Collect$$libinit$$00000010) for __rt_lib_init_rand_1
    libinit.o(.ARM.Collect$$libinit$$00000000) refers (Special) to libinit2.o(.ARM.Collect$$libinit$$00000004) for __rt_lib_init_relocate_pie_1
    libinit.o(.ARM.Collect$$libinit$$00000000) refers (Special) to libinit2.o(.ARM.Collect$$libinit$$00000035) for __rt_lib_init_return
    libinit.o(.ARM.Collect$$libinit$$00000000) refers (Special) to libinit2.o(.ARM.Collect$$libinit$$0000001F) for __rt_lib_init_signal_1
    libinit.o(.ARM.Collect$$libinit$$00000000) refers (Special) to libinit2.o(.ARM.Collect$$libinit$$00000027) for __rt_lib_init_stdio_1
    libinit.o(.ARM.Collect$$libinit$$00000000) refers (Special) to libinit2.o(.ARM.Collect$$libinit$$0000000E) for __rt_lib_init_user_alloc_1
    sys_exit.o(.text) refers (Special) to use_no_semi.o(.text) for __I$use$semihosting
    sys_exit.o(.text) refers (Special) to indicate_semi.o(.text) for __semihosting_library_function
    sys_exit_hlt.o(.text) refers (Special) to use_no_semi.o(.text) for __I$use$semihosting
    sys_exit_hlt.o(.text) refers (Special) to indicate_semi.o(.text) for __semihosting_library_function
    rtexit.o(.ARM.Collect$$rtexit$$00000000) refers (Special) to rtexit2.o(.ARM.Collect$$rtexit$$00000004) for __rt_exit_exit
    rtexit.o(.ARM.Collect$$rtexit$$00000000) refers (Special) to rtexit2.o(.ARM.Collect$$rtexit$$00000003) for __rt_exit_ls
    rtexit.o(.ARM.Collect$$rtexit$$00000000) refers (Special) to rtexit2.o(.ARM.Collect$$rtexit$$00000002) for __rt_exit_prels_1
    rtexit.o(.ARM.exidx) refers (Special) to rtexit2.o(.ARM.Collect$$rtexit$$00000004) for __rt_exit_exit
    rtexit.o(.ARM.exidx) refers (Special) to rtexit2.o(.ARM.Collect$$rtexit$$00000003) for __rt_exit_ls
    rtexit.o(.ARM.exidx) refers (Special) to rtexit2.o(.ARM.Collect$$rtexit$$00000002) for __rt_exit_prels_1
    rtexit.o(.ARM.exidx) refers to rtexit.o(.ARM.Collect$$rtexit$$00000000) for .ARM.Collect$$rtexit$$00000000
    __raise.o(.text) refers to defsig.o(CL$$defsig) for __default_signal_handler
    defsig_general.o(.text) refers to sys_wrch.o(.text) for _ttywrch
    defsig_fpe_inner.o(.text) refers to defsig_general.o(.text) for __default_signal_display
    libshutdown2.o(.ARM.Collect$$libshutdown$$0000000D) refers (Weak) to term_alloc.o(.text) for _terminate_alloc
    sys_wrch.o(.text) refers (Special) to use_no_semi.o(.text) for __I$use$semihosting
    sys_wrch.o(.text) refers (Special) to indicate_semi.o(.text) for __semihosting_library_function
    sys_wrch_hlt.o(.text) refers (Special) to use_no_semi.o(.text) for __I$use$semihosting
    sys_wrch_hlt.o(.text) refers (Special) to indicate_semi.o(.text) for __semihosting_library_function
    rtexit2.o(.ARM.Collect$$rtexit$$00000003) refers to libshutdown.o(.ARM.Collect$$libshutdown$$00000000) for __rt_lib_shutdown
    rtexit2.o(.ARM.Collect$$rtexit$$00000004) refers to sys_exit.o(.text) for _sys_exit
    rtexit2.o(.ARM.exidx) refers to rtexit2.o(.ARM.Collect$$rtexit$$00000001) for .ARM.Collect$$rtexit$$00000001
    rtexit2.o(.ARM.exidx) refers to rtexit2.o(.ARM.Collect$$rtexit$$00000003) for .ARM.Collect$$rtexit$$00000003
    rtexit2.o(.ARM.exidx) refers to rtexit2.o(.ARM.Collect$$rtexit$$00000004) for .ARM.Collect$$rtexit$$00000004
    defsig.o(CL$$defsig) refers to defsig_fpe_inner.o(.text) for __rt_SIGFPE_inner
    defsig.o(CL$$defsig) refers to defsig_rtmem_inner.o(.text) for __rt_SIGRTMEM_inner
    defsig_abrt_inner.o(.text) refers to defsig_general.o(.text) for __default_signal_display
    defsig_rtred_inner.o(.text) refers to defsig_general.o(.text) for __default_signal_display
    defsig_stak_inner.o(.text) refers to defsig_general.o(.text) for __default_signal_display
    defsig_pvfn_inner.o(.text) refers to defsig_general.o(.text) for __default_signal_display
    defsig_cppl_inner.o(.text) refers to defsig_general.o(.text) for __default_signal_display
    defsig_segv_inner.o(.text) refers to defsig_general.o(.text) for __default_signal_display
    defsig_other.o(.text) refers to defsig_general.o(.text) for __default_signal_display
    libshutdown.o(.ARM.Collect$$libshutdown$$00000000) refers (Special) to libshutdown2.o(.ARM.Collect$$libshutdown$$00000002) for __rt_lib_shutdown_cpp_1
    libshutdown.o(.ARM.Collect$$libshutdown$$00000000) refers (Special) to libshutdown2.o(.ARM.Collect$$libshutdown$$00000007) for __rt_lib_shutdown_fp_trap_1
    libshutdown.o(.ARM.Collect$$libshutdown$$00000000) refers (Special) to libshutdown2.o(.ARM.Collect$$libshutdown$$0000000F) for __rt_lib_shutdown_heap_1
    libshutdown.o(.ARM.Collect$$libshutdown$$00000000) refers (Special) to libshutdown2.o(.ARM.Collect$$libshutdown$$00000010) for __rt_lib_shutdown_return
    libshutdown.o(.ARM.Collect$$libshutdown$$00000000) refers (Special) to libshutdown2.o(.ARM.Collect$$libshutdown$$0000000A) for __rt_lib_shutdown_signal_1
    libshutdown.o(.ARM.Collect$$libshutdown$$00000000) refers (Special) to libshutdown2.o(.ARM.Collect$$libshutdown$$00000004) for __rt_lib_shutdown_stdio_1
    libshutdown.o(.ARM.Collect$$libshutdown$$00000000) refers (Special) to libshutdown2.o(.ARM.Collect$$libshutdown$$0000000C) for __rt_lib_shutdown_user_alloc_1

